[1m[95mProof of:[94m (f(g(b), h(a, x)) or f(g(z), h(c, y)) <--> âˆƒ v(15) ; v(16) ; v(17) . ((v(15) === b) and (v(16) === a) and (v(17) === x) or (v(15) === z) and (v(16) === c) and (v(17) === y)) and f(g(v(15)), h(v(16), v(17))))  [0m
(1)(âˆƒ v(10) . (f(g(b), h(a, x)) <--> v(10) and (v(10) === f(g(b), h(a, x))))) [e-subst] ;

(2)((f(g(b), h(a, x)) <--> âˆƒ v(10) . v(10) and (v(10) === f(g(b), h(a, x)))) <--> âˆƒ v(10) . (f(g(b), h(a, x)) <--> v(10) and (v(10) === f(g(b), h(a, x))))) [e-scope] ;

(3)(f(g(b), h(a, x)) <--> âˆƒ v(10) . v(10) and (v(10) === f(g(b), h(a, x)))) [modus-ponens(1, 2)] ;

(4)(âˆƒ v(10) . (f(g(z), h(c, y)) <--> v(10) and (v(10) === f(g(z), h(c, y))))) [e-subst] ;

(5)((f(g(z), h(c, y)) <--> âˆƒ v(10) . v(10) and (v(10) === f(g(z), h(c, y)))) <--> âˆƒ v(10) . (f(g(z), h(c, y)) <--> v(10) and (v(10) === f(g(z), h(c, y))))) [e-scope] ;

(6)(f(g(z), h(c, y)) <--> âˆƒ v(10) . v(10) and (v(10) === f(g(z), h(c, y)))) [modus-ponens(4, 5)] ;

(7)(f(g(b), h(a, x)) or f(g(z), h(c, y)) <--> (âˆƒ v(10) . v(10) and (v(10) === f(g(b), h(a, x)))) or (âˆƒ v(10) . v(10) and (v(10) === f(g(z), h(c, y))))) [eqv-or(3, 6)] ;

(8)((âˆƒ v(10) . v(10) and (v(10) === f(g(b), h(a, x)))) or (âˆƒ v(10) . v(10) and (v(10) === f(g(z), h(c, y)))) <--> âˆƒ v(10) . v(10) and (v(10) === f(g(b), h(a, x))) or v(10) and (v(10) === f(g(z), h(c, y)))) [e-collapse] ;

(9)(v(10) and ((v(10) === f(g(b), h(a, x))) or (v(10) === f(g(z), h(c, y)))) <--> v(10) and (v(10) === f(g(b), h(a, x))) or v(10) and (v(10) === f(g(z), h(c, y)))) [and-or-distr] ;

(10)((âˆƒ v(10) . v(10) and ((v(10) === f(g(b), h(a, x))) or (v(10) === f(g(z), h(c, y))))) <--> âˆƒ v(10) . v(10) and (v(10) === f(g(b), h(a, x))) or v(10) and (v(10) === f(g(z), h(c, y)))) [e-context(9)] ;

(11)(f(g(b), h(a, x)) or f(g(z), h(c, y)) <--> âˆƒ v(10) . v(10) and (v(10) === f(g(b), h(a, x))) or v(10) and (v(10) === f(g(z), h(c, y)))) [eqv-tranz(7, 8)] ;

(12)(f(g(b), h(a, x)) or f(g(z), h(c, y)) <--> âˆƒ v(10) . v(10) and ((v(10) === f(g(b), h(a, x))) or (v(10) === f(g(z), h(c, y))))) [eqv-tranz(11, 10)] ;

(13)((v(10) === f(g(b), h(a, x))) <--> âˆƒ v(13) ; v(14) . (v(10) === f(v(13), v(14))) and (v(13) === g(b)) and (v(14) === h(a, x))) [e-gen] ;

(14)((v(10) === f(g(b), h(a, x))) <--> âˆƒ v(13) ; v(14) . (v(10) === f(v(13), v(14))) and (v(13) === g(b)) and (v(14) === h(a, x))) [and-eqv-intro(13)] ;

(15)((âˆƒ v(13) ; v(14) . (v(10) === f(v(13), v(14))) and (v(13) === g(b)) and (v(14) === h(a, x))) <--> âˆƒ v(13) ; v(14) . (v(10) === f(v(13), v(14))) and (v(13) === g(b)) and (v(14) === h(a, x))) [e-scope] ;

(16)((v(10) === f(g(b), h(a, x))) <--> âˆƒ v(13) ; v(14) . (v(10) === f(v(13), v(14))) and (v(13) === g(b)) and (v(14) === h(a, x))) [eqv-tranz(14, 15)] ;

(17)((v(10) === f(g(z), h(c, y))) <--> âˆƒ v(13) ; v(14) . (v(10) === f(v(13), v(14))) and (v(13) === g(z)) and (v(14) === h(c, y))) [e-gen] ;

(18)((v(10) === f(g(z), h(c, y))) <--> âˆƒ v(13) ; v(14) . (v(10) === f(v(13), v(14))) and (v(13) === g(z)) and (v(14) === h(c, y))) [and-eqv-intro(17)] ;

(19)((âˆƒ v(13) ; v(14) . (v(10) === f(v(13), v(14))) and (v(13) === g(z)) and (v(14) === h(c, y))) <--> âˆƒ v(13) ; v(14) . (v(10) === f(v(13), v(14))) and (v(13) === g(z)) and (v(14) === h(c, y))) [e-scope] ;

(20)((v(10) === f(g(z), h(c, y))) <--> âˆƒ v(13) ; v(14) . (v(10) === f(v(13), v(14))) and (v(13) === g(z)) and (v(14) === h(c, y))) [eqv-tranz(18, 19)] ;

(21)((v(10) === f(g(b), h(a, x))) or (v(10) === f(g(z), h(c, y))) <--> (âˆƒ v(13) ; v(14) . (v(10) === f(v(13), v(14))) and (v(13) === g(b)) and (v(14) === h(a, x))) or (âˆƒ v(13) ; v(14) . (v(10) === f(v(13), v(14))) and (v(13) === g(z)) and (v(14) === h(c, y)))) [eqv-or(16, 20)] ;

(22)((âˆƒ v(13) ; v(14) . (v(10) === f(v(13), v(14))) and (v(13) === g(b)) and (v(14) === h(a, x))) or (âˆƒ v(13) ; v(14) . (v(10) === f(v(13), v(14))) and (v(13) === g(z)) and (v(14) === h(c, y))) <--> âˆƒ v(13) ; v(14) . (v(10) === f(v(13), v(14))) and (v(13) === g(b)) and (v(14) === h(a, x)) or (v(10) === f(v(13), v(14))) and (v(13) === g(z)) and (v(14) === h(c, y))) [e-collapse] ;

(23)((v(10) === f(g(b), h(a, x))) or (v(10) === f(g(z), h(c, y))) <--> âˆƒ v(13) ; v(14) . (v(10) === f(v(13), v(14))) and (v(13) === g(b)) and (v(14) === h(a, x)) or (v(10) === f(v(13), v(14))) and (v(13) === g(z)) and (v(14) === h(c, y))) [eqv-tranz(21, 22)] ;

(24)(((v(13) === g(b)) and (v(14) === h(a, x)) or (v(13) === g(z)) and (v(14) === h(c, y))) and (v(10) === f(v(13), v(14))) <--> (v(10) === f(v(13), v(14))) and (v(13) === g(b)) and (v(14) === h(a, x)) or (v(10) === f(v(13), v(14))) and (v(13) === g(z)) and (v(14) === h(c, y))) [and-or-distr] ;

(25)((âˆƒ v(13) ; v(14) . ((v(13) === g(b)) and (v(14) === h(a, x)) or (v(13) === g(z)) and (v(14) === h(c, y))) and (v(10) === f(v(13), v(14)))) <--> âˆƒ v(13) ; v(14) . (v(10) === f(v(13), v(14))) and (v(13) === g(b)) and (v(14) === h(a, x)) or (v(10) === f(v(13), v(14))) and (v(13) === g(z)) and (v(14) === h(c, y))) [e-context(24)] ;

(26)((v(10) === f(g(b), h(a, x))) or (v(10) === f(g(z), h(c, y))) <--> âˆƒ v(13) ; v(14) . ((v(13) === g(b)) and (v(14) === h(a, x)) or (v(13) === g(z)) and (v(14) === h(c, y))) and (v(10) === f(v(13), v(14)))) [eqv-tranz(23, 25)] ;

(27)((âˆƒ v(10) . v(10) and ((v(10) === f(g(b), h(a, x))) or (v(10) === f(g(z), h(c, y))))) <--> âˆƒ v(10) . v(10) and (âˆƒ v(13) ; v(14) . ((v(13) === g(b)) and (v(14) === h(a, x)) or (v(13) === g(z)) and (v(14) === h(c, y))) and (v(10) === f(v(13), v(14))))) [e-context(26)] ;

(28)(v(10) and (âˆƒ v(13) ; v(14) . ((v(13) === g(b)) and (v(14) === h(a, x)) or (v(13) === g(z)) and (v(14) === h(c, y))) and (v(10) === f(v(13), v(14)))) <--> âˆƒ v(13) ; v(14) . v(10) and ((v(13) === g(b)) and (v(14) === h(a, x)) or (v(13) === g(z)) and (v(14) === h(c, y))) and (v(10) === f(v(13), v(14)))) [e-scope] ;

(29)((âˆƒ v(10) . v(10) and (âˆƒ v(13) ; v(14) . ((v(13) === g(b)) and (v(14) === h(a, x)) or (v(13) === g(z)) and (v(14) === h(c, y))) and (v(10) === f(v(13), v(14))))) <--> âˆƒ v(10) . âˆƒ v(13) ; v(14) . v(10) and ((v(13) === g(b)) and (v(14) === h(a, x)) or (v(13) === g(z)) and (v(14) === h(c, y))) and (v(10) === f(v(13), v(14)))) [e-context(28)] ;

(30)((âˆƒ v(10) . âˆƒ v(13) ; v(14) . v(10) and ((v(13) === g(b)) and (v(14) === h(a, x)) or (v(13) === g(z)) and (v(14) === h(c, y))) and (v(10) === f(v(13), v(14)))) <--> âˆƒ v(10) ; v(13) ; v(14) . v(10) and ((v(13) === g(b)) and (v(14) === h(a, x)) or (v(13) === g(z)) and (v(14) === h(c, y))) and (v(10) === f(v(13), v(14)))) [e-set] ;

(31)((âˆƒ v(10) . v(10) and (âˆƒ v(13) ; v(14) . ((v(13) === g(b)) and (v(14) === h(a, x)) or (v(13) === g(z)) and (v(14) === h(c, y))) and (v(10) === f(v(13), v(14))))) <--> âˆƒ v(10) ; v(13) ; v(14) . v(10) and ((v(13) === g(b)) and (v(14) === h(a, x)) or (v(13) === g(z)) and (v(14) === h(c, y))) and (v(10) === f(v(13), v(14)))) [eqv-tranz(29, 30)] ;

(32)(((v(13) === g(b)) and (v(14) === h(a, x)) or (v(13) === g(z)) and (v(14) === h(c, y))) and (âˆƒ v(10) . v(10) and (v(10) === f(v(13), v(14)))) <--> âˆƒ v(10) . v(10) and ((v(13) === g(b)) and (v(14) === h(a, x)) or (v(13) === g(z)) and (v(14) === h(c, y))) and (v(10) === f(v(13), v(14)))) [e-scope] ;

(33)((âˆƒ v(13) ; v(14) . ((v(13) === g(b)) and (v(14) === h(a, x)) or (v(13) === g(z)) and (v(14) === h(c, y))) and (âˆƒ v(10) . v(10) and (v(10) === f(v(13), v(14))))) <--> âˆƒ v(13) ; v(14) . âˆƒ v(10) . v(10) and ((v(13) === g(b)) and (v(14) === h(a, x)) or (v(13) === g(z)) and (v(14) === h(c, y))) and (v(10) === f(v(13), v(14)))) [e-context(32)] ;

(34)((âˆƒ v(13) ; v(14) . âˆƒ v(10) . v(10) and ((v(13) === g(b)) and (v(14) === h(a, x)) or (v(13) === g(z)) and (v(14) === h(c, y))) and (v(10) === f(v(13), v(14)))) <--> âˆƒ v(10) ; v(13) ; v(14) . v(10) and ((v(13) === g(b)) and (v(14) === h(a, x)) or (v(13) === g(z)) and (v(14) === h(c, y))) and (v(10) === f(v(13), v(14)))) [e-set] ;

(35)((âˆƒ v(13) ; v(14) . ((v(13) === g(b)) and (v(14) === h(a, x)) or (v(13) === g(z)) and (v(14) === h(c, y))) and (âˆƒ v(10) . v(10) and (v(10) === f(v(13), v(14))))) <--> âˆƒ v(10) ; v(13) ; v(14) . v(10) and ((v(13) === g(b)) and (v(14) === h(a, x)) or (v(13) === g(z)) and (v(14) === h(c, y))) and (v(10) === f(v(13), v(14)))) [eqv-tranz(34, 33)] ;

(36)(âˆƒ v(10) . (f(v(13), v(14)) <--> v(10) and (v(10) === f(v(13), v(14))))) [e-subst] ;

(37)((f(v(13), v(14)) <--> âˆƒ v(10) . v(10) and (v(10) === f(v(13), v(14)))) <--> âˆƒ v(10) . (f(v(13), v(14)) <--> v(10) and (v(10) === f(v(13), v(14))))) [e-scope] ;

(38)(f(v(13), v(14)) <--> âˆƒ v(10) . v(10) and (v(10) === f(v(13), v(14)))) [modus-ponens(36, 37)] ;

(39)((âˆƒ v(13) ; v(14) . ((v(13) === g(b)) and (v(14) === h(a, x)) or (v(13) === g(z)) and (v(14) === h(c, y))) and f(v(13), v(14))) <--> âˆƒ v(13) ; v(14) . ((v(13) === g(b)) and (v(14) === h(a, x)) or (v(13) === g(z)) and (v(14) === h(c, y))) and (âˆƒ v(10) . v(10) and (v(10) === f(v(13), v(14))))) [e-context(38)] ;

(40)((âˆƒ .Vars . âˆƒ v(13) ; v(14) . ((v(13) === g(b)) and (v(14) === h(a, x)) or (v(13) === g(z)) and (v(14) === h(c, y))) and f(v(13), v(14))) <--> âˆƒ .Vars . âˆƒ v(13) ; v(14) . ((v(13) === g(b)) and (v(14) === h(a, x)) or (v(13) === g(z)) and (v(14) === h(c, y))) and (âˆƒ v(10) . v(10) and (v(10) === f(v(13), v(14))))) [e-context(39)] ;

(41)((âˆƒ .Vars . âˆƒ v(13) ; v(14) . ((v(13) === g(b)) and (v(14) === h(a, x)) or (v(13) === g(z)) and (v(14) === h(c, y))) and (âˆƒ v(10) . v(10) and (v(10) === f(v(13), v(14))))) <--> âˆƒ v(13) ; v(14) . ((v(13) === g(b)) and (v(14) === h(a, x)) or (v(13) === g(z)) and (v(14) === h(c, y))) and (âˆƒ v(10) . v(10) and (v(10) === f(v(13), v(14))))) [e-set] ;

(42)((âˆƒ .Vars . âˆƒ v(13) ; v(14) . ((v(13) === g(b)) and (v(14) === h(a, x)) or (v(13) === g(z)) and (v(14) === h(c, y))) and f(v(13), v(14))) <--> âˆƒ v(13) ; v(14) . ((v(13) === g(b)) and (v(14) === h(a, x)) or (v(13) === g(z)) and (v(14) === h(c, y))) and f(v(13), v(14))) [e-set] ;

(43)((âˆƒ .Vars . âˆƒ v(13) ; v(14) . ((v(13) === g(b)) and (v(14) === h(a, x)) or (v(13) === g(z)) and (v(14) === h(c, y))) and f(v(13), v(14))) <--> âˆƒ v(13) ; v(14) . ((v(13) === g(b)) and (v(14) === h(a, x)) or (v(13) === g(z)) and (v(14) === h(c, y))) and (âˆƒ v(10) . v(10) and (v(10) === f(v(13), v(14))))) [eqv-tranz(41, 40)] ;

(44)((âˆƒ v(13) ; v(14) . ((v(13) === g(b)) and (v(14) === h(a, x)) or (v(13) === g(z)) and (v(14) === h(c, y))) and f(v(13), v(14))) <--> âˆƒ v(13) ; v(14) . ((v(13) === g(b)) and (v(14) === h(a, x)) or (v(13) === g(z)) and (v(14) === h(c, y))) and (âˆƒ v(10) . v(10) and (v(10) === f(v(13), v(14))))) [eqv-tranz(43, 42)] ;

(45)((âˆƒ v(10) . v(10) and ((v(10) === f(g(b), h(a, x))) or (v(10) === f(g(z), h(c, y))))) <--> âˆƒ v(10) ; v(13) ; v(14) . v(10) and ((v(13) === g(b)) and (v(14) === h(a, x)) or (v(13) === g(z)) and (v(14) === h(c, y))) and (v(10) === f(v(13), v(14)))) [eqv-tranz(27, 31)] ;

(46)((âˆƒ v(10) . v(10) and ((v(10) === f(g(b), h(a, x))) or (v(10) === f(g(z), h(c, y))))) <--> âˆƒ v(13) ; v(14) . ((v(13) === g(b)) and (v(14) === h(a, x)) or (v(13) === g(z)) and (v(14) === h(c, y))) and (âˆƒ v(10) . v(10) and (v(10) === f(v(13), v(14))))) [eqv-tranz(45, 35)] ;

(47)((âˆƒ v(10) . v(10) and ((v(10) === f(g(b), h(a, x))) or (v(10) === f(g(z), h(c, y))))) <--> âˆƒ v(13) ; v(14) . ((v(13) === g(b)) and (v(14) === h(a, x)) or (v(13) === g(z)) and (v(14) === h(c, y))) and f(v(13), v(14))) [eqv-tranz(44, 46)] ;

(48)(f(g(b), h(a, x)) or f(g(z), h(c, y)) <--> âˆƒ v(13) ; v(14) . ((v(13) === g(b)) and (v(14) === h(a, x)) or (v(13) === g(z)) and (v(14) === h(c, y))) and f(v(13), v(14))) [eqv-tranz(12, 47)] ;

(49)((v(13) === g(b)) <--> âˆƒ v(15) . (v(13) === g(v(15))) and (v(15) === b)) [e-gen] ;

(50)((v(13) === g(b)) and (v(14) === h(a, x)) <--> (v(14) === h(a, x)) and (âˆƒ v(15) . (v(13) === g(v(15))) and (v(15) === b))) [and-eqv-intro(49)] ;

(51)((v(14) === h(a, x)) and (âˆƒ v(15) . (v(13) === g(v(15))) and (v(15) === b)) <--> âˆƒ v(15) . (v(13) === g(v(15))) and (v(14) === h(a, x)) and (v(15) === b)) [e-scope] ;

(52)((v(13) === g(b)) and (v(14) === h(a, x)) <--> âˆƒ v(15) . (v(13) === g(v(15))) and (v(14) === h(a, x)) and (v(15) === b)) [eqv-tranz(50, 51)] ;

(53)((v(13) === g(z)) <--> âˆƒ v(15) . (v(13) === g(v(15))) and (v(15) === z)) [e-gen] ;

(54)((v(13) === g(z)) and (v(14) === h(c, y)) <--> (v(14) === h(c, y)) and (âˆƒ v(15) . (v(13) === g(v(15))) and (v(15) === z))) [and-eqv-intro(53)] ;

(55)((v(14) === h(c, y)) and (âˆƒ v(15) . (v(13) === g(v(15))) and (v(15) === z)) <--> âˆƒ v(15) . (v(13) === g(v(15))) and (v(14) === h(c, y)) and (v(15) === z)) [e-scope] ;

(56)((v(13) === g(z)) and (v(14) === h(c, y)) <--> âˆƒ v(15) . (v(13) === g(v(15))) and (v(14) === h(c, y)) and (v(15) === z)) [eqv-tranz(54, 55)] ;

(57)((v(13) === g(b)) and (v(14) === h(a, x)) or (v(13) === g(z)) and (v(14) === h(c, y)) <--> (âˆƒ v(15) . (v(13) === g(v(15))) and (v(14) === h(a, x)) and (v(15) === b)) or (âˆƒ v(15) . (v(13) === g(v(15))) and (v(14) === h(c, y)) and (v(15) === z))) [eqv-or(52, 56)] ;

(58)((âˆƒ v(15) . (v(13) === g(v(15))) and (v(14) === h(a, x)) and (v(15) === b)) or (âˆƒ v(15) . (v(13) === g(v(15))) and (v(14) === h(c, y)) and (v(15) === z)) <--> âˆƒ v(15) . (v(13) === g(v(15))) and (v(14) === h(a, x)) and (v(15) === b) or (v(13) === g(v(15))) and (v(14) === h(c, y)) and (v(15) === z)) [e-collapse] ;

(59)((v(13) === g(b)) and (v(14) === h(a, x)) or (v(13) === g(z)) and (v(14) === h(c, y)) <--> âˆƒ v(15) . (v(13) === g(v(15))) and (v(14) === h(a, x)) and (v(15) === b) or (v(13) === g(v(15))) and (v(14) === h(c, y)) and (v(15) === z)) [eqv-tranz(57, 58)] ;

(60)(((v(14) === h(a, x)) and (v(15) === b) or (v(14) === h(c, y)) and (v(15) === z)) and (v(13) === g(v(15))) <--> (v(13) === g(v(15))) and (v(14) === h(a, x)) and (v(15) === b) or (v(13) === g(v(15))) and (v(14) === h(c, y)) and (v(15) === z)) [and-or-distr] ;

(61)((âˆƒ v(15) . ((v(14) === h(a, x)) and (v(15) === b) or (v(14) === h(c, y)) and (v(15) === z)) and (v(13) === g(v(15)))) <--> âˆƒ v(15) . (v(13) === g(v(15))) and (v(14) === h(a, x)) and (v(15) === b) or (v(13) === g(v(15))) and (v(14) === h(c, y)) and (v(15) === z)) [e-context(60)] ;

(62)((v(13) === g(b)) and (v(14) === h(a, x)) or (v(13) === g(z)) and (v(14) === h(c, y)) <--> âˆƒ v(15) . ((v(14) === h(a, x)) and (v(15) === b) or (v(14) === h(c, y)) and (v(15) === z)) and (v(13) === g(v(15)))) [eqv-tranz(59, 61)] ;

(63)((âˆƒ v(13) ; v(14) . ((v(13) === g(b)) and (v(14) === h(a, x)) or (v(13) === g(z)) and (v(14) === h(c, y))) and f(v(13), v(14))) <--> âˆƒ v(13) ; v(14) . f(v(13), v(14)) and (âˆƒ v(15) . ((v(14) === h(a, x)) and (v(15) === b) or (v(14) === h(c, y)) and (v(15) === z)) and (v(13) === g(v(15))))) [e-context(62)] ;

(64)(f(v(13), v(14)) and (âˆƒ v(15) . ((v(14) === h(a, x)) and (v(15) === b) or (v(14) === h(c, y)) and (v(15) === z)) and (v(13) === g(v(15)))) <--> âˆƒ v(15) . ((v(14) === h(a, x)) and (v(15) === b) or (v(14) === h(c, y)) and (v(15) === z)) and f(v(13), v(14)) and (v(13) === g(v(15)))) [e-scope] ;

(65)((âˆƒ v(13) ; v(14) . f(v(13), v(14)) and (âˆƒ v(15) . ((v(14) === h(a, x)) and (v(15) === b) or (v(14) === h(c, y)) and (v(15) === z)) and (v(13) === g(v(15))))) <--> âˆƒ v(13) ; v(14) . âˆƒ v(15) . ((v(14) === h(a, x)) and (v(15) === b) or (v(14) === h(c, y)) and (v(15) === z)) and f(v(13), v(14)) and (v(13) === g(v(15)))) [e-context(64)] ;

(66)((âˆƒ v(13) ; v(14) . âˆƒ v(15) . ((v(14) === h(a, x)) and (v(15) === b) or (v(14) === h(c, y)) and (v(15) === z)) and f(v(13), v(14)) and (v(13) === g(v(15)))) <--> âˆƒ v(13) ; v(14) ; v(15) . ((v(14) === h(a, x)) and (v(15) === b) or (v(14) === h(c, y)) and (v(15) === z)) and f(v(13), v(14)) and (v(13) === g(v(15)))) [e-set] ;

(67)((âˆƒ v(13) ; v(14) . f(v(13), v(14)) and (âˆƒ v(15) . ((v(14) === h(a, x)) and (v(15) === b) or (v(14) === h(c, y)) and (v(15) === z)) and (v(13) === g(v(15))))) <--> âˆƒ v(13) ; v(14) ; v(15) . ((v(14) === h(a, x)) and (v(15) === b) or (v(14) === h(c, y)) and (v(15) === z)) and f(v(13), v(14)) and (v(13) === g(v(15)))) [eqv-tranz(65, 66)] ;

(68)(((v(14) === h(a, x)) and (v(15) === b) or (v(14) === h(c, y)) and (v(15) === z)) and (âˆƒ v(13) . f(v(13), v(14)) and (v(13) === g(v(15)))) <--> âˆƒ v(13) . ((v(14) === h(a, x)) and (v(15) === b) or (v(14) === h(c, y)) and (v(15) === z)) and f(v(13), v(14)) and (v(13) === g(v(15)))) [e-scope] ;

(69)((âˆƒ v(14) ; v(15) . ((v(14) === h(a, x)) and (v(15) === b) or (v(14) === h(c, y)) and (v(15) === z)) and (âˆƒ v(13) . f(v(13), v(14)) and (v(13) === g(v(15))))) <--> âˆƒ v(14) ; v(15) . âˆƒ v(13) . ((v(14) === h(a, x)) and (v(15) === b) or (v(14) === h(c, y)) and (v(15) === z)) and f(v(13), v(14)) and (v(13) === g(v(15)))) [e-context(68)] ;

(70)((âˆƒ v(14) ; v(15) . âˆƒ v(13) . ((v(14) === h(a, x)) and (v(15) === b) or (v(14) === h(c, y)) and (v(15) === z)) and f(v(13), v(14)) and (v(13) === g(v(15)))) <--> âˆƒ v(13) ; v(14) ; v(15) . ((v(14) === h(a, x)) and (v(15) === b) or (v(14) === h(c, y)) and (v(15) === z)) and f(v(13), v(14)) and (v(13) === g(v(15)))) [e-set] ;

(71)((âˆƒ v(14) ; v(15) . ((v(14) === h(a, x)) and (v(15) === b) or (v(14) === h(c, y)) and (v(15) === z)) and (âˆƒ v(13) . f(v(13), v(14)) and (v(13) === g(v(15))))) <--> âˆƒ v(13) ; v(14) ; v(15) . ((v(14) === h(a, x)) and (v(15) === b) or (v(14) === h(c, y)) and (v(15) === z)) and f(v(13), v(14)) and (v(13) === g(v(15)))) [eqv-tranz(70, 69)] ;

(72)(âˆƒ v(13) . (f(g(v(15)), v(14)) <--> f(v(13), v(14)) and (v(13) === g(v(15))))) [e-subst] ;

(73)((f(g(v(15)), v(14)) <--> âˆƒ v(13) . f(v(13), v(14)) and (v(13) === g(v(15)))) <--> âˆƒ v(13) . (f(g(v(15)), v(14)) <--> f(v(13), v(14)) and (v(13) === g(v(15))))) [e-scope] ;

(74)(f(g(v(15)), v(14)) <--> âˆƒ v(13) . f(v(13), v(14)) and (v(13) === g(v(15)))) [modus-ponens(72, 73)] ;

(75)((âˆƒ v(15) . ((v(14) === h(a, x)) and (v(15) === b) or (v(14) === h(c, y)) and (v(15) === z)) and f(g(v(15)), v(14))) <--> âˆƒ v(15) . ((v(14) === h(a, x)) and (v(15) === b) or (v(14) === h(c, y)) and (v(15) === z)) and (âˆƒ v(13) . f(v(13), v(14)) and (v(13) === g(v(15))))) [e-context(74)] ;

(76)((âˆƒ v(14) . âˆƒ v(15) . ((v(14) === h(a, x)) and (v(15) === b) or (v(14) === h(c, y)) and (v(15) === z)) and f(g(v(15)), v(14))) <--> âˆƒ v(14) . âˆƒ v(15) . ((v(14) === h(a, x)) and (v(15) === b) or (v(14) === h(c, y)) and (v(15) === z)) and (âˆƒ v(13) . f(v(13), v(14)) and (v(13) === g(v(15))))) [e-context(75)] ;

(77)((âˆƒ v(14) . âˆƒ v(15) . ((v(14) === h(a, x)) and (v(15) === b) or (v(14) === h(c, y)) and (v(15) === z)) and (âˆƒ v(13) . f(v(13), v(14)) and (v(13) === g(v(15))))) <--> âˆƒ v(14) ; v(15) . ((v(14) === h(a, x)) and (v(15) === b) or (v(14) === h(c, y)) and (v(15) === z)) and (âˆƒ v(13) . f(v(13), v(14)) and (v(13) === g(v(15))))) [e-set] ;

(78)((âˆƒ v(14) . âˆƒ v(15) . ((v(14) === h(a, x)) and (v(15) === b) or (v(14) === h(c, y)) and (v(15) === z)) and f(g(v(15)), v(14))) <--> âˆƒ v(14) ; v(15) . ((v(14) === h(a, x)) and (v(15) === b) or (v(14) === h(c, y)) and (v(15) === z)) and f(g(v(15)), v(14))) [e-set] ;

(79)((âˆƒ v(14) . âˆƒ v(15) . ((v(14) === h(a, x)) and (v(15) === b) or (v(14) === h(c, y)) and (v(15) === z)) and f(g(v(15)), v(14))) <--> âˆƒ v(14) ; v(15) . ((v(14) === h(a, x)) and (v(15) === b) or (v(14) === h(c, y)) and (v(15) === z)) and (âˆƒ v(13) . f(v(13), v(14)) and (v(13) === g(v(15))))) [eqv-tranz(77, 76)] ;

(80)((âˆƒ v(14) ; v(15) . ((v(14) === h(a, x)) and (v(15) === b) or (v(14) === h(c, y)) and (v(15) === z)) and f(g(v(15)), v(14))) <--> âˆƒ v(14) ; v(15) . ((v(14) === h(a, x)) and (v(15) === b) or (v(14) === h(c, y)) and (v(15) === z)) and (âˆƒ v(13) . f(v(13), v(14)) and (v(13) === g(v(15))))) [eqv-tranz(79, 78)] ;

(81)((âˆƒ v(13) ; v(14) . ((v(13) === g(b)) and (v(14) === h(a, x)) or (v(13) === g(z)) and (v(14) === h(c, y))) and f(v(13), v(14))) <--> âˆƒ v(13) ; v(14) ; v(15) . ((v(14) === h(a, x)) and (v(15) === b) or (v(14) === h(c, y)) and (v(15) === z)) and f(v(13), v(14)) and (v(13) === g(v(15)))) [eqv-tranz(63, 67)] ;

(82)((âˆƒ v(13) ; v(14) . ((v(13) === g(b)) and (v(14) === h(a, x)) or (v(13) === g(z)) and (v(14) === h(c, y))) and f(v(13), v(14))) <--> âˆƒ v(14) ; v(15) . ((v(14) === h(a, x)) and (v(15) === b) or (v(14) === h(c, y)) and (v(15) === z)) and (âˆƒ v(13) . f(v(13), v(14)) and (v(13) === g(v(15))))) [eqv-tranz(81, 71)] ;

(83)((âˆƒ v(13) ; v(14) . ((v(13) === g(b)) and (v(14) === h(a, x)) or (v(13) === g(z)) and (v(14) === h(c, y))) and f(v(13), v(14))) <--> âˆƒ v(14) ; v(15) . ((v(14) === h(a, x)) and (v(15) === b) or (v(14) === h(c, y)) and (v(15) === z)) and f(g(v(15)), v(14))) [eqv-tranz(80, 82)] ;

(84)(f(g(b), h(a, x)) or f(g(z), h(c, y)) <--> âˆƒ v(14) ; v(15) . ((v(14) === h(a, x)) and (v(15) === b) or (v(14) === h(c, y)) and (v(15) === z)) and f(g(v(15)), v(14))) [eqv-tranz(48, 83)] ;

(85)((v(14) === h(a, x)) <--> âˆƒ v(16) ; v(17) . (v(14) === h(v(16), v(17))) and (v(16) === a) and (v(17) === x)) [e-gen] ;

(86)((v(14) === h(a, x)) and (v(15) === b) <--> (v(15) === b) and (âˆƒ v(16) ; v(17) . (v(14) === h(v(16), v(17))) and (v(16) === a) and (v(17) === x))) [and-eqv-intro(85)] ;

(87)((v(15) === b) and (âˆƒ v(16) ; v(17) . (v(14) === h(v(16), v(17))) and (v(16) === a) and (v(17) === x)) <--> âˆƒ v(16) ; v(17) . (v(14) === h(v(16), v(17))) and (v(15) === b) and (v(16) === a) and (v(17) === x)) [e-scope] ;

(88)((v(14) === h(a, x)) and (v(15) === b) <--> âˆƒ v(16) ; v(17) . (v(14) === h(v(16), v(17))) and (v(15) === b) and (v(16) === a) and (v(17) === x)) [eqv-tranz(86, 87)] ;

(89)((v(14) === h(c, y)) <--> âˆƒ v(16) ; v(17) . (v(14) === h(v(16), v(17))) and (v(16) === c) and (v(17) === y)) [e-gen] ;

(90)((v(14) === h(c, y)) and (v(15) === z) <--> (v(15) === z) and (âˆƒ v(16) ; v(17) . (v(14) === h(v(16), v(17))) and (v(16) === c) and (v(17) === y))) [and-eqv-intro(89)] ;

(91)((v(15) === z) and (âˆƒ v(16) ; v(17) . (v(14) === h(v(16), v(17))) and (v(16) === c) and (v(17) === y)) <--> âˆƒ v(16) ; v(17) . (v(14) === h(v(16), v(17))) and (v(15) === z) and (v(16) === c) and (v(17) === y)) [e-scope] ;

(92)((v(14) === h(c, y)) and (v(15) === z) <--> âˆƒ v(16) ; v(17) . (v(14) === h(v(16), v(17))) and (v(15) === z) and (v(16) === c) and (v(17) === y)) [eqv-tranz(90, 91)] ;

(93)((v(14) === h(a, x)) and (v(15) === b) or (v(14) === h(c, y)) and (v(15) === z) <--> (âˆƒ v(16) ; v(17) . (v(14) === h(v(16), v(17))) and (v(15) === b) and (v(16) === a) and (v(17) === x)) or (âˆƒ v(16) ; v(17) . (v(14) === h(v(16), v(17))) and (v(15) === z) and (v(16) === c) and (v(17) === y))) [eqv-or(88, 92)] ;

(94)((âˆƒ v(16) ; v(17) . (v(14) === h(v(16), v(17))) and (v(15) === b) and (v(16) === a) and (v(17) === x)) or (âˆƒ v(16) ; v(17) . (v(14) === h(v(16), v(17))) and (v(15) === z) and (v(16) === c) and (v(17) === y)) <--> âˆƒ v(16) ; v(17) . (v(14) === h(v(16), v(17))) and (v(15) === b) and (v(16) === a) and (v(17) === x) or (v(14) === h(v(16), v(17))) and (v(15) === z) and (v(16) === c) and (v(17) === y)) [e-collapse] ;

(95)((v(14) === h(a, x)) and (v(15) === b) or (v(14) === h(c, y)) and (v(15) === z) <--> âˆƒ v(16) ; v(17) . (v(14) === h(v(16), v(17))) and (v(15) === b) and (v(16) === a) and (v(17) === x) or (v(14) === h(v(16), v(17))) and (v(15) === z) and (v(16) === c) and (v(17) === y)) [eqv-tranz(93, 94)] ;

(96)(((v(15) === b) and (v(16) === a) and (v(17) === x) or (v(15) === z) and (v(16) === c) and (v(17) === y)) and (v(14) === h(v(16), v(17))) <--> (v(14) === h(v(16), v(17))) and (v(15) === b) and (v(16) === a) and (v(17) === x) or (v(14) === h(v(16), v(17))) and (v(15) === z) and (v(16) === c) and (v(17) === y)) [and-or-distr] ;

(97)((âˆƒ v(16) ; v(17) . ((v(15) === b) and (v(16) === a) and (v(17) === x) or (v(15) === z) and (v(16) === c) and (v(17) === y)) and (v(14) === h(v(16), v(17)))) <--> âˆƒ v(16) ; v(17) . (v(14) === h(v(16), v(17))) and (v(15) === b) and (v(16) === a) and (v(17) === x) or (v(14) === h(v(16), v(17))) and (v(15) === z) and (v(16) === c) and (v(17) === y)) [e-context(96)] ;

(98)((v(14) === h(a, x)) and (v(15) === b) or (v(14) === h(c, y)) and (v(15) === z) <--> âˆƒ v(16) ; v(17) . ((v(15) === b) and (v(16) === a) and (v(17) === x) or (v(15) === z) and (v(16) === c) and (v(17) === y)) and (v(14) === h(v(16), v(17)))) [eqv-tranz(95, 97)] ;

(99)((âˆƒ v(14) ; v(15) . ((v(14) === h(a, x)) and (v(15) === b) or (v(14) === h(c, y)) and (v(15) === z)) and f(g(v(15)), v(14))) <--> âˆƒ v(14) ; v(15) . f(g(v(15)), v(14)) and (âˆƒ v(16) ; v(17) . ((v(15) === b) and (v(16) === a) and (v(17) === x) or (v(15) === z) and (v(16) === c) and (v(17) === y)) and (v(14) === h(v(16), v(17))))) [e-context(98)] ;

(100)(f(g(v(15)), v(14)) and (âˆƒ v(16) ; v(17) . ((v(15) === b) and (v(16) === a) and (v(17) === x) or (v(15) === z) and (v(16) === c) and (v(17) === y)) and (v(14) === h(v(16), v(17)))) <--> âˆƒ v(16) ; v(17) . ((v(15) === b) and (v(16) === a) and (v(17) === x) or (v(15) === z) and (v(16) === c) and (v(17) === y)) and f(g(v(15)), v(14)) and (v(14) === h(v(16), v(17)))) [e-scope] ;

(101)((âˆƒ v(14) ; v(15) . f(g(v(15)), v(14)) and (âˆƒ v(16) ; v(17) . ((v(15) === b) and (v(16) === a) and (v(17) === x) or (v(15) === z) and (v(16) === c) and (v(17) === y)) and (v(14) === h(v(16), v(17))))) <--> âˆƒ v(14) ; v(15) . âˆƒ v(16) ; v(17) . ((v(15) === b) and (v(16) === a) and (v(17) === x) or (v(15) === z) and (v(16) === c) and (v(17) === y)) and f(g(v(15)), v(14)) and (v(14) === h(v(16), v(17)))) [e-context(100)] ;

(102)((âˆƒ v(14) ; v(15) . âˆƒ v(16) ; v(17) . ((v(15) === b) and (v(16) === a) and (v(17) === x) or (v(15) === z) and (v(16) === c) and (v(17) === y)) and f(g(v(15)), v(14)) and (v(14) === h(v(16), v(17)))) <--> âˆƒ v(14) ; v(15) ; v(16) ; v(17) . ((v(15) === b) and (v(16) === a) and (v(17) === x) or (v(15) === z) and (v(16) === c) and (v(17) === y)) and f(g(v(15)), v(14)) and (v(14) === h(v(16), v(17)))) [e-set] ;

(103)((âˆƒ v(14) ; v(15) . f(g(v(15)), v(14)) and (âˆƒ v(16) ; v(17) . ((v(15) === b) and (v(16) === a) and (v(17) === x) or (v(15) === z) and (v(16) === c) and (v(17) === y)) and (v(14) === h(v(16), v(17))))) <--> âˆƒ v(14) ; v(15) ; v(16) ; v(17) . ((v(15) === b) and (v(16) === a) and (v(17) === x) or (v(15) === z) and (v(16) === c) and (v(17) === y)) and f(g(v(15)), v(14)) and (v(14) === h(v(16), v(17)))) [eqv-tranz(101, 102)] ;

(104)(((v(15) === b) and (v(16) === a) and (v(17) === x) or (v(15) === z) and (v(16) === c) and (v(17) === y)) and (âˆƒ v(14) . f(g(v(15)), v(14)) and (v(14) === h(v(16), v(17)))) <--> âˆƒ v(14) . ((v(15) === b) and (v(16) === a) and (v(17) === x) or (v(15) === z) and (v(16) === c) and (v(17) === y)) and f(g(v(15)), v(14)) and (v(14) === h(v(16), v(17)))) [e-scope] ;

(105)((âˆƒ v(15) ; v(16) ; v(17) . ((v(15) === b) and (v(16) === a) and (v(17) === x) or (v(15) === z) and (v(16) === c) and (v(17) === y)) and (âˆƒ v(14) . f(g(v(15)), v(14)) and (v(14) === h(v(16), v(17))))) <--> âˆƒ v(15) ; v(16) ; v(17) . âˆƒ v(14) . ((v(15) === b) and (v(16) === a) and (v(17) === x) or (v(15) === z) and (v(16) === c) and (v(17) === y)) and f(g(v(15)), v(14)) and (v(14) === h(v(16), v(17)))) [e-context(104)] ;

(106)((âˆƒ v(15) ; v(16) ; v(17) . âˆƒ v(14) . ((v(15) === b) and (v(16) === a) and (v(17) === x) or (v(15) === z) and (v(16) === c) and (v(17) === y)) and f(g(v(15)), v(14)) and (v(14) === h(v(16), v(17)))) <--> âˆƒ v(14) ; v(15) ; v(16) ; v(17) . ((v(15) === b) and (v(16) === a) and (v(17) === x) or (v(15) === z) and (v(16) === c) and (v(17) === y)) and f(g(v(15)), v(14)) and (v(14) === h(v(16), v(17)))) [e-set] ;

(107)((âˆƒ v(15) ; v(16) ; v(17) . ((v(15) === b) and (v(16) === a) and (v(17) === x) or (v(15) === z) and (v(16) === c) and (v(17) === y)) and (âˆƒ v(14) . f(g(v(15)), v(14)) and (v(14) === h(v(16), v(17))))) <--> âˆƒ v(14) ; v(15) ; v(16) ; v(17) . ((v(15) === b) and (v(16) === a) and (v(17) === x) or (v(15) === z) and (v(16) === c) and (v(17) === y)) and f(g(v(15)), v(14)) and (v(14) === h(v(16), v(17)))) [eqv-tranz(106, 105)] ;

(108)(âˆƒ v(14) . (f(g(v(15)), h(v(16), v(17))) <--> f(g(v(15)), v(14)) and (v(14) === h(v(16), v(17))))) [e-subst] ;

(109)((f(g(v(15)), h(v(16), v(17))) <--> âˆƒ v(14) . f(g(v(15)), v(14)) and (v(14) === h(v(16), v(17)))) <--> âˆƒ v(14) . (f(g(v(15)), h(v(16), v(17))) <--> f(g(v(15)), v(14)) and (v(14) === h(v(16), v(17))))) [e-scope] ;

(110)(f(g(v(15)), h(v(16), v(17))) <--> âˆƒ v(14) . f(g(v(15)), v(14)) and (v(14) === h(v(16), v(17)))) [modus-ponens(108, 109)] ;

(111)((âˆƒ v(16) ; v(17) . ((v(15) === b) and (v(16) === a) and (v(17) === x) or (v(15) === z) and (v(16) === c) and (v(17) === y)) and f(g(v(15)), h(v(16), v(17)))) <--> âˆƒ v(16) ; v(17) . ((v(15) === b) and (v(16) === a) and (v(17) === x) or (v(15) === z) and (v(16) === c) and (v(17) === y)) and (âˆƒ v(14) . f(g(v(15)), v(14)) and (v(14) === h(v(16), v(17))))) [e-context(110)] ;

(112)((âˆƒ v(15) . âˆƒ v(16) ; v(17) . ((v(15) === b) and (v(16) === a) and (v(17) === x) or (v(15) === z) and (v(16) === c) and (v(17) === y)) and f(g(v(15)), h(v(16), v(17)))) <--> âˆƒ v(15) . âˆƒ v(16) ; v(17) . ((v(15) === b) and (v(16) === a) and (v(17) === x) or (v(15) === z) and (v(16) === c) and (v(17) === y)) and (âˆƒ v(14) . f(g(v(15)), v(14)) and (v(14) === h(v(16), v(17))))) [e-context(111)] ;

(113)((âˆƒ v(15) . âˆƒ v(16) ; v(17) . ((v(15) === b) and (v(16) === a) and (v(17) === x) or (v(15) === z) and (v(16) === c) and (v(17) === y)) and (âˆƒ v(14) . f(g(v(15)), v(14)) and (v(14) === h(v(16), v(17))))) <--> âˆƒ v(15) ; v(16) ; v(17) . ((v(15) === b) and (v(16) === a) and (v(17) === x) or (v(15) === z) and (v(16) === c) and (v(17) === y)) and (âˆƒ v(14) . f(g(v(15)), v(14)) and (v(14) === h(v(16), v(17))))) [e-set] ;

(114)((âˆƒ v(15) . âˆƒ v(16) ; v(17) . ((v(15) === b) and (v(16) === a) and (v(17) === x) or (v(15) === z) and (v(16) === c) and (v(17) === y)) and f(g(v(15)), h(v(16), v(17)))) <--> âˆƒ v(15) ; v(16) ; v(17) . ((v(15) === b) and (v(16) === a) and (v(17) === x) or (v(15) === z) and (v(16) === c) and (v(17) === y)) and f(g(v(15)), h(v(16), v(17)))) [e-set] ;

(115)((âˆƒ v(15) . âˆƒ v(16) ; v(17) . ((v(15) === b) and (v(16) === a) and (v(17) === x) or (v(15) === z) and (v(16) === c) and (v(17) === y)) and f(g(v(15)), h(v(16), v(17)))) <--> âˆƒ v(15) ; v(16) ; v(17) . ((v(15) === b) and (v(16) === a) and (v(17) === x) or (v(15) === z) and (v(16) === c) and (v(17) === y)) and (âˆƒ v(14) . f(g(v(15)), v(14)) and (v(14) === h(v(16), v(17))))) [eqv-tranz(113, 112)] ;

(116)((âˆƒ v(15) ; v(16) ; v(17) . ((v(15) === b) and (v(16) === a) and (v(17) === x) or (v(15) === z) and (v(16) === c) and (v(17) === y)) and f(g(v(15)), h(v(16), v(17)))) <--> âˆƒ v(15) ; v(16) ; v(17) . ((v(15) === b) and (v(16) === a) and (v(17) === x) or (v(15) === z) and (v(16) === c) and (v(17) === y)) and (âˆƒ v(14) . f(g(v(15)), v(14)) and (v(14) === h(v(16), v(17))))) [eqv-tranz(115, 114)] ;

(117)((âˆƒ v(14) ; v(15) . ((v(14) === h(a, x)) and (v(15) === b) or (v(14) === h(c, y)) and (v(15) === z)) and f(g(v(15)), v(14))) <--> âˆƒ v(14) ; v(15) ; v(16) ; v(17) . ((v(15) === b) and (v(16) === a) and (v(17) === x) or (v(15) === z) and (v(16) === c) and (v(17) === y)) and f(g(v(15)), v(14)) and (v(14) === h(v(16), v(17)))) [eqv-tranz(99, 103)] ;

(118)((âˆƒ v(14) ; v(15) . ((v(14) === h(a, x)) and (v(15) === b) or (v(14) === h(c, y)) and (v(15) === z)) and f(g(v(15)), v(14))) <--> âˆƒ v(15) ; v(16) ; v(17) . ((v(15) === b) and (v(16) === a) and (v(17) === x) or (v(15) === z) and (v(16) === c) and (v(17) === y)) and (âˆƒ v(14) . f(g(v(15)), v(14)) and (v(14) === h(v(16), v(17))))) [eqv-tranz(117, 107)] ;

(119)((âˆƒ v(14) ; v(15) . ((v(14) === h(a, x)) and (v(15) === b) or (v(14) === h(c, y)) and (v(15) === z)) and f(g(v(15)), v(14))) <--> âˆƒ v(15) ; v(16) ; v(17) . ((v(15) === b) and (v(16) === a) and (v(17) === x) or (v(15) === z) and (v(16) === c) and (v(17) === y)) and f(g(v(15)), h(v(16), v(17)))) [eqv-tranz(116, 118)] ;

(120)(f(g(b), h(a, x)) or f(g(z), h(c, y)) <--> âˆƒ v(15) ; v(16) ; v(17) . ((v(15) === b) and (v(16) === a) and (v(17) === x) or (v(15) === z) and (v(16) === c) and (v(17) === y)) and f(g(v(15)), h(v(16), v(17)))) [eqv-tranz(84, 119)] ;
The proof generated for input: 10_long.in has 120 lines and generation took 0.046 seconds.
