[1m[95mProof of:[94m (f(g(h(a)), g(c)) or f(g(h(x)), g(z)) <--> âˆƒ v(11) ; v(13) . ((v(11) === c) and (v(13) === a) or (v(11) === z) and (v(13) === x)) and f(g(h(v(13))), g(v(11))))  [0m
(1)(âˆƒ v(6) . (f(g(h(x)), g(z)) <--> v(6) and (v(6) === f(g(h(x)), g(z))))) [e-subst] ;

(2)((f(g(h(x)), g(z)) <--> âˆƒ v(6) . v(6) and (v(6) === f(g(h(x)), g(z)))) <--> âˆƒ v(6) . (f(g(h(x)), g(z)) <--> v(6) and (v(6) === f(g(h(x)), g(z))))) [e-scope] ;

(3)(f(g(h(x)), g(z)) <--> âˆƒ v(6) . v(6) and (v(6) === f(g(h(x)), g(z)))) [modus-ponens(1, 2)] ;

(4)(âˆƒ v(6) . (f(g(h(a)), g(c)) <--> v(6) and (v(6) === f(g(h(a)), g(c))))) [e-subst] ;

(5)((f(g(h(a)), g(c)) <--> âˆƒ v(6) . v(6) and (v(6) === f(g(h(a)), g(c)))) <--> âˆƒ v(6) . (f(g(h(a)), g(c)) <--> v(6) and (v(6) === f(g(h(a)), g(c))))) [e-scope] ;

(6)(f(g(h(a)), g(c)) <--> âˆƒ v(6) . v(6) and (v(6) === f(g(h(a)), g(c)))) [modus-ponens(4, 5)] ;

(7)(f(g(h(a)), g(c)) or f(g(h(x)), g(z)) <--> (âˆƒ v(6) . v(6) and (v(6) === f(g(h(a)), g(c)))) or (âˆƒ v(6) . v(6) and (v(6) === f(g(h(x)), g(z))))) [eqv-or(3, 6)] ;

(8)((âˆƒ v(6) . v(6) and (v(6) === f(g(h(a)), g(c)))) or (âˆƒ v(6) . v(6) and (v(6) === f(g(h(x)), g(z)))) <--> âˆƒ v(6) . v(6) and (v(6) === f(g(h(a)), g(c))) or v(6) and (v(6) === f(g(h(x)), g(z)))) [e-collapse] ;

(9)(v(6) and ((v(6) === f(g(h(a)), g(c))) or (v(6) === f(g(h(x)), g(z)))) <--> v(6) and (v(6) === f(g(h(a)), g(c))) or v(6) and (v(6) === f(g(h(x)), g(z)))) [and-or-distr] ;

(10)((âˆƒ v(6) . v(6) and ((v(6) === f(g(h(a)), g(c))) or (v(6) === f(g(h(x)), g(z))))) <--> âˆƒ v(6) . v(6) and (v(6) === f(g(h(a)), g(c))) or v(6) and (v(6) === f(g(h(x)), g(z)))) [e-context(9)] ;

(11)(f(g(h(a)), g(c)) or f(g(h(x)), g(z)) <--> âˆƒ v(6) . v(6) and (v(6) === f(g(h(a)), g(c))) or v(6) and (v(6) === f(g(h(x)), g(z)))) [eqv-tranz(7, 8)] ;

(12)(f(g(h(a)), g(c)) or f(g(h(x)), g(z)) <--> âˆƒ v(6) . v(6) and ((v(6) === f(g(h(a)), g(c))) or (v(6) === f(g(h(x)), g(z))))) [eqv-tranz(11, 10)] ;

(13)((v(6) === f(g(h(x)), g(z))) <--> âˆƒ v(9) ; v(10) . (v(6) === f(v(9), v(10))) and (v(9) === g(h(x))) and (v(10) === g(z))) [e-gen] ;

(14)((v(6) === f(g(h(x)), g(z))) <--> âˆƒ v(9) ; v(10) . (v(6) === f(v(9), v(10))) and (v(9) === g(h(x))) and (v(10) === g(z))) [and-eqv-intro(13)] ;

(15)((âˆƒ v(9) ; v(10) . (v(6) === f(v(9), v(10))) and (v(9) === g(h(x))) and (v(10) === g(z))) <--> âˆƒ v(9) ; v(10) . (v(6) === f(v(9), v(10))) and (v(9) === g(h(x))) and (v(10) === g(z))) [e-scope] ;

(16)((v(6) === f(g(h(x)), g(z))) <--> âˆƒ v(9) ; v(10) . (v(6) === f(v(9), v(10))) and (v(9) === g(h(x))) and (v(10) === g(z))) [eqv-tranz(14, 15)] ;

(17)((v(6) === f(g(h(a)), g(c))) <--> âˆƒ v(9) ; v(10) . (v(6) === f(v(9), v(10))) and (v(9) === g(h(a))) and (v(10) === g(c))) [e-gen] ;

(18)((v(6) === f(g(h(a)), g(c))) <--> âˆƒ v(9) ; v(10) . (v(6) === f(v(9), v(10))) and (v(9) === g(h(a))) and (v(10) === g(c))) [and-eqv-intro(17)] ;

(19)((âˆƒ v(9) ; v(10) . (v(6) === f(v(9), v(10))) and (v(9) === g(h(a))) and (v(10) === g(c))) <--> âˆƒ v(9) ; v(10) . (v(6) === f(v(9), v(10))) and (v(9) === g(h(a))) and (v(10) === g(c))) [e-scope] ;

(20)((v(6) === f(g(h(a)), g(c))) <--> âˆƒ v(9) ; v(10) . (v(6) === f(v(9), v(10))) and (v(9) === g(h(a))) and (v(10) === g(c))) [eqv-tranz(18, 19)] ;

(21)((v(6) === f(g(h(a)), g(c))) or (v(6) === f(g(h(x)), g(z))) <--> (âˆƒ v(9) ; v(10) . (v(6) === f(v(9), v(10))) and (v(9) === g(h(a))) and (v(10) === g(c))) or (âˆƒ v(9) ; v(10) . (v(6) === f(v(9), v(10))) and (v(9) === g(h(x))) and (v(10) === g(z)))) [eqv-or(16, 20)] ;

(22)((âˆƒ v(9) ; v(10) . (v(6) === f(v(9), v(10))) and (v(9) === g(h(a))) and (v(10) === g(c))) or (âˆƒ v(9) ; v(10) . (v(6) === f(v(9), v(10))) and (v(9) === g(h(x))) and (v(10) === g(z))) <--> âˆƒ v(9) ; v(10) . (v(6) === f(v(9), v(10))) and (v(9) === g(h(a))) and (v(10) === g(c)) or (v(6) === f(v(9), v(10))) and (v(9) === g(h(x))) and (v(10) === g(z))) [e-collapse] ;

(23)((v(6) === f(g(h(a)), g(c))) or (v(6) === f(g(h(x)), g(z))) <--> âˆƒ v(9) ; v(10) . (v(6) === f(v(9), v(10))) and (v(9) === g(h(a))) and (v(10) === g(c)) or (v(6) === f(v(9), v(10))) and (v(9) === g(h(x))) and (v(10) === g(z))) [eqv-tranz(21, 22)] ;

(24)(((v(9) === g(h(a))) and (v(10) === g(c)) or (v(9) === g(h(x))) and (v(10) === g(z))) and (v(6) === f(v(9), v(10))) <--> (v(6) === f(v(9), v(10))) and (v(9) === g(h(a))) and (v(10) === g(c)) or (v(6) === f(v(9), v(10))) and (v(9) === g(h(x))) and (v(10) === g(z))) [and-or-distr] ;

(25)((âˆƒ v(9) ; v(10) . ((v(9) === g(h(a))) and (v(10) === g(c)) or (v(9) === g(h(x))) and (v(10) === g(z))) and (v(6) === f(v(9), v(10)))) <--> âˆƒ v(9) ; v(10) . (v(6) === f(v(9), v(10))) and (v(9) === g(h(a))) and (v(10) === g(c)) or (v(6) === f(v(9), v(10))) and (v(9) === g(h(x))) and (v(10) === g(z))) [e-context(24)] ;

(26)((v(6) === f(g(h(a)), g(c))) or (v(6) === f(g(h(x)), g(z))) <--> âˆƒ v(9) ; v(10) . ((v(9) === g(h(a))) and (v(10) === g(c)) or (v(9) === g(h(x))) and (v(10) === g(z))) and (v(6) === f(v(9), v(10)))) [eqv-tranz(23, 25)] ;

(27)((âˆƒ v(6) . v(6) and ((v(6) === f(g(h(a)), g(c))) or (v(6) === f(g(h(x)), g(z))))) <--> âˆƒ v(6) . v(6) and (âˆƒ v(9) ; v(10) . ((v(9) === g(h(a))) and (v(10) === g(c)) or (v(9) === g(h(x))) and (v(10) === g(z))) and (v(6) === f(v(9), v(10))))) [e-context(26)] ;

(28)(v(6) and (âˆƒ v(9) ; v(10) . ((v(9) === g(h(a))) and (v(10) === g(c)) or (v(9) === g(h(x))) and (v(10) === g(z))) and (v(6) === f(v(9), v(10)))) <--> âˆƒ v(9) ; v(10) . v(6) and ((v(9) === g(h(a))) and (v(10) === g(c)) or (v(9) === g(h(x))) and (v(10) === g(z))) and (v(6) === f(v(9), v(10)))) [e-scope] ;

(29)((âˆƒ v(6) . v(6) and (âˆƒ v(9) ; v(10) . ((v(9) === g(h(a))) and (v(10) === g(c)) or (v(9) === g(h(x))) and (v(10) === g(z))) and (v(6) === f(v(9), v(10))))) <--> âˆƒ v(6) . âˆƒ v(9) ; v(10) . v(6) and ((v(9) === g(h(a))) and (v(10) === g(c)) or (v(9) === g(h(x))) and (v(10) === g(z))) and (v(6) === f(v(9), v(10)))) [e-context(28)] ;

(30)((âˆƒ v(6) . âˆƒ v(9) ; v(10) . v(6) and ((v(9) === g(h(a))) and (v(10) === g(c)) or (v(9) === g(h(x))) and (v(10) === g(z))) and (v(6) === f(v(9), v(10)))) <--> âˆƒ v(6) ; v(9) ; v(10) . v(6) and ((v(9) === g(h(a))) and (v(10) === g(c)) or (v(9) === g(h(x))) and (v(10) === g(z))) and (v(6) === f(v(9), v(10)))) [e-set] ;

(31)((âˆƒ v(6) . v(6) and (âˆƒ v(9) ; v(10) . ((v(9) === g(h(a))) and (v(10) === g(c)) or (v(9) === g(h(x))) and (v(10) === g(z))) and (v(6) === f(v(9), v(10))))) <--> âˆƒ v(6) ; v(9) ; v(10) . v(6) and ((v(9) === g(h(a))) and (v(10) === g(c)) or (v(9) === g(h(x))) and (v(10) === g(z))) and (v(6) === f(v(9), v(10)))) [eqv-tranz(29, 30)] ;

(32)(((v(9) === g(h(a))) and (v(10) === g(c)) or (v(9) === g(h(x))) and (v(10) === g(z))) and (âˆƒ v(6) . v(6) and (v(6) === f(v(9), v(10)))) <--> âˆƒ v(6) . v(6) and ((v(9) === g(h(a))) and (v(10) === g(c)) or (v(9) === g(h(x))) and (v(10) === g(z))) and (v(6) === f(v(9), v(10)))) [e-scope] ;

(33)((âˆƒ v(9) ; v(10) . ((v(9) === g(h(a))) and (v(10) === g(c)) or (v(9) === g(h(x))) and (v(10) === g(z))) and (âˆƒ v(6) . v(6) and (v(6) === f(v(9), v(10))))) <--> âˆƒ v(9) ; v(10) . âˆƒ v(6) . v(6) and ((v(9) === g(h(a))) and (v(10) === g(c)) or (v(9) === g(h(x))) and (v(10) === g(z))) and (v(6) === f(v(9), v(10)))) [e-context(32)] ;

(34)((âˆƒ v(9) ; v(10) . âˆƒ v(6) . v(6) and ((v(9) === g(h(a))) and (v(10) === g(c)) or (v(9) === g(h(x))) and (v(10) === g(z))) and (v(6) === f(v(9), v(10)))) <--> âˆƒ v(6) ; v(9) ; v(10) . v(6) and ((v(9) === g(h(a))) and (v(10) === g(c)) or (v(9) === g(h(x))) and (v(10) === g(z))) and (v(6) === f(v(9), v(10)))) [e-set] ;

(35)((âˆƒ v(9) ; v(10) . ((v(9) === g(h(a))) and (v(10) === g(c)) or (v(9) === g(h(x))) and (v(10) === g(z))) and (âˆƒ v(6) . v(6) and (v(6) === f(v(9), v(10))))) <--> âˆƒ v(6) ; v(9) ; v(10) . v(6) and ((v(9) === g(h(a))) and (v(10) === g(c)) or (v(9) === g(h(x))) and (v(10) === g(z))) and (v(6) === f(v(9), v(10)))) [eqv-tranz(34, 33)] ;

(36)(âˆƒ v(6) . (f(v(9), v(10)) <--> v(6) and (v(6) === f(v(9), v(10))))) [e-subst] ;

(37)((f(v(9), v(10)) <--> âˆƒ v(6) . v(6) and (v(6) === f(v(9), v(10)))) <--> âˆƒ v(6) . (f(v(9), v(10)) <--> v(6) and (v(6) === f(v(9), v(10))))) [e-scope] ;

(38)(f(v(9), v(10)) <--> âˆƒ v(6) . v(6) and (v(6) === f(v(9), v(10)))) [modus-ponens(36, 37)] ;

(39)((âˆƒ v(9) ; v(10) . ((v(9) === g(h(a))) and (v(10) === g(c)) or (v(9) === g(h(x))) and (v(10) === g(z))) and f(v(9), v(10))) <--> âˆƒ v(9) ; v(10) . ((v(9) === g(h(a))) and (v(10) === g(c)) or (v(9) === g(h(x))) and (v(10) === g(z))) and (âˆƒ v(6) . v(6) and (v(6) === f(v(9), v(10))))) [e-context(38)] ;

(40)((âˆƒ .Vars . âˆƒ v(9) ; v(10) . ((v(9) === g(h(a))) and (v(10) === g(c)) or (v(9) === g(h(x))) and (v(10) === g(z))) and f(v(9), v(10))) <--> âˆƒ .Vars . âˆƒ v(9) ; v(10) . ((v(9) === g(h(a))) and (v(10) === g(c)) or (v(9) === g(h(x))) and (v(10) === g(z))) and (âˆƒ v(6) . v(6) and (v(6) === f(v(9), v(10))))) [e-context(39)] ;

(41)((âˆƒ .Vars . âˆƒ v(9) ; v(10) . ((v(9) === g(h(a))) and (v(10) === g(c)) or (v(9) === g(h(x))) and (v(10) === g(z))) and (âˆƒ v(6) . v(6) and (v(6) === f(v(9), v(10))))) <--> âˆƒ v(9) ; v(10) . ((v(9) === g(h(a))) and (v(10) === g(c)) or (v(9) === g(h(x))) and (v(10) === g(z))) and (âˆƒ v(6) . v(6) and (v(6) === f(v(9), v(10))))) [e-set] ;

(42)((âˆƒ .Vars . âˆƒ v(9) ; v(10) . ((v(9) === g(h(a))) and (v(10) === g(c)) or (v(9) === g(h(x))) and (v(10) === g(z))) and f(v(9), v(10))) <--> âˆƒ v(9) ; v(10) . ((v(9) === g(h(a))) and (v(10) === g(c)) or (v(9) === g(h(x))) and (v(10) === g(z))) and f(v(9), v(10))) [e-set] ;

(43)((âˆƒ .Vars . âˆƒ v(9) ; v(10) . ((v(9) === g(h(a))) and (v(10) === g(c)) or (v(9) === g(h(x))) and (v(10) === g(z))) and f(v(9), v(10))) <--> âˆƒ v(9) ; v(10) . ((v(9) === g(h(a))) and (v(10) === g(c)) or (v(9) === g(h(x))) and (v(10) === g(z))) and (âˆƒ v(6) . v(6) and (v(6) === f(v(9), v(10))))) [eqv-tranz(41, 40)] ;

(44)((âˆƒ v(9) ; v(10) . ((v(9) === g(h(a))) and (v(10) === g(c)) or (v(9) === g(h(x))) and (v(10) === g(z))) and f(v(9), v(10))) <--> âˆƒ v(9) ; v(10) . ((v(9) === g(h(a))) and (v(10) === g(c)) or (v(9) === g(h(x))) and (v(10) === g(z))) and (âˆƒ v(6) . v(6) and (v(6) === f(v(9), v(10))))) [eqv-tranz(43, 42)] ;

(45)((âˆƒ v(6) . v(6) and ((v(6) === f(g(h(a)), g(c))) or (v(6) === f(g(h(x)), g(z))))) <--> âˆƒ v(6) ; v(9) ; v(10) . v(6) and ((v(9) === g(h(a))) and (v(10) === g(c)) or (v(9) === g(h(x))) and (v(10) === g(z))) and (v(6) === f(v(9), v(10)))) [eqv-tranz(27, 31)] ;

(46)((âˆƒ v(6) . v(6) and ((v(6) === f(g(h(a)), g(c))) or (v(6) === f(g(h(x)), g(z))))) <--> âˆƒ v(9) ; v(10) . ((v(9) === g(h(a))) and (v(10) === g(c)) or (v(9) === g(h(x))) and (v(10) === g(z))) and (âˆƒ v(6) . v(6) and (v(6) === f(v(9), v(10))))) [eqv-tranz(45, 35)] ;

(47)((âˆƒ v(6) . v(6) and ((v(6) === f(g(h(a)), g(c))) or (v(6) === f(g(h(x)), g(z))))) <--> âˆƒ v(9) ; v(10) . ((v(9) === g(h(a))) and (v(10) === g(c)) or (v(9) === g(h(x))) and (v(10) === g(z))) and f(v(9), v(10))) [eqv-tranz(44, 46)] ;

(48)(f(g(h(a)), g(c)) or f(g(h(x)), g(z)) <--> âˆƒ v(9) ; v(10) . ((v(9) === g(h(a))) and (v(10) === g(c)) or (v(9) === g(h(x))) and (v(10) === g(z))) and f(v(9), v(10))) [eqv-tranz(12, 47)] ;

(49)((v(10) === g(z)) <--> âˆƒ v(11) . (v(10) === g(v(11))) and (v(11) === z)) [e-gen] ;

(50)((v(9) === g(h(x))) and (v(10) === g(z)) <--> (v(9) === g(h(x))) and (âˆƒ v(11) . (v(10) === g(v(11))) and (v(11) === z))) [and-eqv-intro(49)] ;

(51)((v(9) === g(h(x))) and (âˆƒ v(11) . (v(10) === g(v(11))) and (v(11) === z)) <--> âˆƒ v(11) . (v(9) === g(h(x))) and (v(10) === g(v(11))) and (v(11) === z)) [e-scope] ;

(52)((v(9) === g(h(x))) and (v(10) === g(z)) <--> âˆƒ v(11) . (v(9) === g(h(x))) and (v(10) === g(v(11))) and (v(11) === z)) [eqv-tranz(50, 51)] ;

(53)((v(10) === g(c)) <--> âˆƒ v(11) . (v(10) === g(v(11))) and (v(11) === c)) [e-gen] ;

(54)((v(9) === g(h(a))) and (v(10) === g(c)) <--> (v(9) === g(h(a))) and (âˆƒ v(11) . (v(10) === g(v(11))) and (v(11) === c))) [and-eqv-intro(53)] ;

(55)((v(9) === g(h(a))) and (âˆƒ v(11) . (v(10) === g(v(11))) and (v(11) === c)) <--> âˆƒ v(11) . (v(9) === g(h(a))) and (v(10) === g(v(11))) and (v(11) === c)) [e-scope] ;

(56)((v(9) === g(h(a))) and (v(10) === g(c)) <--> âˆƒ v(11) . (v(9) === g(h(a))) and (v(10) === g(v(11))) and (v(11) === c)) [eqv-tranz(54, 55)] ;

(57)((v(9) === g(h(a))) and (v(10) === g(c)) or (v(9) === g(h(x))) and (v(10) === g(z)) <--> (âˆƒ v(11) . (v(9) === g(h(a))) and (v(10) === g(v(11))) and (v(11) === c)) or (âˆƒ v(11) . (v(9) === g(h(x))) and (v(10) === g(v(11))) and (v(11) === z))) [eqv-or(52, 56)] ;

(58)((âˆƒ v(11) . (v(9) === g(h(a))) and (v(10) === g(v(11))) and (v(11) === c)) or (âˆƒ v(11) . (v(9) === g(h(x))) and (v(10) === g(v(11))) and (v(11) === z)) <--> âˆƒ v(11) . (v(9) === g(h(a))) and (v(10) === g(v(11))) and (v(11) === c) or (v(9) === g(h(x))) and (v(10) === g(v(11))) and (v(11) === z)) [e-collapse] ;

(59)((v(9) === g(h(a))) and (v(10) === g(c)) or (v(9) === g(h(x))) and (v(10) === g(z)) <--> âˆƒ v(11) . (v(9) === g(h(a))) and (v(10) === g(v(11))) and (v(11) === c) or (v(9) === g(h(x))) and (v(10) === g(v(11))) and (v(11) === z)) [eqv-tranz(57, 58)] ;

(60)(((v(9) === g(h(a))) and (v(11) === c) or (v(9) === g(h(x))) and (v(11) === z)) and (v(10) === g(v(11))) <--> (v(9) === g(h(a))) and (v(10) === g(v(11))) and (v(11) === c) or (v(9) === g(h(x))) and (v(10) === g(v(11))) and (v(11) === z)) [and-or-distr] ;

(61)((âˆƒ v(11) . ((v(9) === g(h(a))) and (v(11) === c) or (v(9) === g(h(x))) and (v(11) === z)) and (v(10) === g(v(11)))) <--> âˆƒ v(11) . (v(9) === g(h(a))) and (v(10) === g(v(11))) and (v(11) === c) or (v(9) === g(h(x))) and (v(10) === g(v(11))) and (v(11) === z)) [e-context(60)] ;

(62)((v(9) === g(h(a))) and (v(10) === g(c)) or (v(9) === g(h(x))) and (v(10) === g(z)) <--> âˆƒ v(11) . ((v(9) === g(h(a))) and (v(11) === c) or (v(9) === g(h(x))) and (v(11) === z)) and (v(10) === g(v(11)))) [eqv-tranz(59, 61)] ;

(63)((âˆƒ v(9) ; v(10) . ((v(9) === g(h(a))) and (v(10) === g(c)) or (v(9) === g(h(x))) and (v(10) === g(z))) and f(v(9), v(10))) <--> âˆƒ v(9) ; v(10) . f(v(9), v(10)) and (âˆƒ v(11) . ((v(9) === g(h(a))) and (v(11) === c) or (v(9) === g(h(x))) and (v(11) === z)) and (v(10) === g(v(11))))) [e-context(62)] ;

(64)(f(v(9), v(10)) and (âˆƒ v(11) . ((v(9) === g(h(a))) and (v(11) === c) or (v(9) === g(h(x))) and (v(11) === z)) and (v(10) === g(v(11)))) <--> âˆƒ v(11) . ((v(9) === g(h(a))) and (v(11) === c) or (v(9) === g(h(x))) and (v(11) === z)) and f(v(9), v(10)) and (v(10) === g(v(11)))) [e-scope] ;

(65)((âˆƒ v(9) ; v(10) . f(v(9), v(10)) and (âˆƒ v(11) . ((v(9) === g(h(a))) and (v(11) === c) or (v(9) === g(h(x))) and (v(11) === z)) and (v(10) === g(v(11))))) <--> âˆƒ v(9) ; v(10) . âˆƒ v(11) . ((v(9) === g(h(a))) and (v(11) === c) or (v(9) === g(h(x))) and (v(11) === z)) and f(v(9), v(10)) and (v(10) === g(v(11)))) [e-context(64)] ;

(66)((âˆƒ v(9) ; v(10) . âˆƒ v(11) . ((v(9) === g(h(a))) and (v(11) === c) or (v(9) === g(h(x))) and (v(11) === z)) and f(v(9), v(10)) and (v(10) === g(v(11)))) <--> âˆƒ v(9) ; v(10) ; v(11) . ((v(9) === g(h(a))) and (v(11) === c) or (v(9) === g(h(x))) and (v(11) === z)) and f(v(9), v(10)) and (v(10) === g(v(11)))) [e-set] ;

(67)((âˆƒ v(9) ; v(10) . f(v(9), v(10)) and (âˆƒ v(11) . ((v(9) === g(h(a))) and (v(11) === c) or (v(9) === g(h(x))) and (v(11) === z)) and (v(10) === g(v(11))))) <--> âˆƒ v(9) ; v(10) ; v(11) . ((v(9) === g(h(a))) and (v(11) === c) or (v(9) === g(h(x))) and (v(11) === z)) and f(v(9), v(10)) and (v(10) === g(v(11)))) [eqv-tranz(65, 66)] ;

(68)(((v(9) === g(h(a))) and (v(11) === c) or (v(9) === g(h(x))) and (v(11) === z)) and (âˆƒ v(10) . f(v(9), v(10)) and (v(10) === g(v(11)))) <--> âˆƒ v(10) . ((v(9) === g(h(a))) and (v(11) === c) or (v(9) === g(h(x))) and (v(11) === z)) and f(v(9), v(10)) and (v(10) === g(v(11)))) [e-scope] ;

(69)((âˆƒ v(9) ; v(11) . ((v(9) === g(h(a))) and (v(11) === c) or (v(9) === g(h(x))) and (v(11) === z)) and (âˆƒ v(10) . f(v(9), v(10)) and (v(10) === g(v(11))))) <--> âˆƒ v(9) ; v(11) . âˆƒ v(10) . ((v(9) === g(h(a))) and (v(11) === c) or (v(9) === g(h(x))) and (v(11) === z)) and f(v(9), v(10)) and (v(10) === g(v(11)))) [e-context(68)] ;

(70)((âˆƒ v(9) ; v(11) . âˆƒ v(10) . ((v(9) === g(h(a))) and (v(11) === c) or (v(9) === g(h(x))) and (v(11) === z)) and f(v(9), v(10)) and (v(10) === g(v(11)))) <--> âˆƒ v(9) ; v(10) ; v(11) . ((v(9) === g(h(a))) and (v(11) === c) or (v(9) === g(h(x))) and (v(11) === z)) and f(v(9), v(10)) and (v(10) === g(v(11)))) [e-set] ;

(71)((âˆƒ v(9) ; v(11) . ((v(9) === g(h(a))) and (v(11) === c) or (v(9) === g(h(x))) and (v(11) === z)) and (âˆƒ v(10) . f(v(9), v(10)) and (v(10) === g(v(11))))) <--> âˆƒ v(9) ; v(10) ; v(11) . ((v(9) === g(h(a))) and (v(11) === c) or (v(9) === g(h(x))) and (v(11) === z)) and f(v(9), v(10)) and (v(10) === g(v(11)))) [eqv-tranz(70, 69)] ;

(72)(âˆƒ v(10) . (f(v(9), g(v(11))) <--> f(v(9), v(10)) and (v(10) === g(v(11))))) [e-subst] ;

(73)((f(v(9), g(v(11))) <--> âˆƒ v(10) . f(v(9), v(10)) and (v(10) === g(v(11)))) <--> âˆƒ v(10) . (f(v(9), g(v(11))) <--> f(v(9), v(10)) and (v(10) === g(v(11))))) [e-scope] ;

(74)(f(v(9), g(v(11))) <--> âˆƒ v(10) . f(v(9), v(10)) and (v(10) === g(v(11)))) [modus-ponens(72, 73)] ;

(75)((âˆƒ v(11) . ((v(9) === g(h(a))) and (v(11) === c) or (v(9) === g(h(x))) and (v(11) === z)) and f(v(9), g(v(11)))) <--> âˆƒ v(11) . ((v(9) === g(h(a))) and (v(11) === c) or (v(9) === g(h(x))) and (v(11) === z)) and (âˆƒ v(10) . f(v(9), v(10)) and (v(10) === g(v(11))))) [e-context(74)] ;

(76)((âˆƒ v(9) . âˆƒ v(11) . ((v(9) === g(h(a))) and (v(11) === c) or (v(9) === g(h(x))) and (v(11) === z)) and f(v(9), g(v(11)))) <--> âˆƒ v(9) . âˆƒ v(11) . ((v(9) === g(h(a))) and (v(11) === c) or (v(9) === g(h(x))) and (v(11) === z)) and (âˆƒ v(10) . f(v(9), v(10)) and (v(10) === g(v(11))))) [e-context(75)] ;

(77)((âˆƒ v(9) . âˆƒ v(11) . ((v(9) === g(h(a))) and (v(11) === c) or (v(9) === g(h(x))) and (v(11) === z)) and (âˆƒ v(10) . f(v(9), v(10)) and (v(10) === g(v(11))))) <--> âˆƒ v(9) ; v(11) . ((v(9) === g(h(a))) and (v(11) === c) or (v(9) === g(h(x))) and (v(11) === z)) and (âˆƒ v(10) . f(v(9), v(10)) and (v(10) === g(v(11))))) [e-set] ;

(78)((âˆƒ v(9) . âˆƒ v(11) . ((v(9) === g(h(a))) and (v(11) === c) or (v(9) === g(h(x))) and (v(11) === z)) and f(v(9), g(v(11)))) <--> âˆƒ v(9) ; v(11) . ((v(9) === g(h(a))) and (v(11) === c) or (v(9) === g(h(x))) and (v(11) === z)) and f(v(9), g(v(11)))) [e-set] ;

(79)((âˆƒ v(9) . âˆƒ v(11) . ((v(9) === g(h(a))) and (v(11) === c) or (v(9) === g(h(x))) and (v(11) === z)) and f(v(9), g(v(11)))) <--> âˆƒ v(9) ; v(11) . ((v(9) === g(h(a))) and (v(11) === c) or (v(9) === g(h(x))) and (v(11) === z)) and (âˆƒ v(10) . f(v(9), v(10)) and (v(10) === g(v(11))))) [eqv-tranz(77, 76)] ;

(80)((âˆƒ v(9) ; v(11) . ((v(9) === g(h(a))) and (v(11) === c) or (v(9) === g(h(x))) and (v(11) === z)) and f(v(9), g(v(11)))) <--> âˆƒ v(9) ; v(11) . ((v(9) === g(h(a))) and (v(11) === c) or (v(9) === g(h(x))) and (v(11) === z)) and (âˆƒ v(10) . f(v(9), v(10)) and (v(10) === g(v(11))))) [eqv-tranz(79, 78)] ;

(81)((âˆƒ v(9) ; v(10) . ((v(9) === g(h(a))) and (v(10) === g(c)) or (v(9) === g(h(x))) and (v(10) === g(z))) and f(v(9), v(10))) <--> âˆƒ v(9) ; v(10) ; v(11) . ((v(9) === g(h(a))) and (v(11) === c) or (v(9) === g(h(x))) and (v(11) === z)) and f(v(9), v(10)) and (v(10) === g(v(11)))) [eqv-tranz(63, 67)] ;

(82)((âˆƒ v(9) ; v(10) . ((v(9) === g(h(a))) and (v(10) === g(c)) or (v(9) === g(h(x))) and (v(10) === g(z))) and f(v(9), v(10))) <--> âˆƒ v(9) ; v(11) . ((v(9) === g(h(a))) and (v(11) === c) or (v(9) === g(h(x))) and (v(11) === z)) and (âˆƒ v(10) . f(v(9), v(10)) and (v(10) === g(v(11))))) [eqv-tranz(81, 71)] ;

(83)((âˆƒ v(9) ; v(10) . ((v(9) === g(h(a))) and (v(10) === g(c)) or (v(9) === g(h(x))) and (v(10) === g(z))) and f(v(9), v(10))) <--> âˆƒ v(9) ; v(11) . ((v(9) === g(h(a))) and (v(11) === c) or (v(9) === g(h(x))) and (v(11) === z)) and f(v(9), g(v(11)))) [eqv-tranz(80, 82)] ;

(84)(f(g(h(a)), g(c)) or f(g(h(x)), g(z)) <--> âˆƒ v(9) ; v(11) . ((v(9) === g(h(a))) and (v(11) === c) or (v(9) === g(h(x))) and (v(11) === z)) and f(v(9), g(v(11)))) [eqv-tranz(48, 83)] ;

(85)((v(9) === g(h(x))) <--> âˆƒ v(12) . (v(9) === g(v(12))) and (v(12) === h(x))) [e-gen] ;

(86)((v(9) === g(h(x))) and (v(11) === z) <--> (v(11) === z) and (âˆƒ v(12) . (v(9) === g(v(12))) and (v(12) === h(x)))) [and-eqv-intro(85)] ;

(87)((v(11) === z) and (âˆƒ v(12) . (v(9) === g(v(12))) and (v(12) === h(x))) <--> âˆƒ v(12) . (v(9) === g(v(12))) and (v(11) === z) and (v(12) === h(x))) [e-scope] ;

(88)((v(9) === g(h(x))) and (v(11) === z) <--> âˆƒ v(12) . (v(9) === g(v(12))) and (v(11) === z) and (v(12) === h(x))) [eqv-tranz(86, 87)] ;

(89)((v(9) === g(h(a))) <--> âˆƒ v(12) . (v(9) === g(v(12))) and (v(12) === h(a))) [e-gen] ;

(90)((v(9) === g(h(a))) and (v(11) === c) <--> (v(11) === c) and (âˆƒ v(12) . (v(9) === g(v(12))) and (v(12) === h(a)))) [and-eqv-intro(89)] ;

(91)((v(11) === c) and (âˆƒ v(12) . (v(9) === g(v(12))) and (v(12) === h(a))) <--> âˆƒ v(12) . (v(9) === g(v(12))) and (v(11) === c) and (v(12) === h(a))) [e-scope] ;

(92)((v(9) === g(h(a))) and (v(11) === c) <--> âˆƒ v(12) . (v(9) === g(v(12))) and (v(11) === c) and (v(12) === h(a))) [eqv-tranz(90, 91)] ;

(93)((v(9) === g(h(a))) and (v(11) === c) or (v(9) === g(h(x))) and (v(11) === z) <--> (âˆƒ v(12) . (v(9) === g(v(12))) and (v(11) === c) and (v(12) === h(a))) or (âˆƒ v(12) . (v(9) === g(v(12))) and (v(11) === z) and (v(12) === h(x)))) [eqv-or(88, 92)] ;

(94)((âˆƒ v(12) . (v(9) === g(v(12))) and (v(11) === c) and (v(12) === h(a))) or (âˆƒ v(12) . (v(9) === g(v(12))) and (v(11) === z) and (v(12) === h(x))) <--> âˆƒ v(12) . (v(9) === g(v(12))) and (v(11) === c) and (v(12) === h(a)) or (v(9) === g(v(12))) and (v(11) === z) and (v(12) === h(x))) [e-collapse] ;

(95)((v(9) === g(h(a))) and (v(11) === c) or (v(9) === g(h(x))) and (v(11) === z) <--> âˆƒ v(12) . (v(9) === g(v(12))) and (v(11) === c) and (v(12) === h(a)) or (v(9) === g(v(12))) and (v(11) === z) and (v(12) === h(x))) [eqv-tranz(93, 94)] ;

(96)(((v(11) === c) and (v(12) === h(a)) or (v(11) === z) and (v(12) === h(x))) and (v(9) === g(v(12))) <--> (v(9) === g(v(12))) and (v(11) === c) and (v(12) === h(a)) or (v(9) === g(v(12))) and (v(11) === z) and (v(12) === h(x))) [and-or-distr] ;

(97)((âˆƒ v(12) . ((v(11) === c) and (v(12) === h(a)) or (v(11) === z) and (v(12) === h(x))) and (v(9) === g(v(12)))) <--> âˆƒ v(12) . (v(9) === g(v(12))) and (v(11) === c) and (v(12) === h(a)) or (v(9) === g(v(12))) and (v(11) === z) and (v(12) === h(x))) [e-context(96)] ;

(98)((v(9) === g(h(a))) and (v(11) === c) or (v(9) === g(h(x))) and (v(11) === z) <--> âˆƒ v(12) . ((v(11) === c) and (v(12) === h(a)) or (v(11) === z) and (v(12) === h(x))) and (v(9) === g(v(12)))) [eqv-tranz(95, 97)] ;

(99)((âˆƒ v(9) ; v(11) . ((v(9) === g(h(a))) and (v(11) === c) or (v(9) === g(h(x))) and (v(11) === z)) and f(v(9), g(v(11)))) <--> âˆƒ v(9) ; v(11) . f(v(9), g(v(11))) and (âˆƒ v(12) . ((v(11) === c) and (v(12) === h(a)) or (v(11) === z) and (v(12) === h(x))) and (v(9) === g(v(12))))) [e-context(98)] ;

(100)(f(v(9), g(v(11))) and (âˆƒ v(12) . ((v(11) === c) and (v(12) === h(a)) or (v(11) === z) and (v(12) === h(x))) and (v(9) === g(v(12)))) <--> âˆƒ v(12) . ((v(11) === c) and (v(12) === h(a)) or (v(11) === z) and (v(12) === h(x))) and f(v(9), g(v(11))) and (v(9) === g(v(12)))) [e-scope] ;

(101)((âˆƒ v(9) ; v(11) . f(v(9), g(v(11))) and (âˆƒ v(12) . ((v(11) === c) and (v(12) === h(a)) or (v(11) === z) and (v(12) === h(x))) and (v(9) === g(v(12))))) <--> âˆƒ v(9) ; v(11) . âˆƒ v(12) . ((v(11) === c) and (v(12) === h(a)) or (v(11) === z) and (v(12) === h(x))) and f(v(9), g(v(11))) and (v(9) === g(v(12)))) [e-context(100)] ;

(102)((âˆƒ v(9) ; v(11) . âˆƒ v(12) . ((v(11) === c) and (v(12) === h(a)) or (v(11) === z) and (v(12) === h(x))) and f(v(9), g(v(11))) and (v(9) === g(v(12)))) <--> âˆƒ v(9) ; v(11) ; v(12) . ((v(11) === c) and (v(12) === h(a)) or (v(11) === z) and (v(12) === h(x))) and f(v(9), g(v(11))) and (v(9) === g(v(12)))) [e-set] ;

(103)((âˆƒ v(9) ; v(11) . f(v(9), g(v(11))) and (âˆƒ v(12) . ((v(11) === c) and (v(12) === h(a)) or (v(11) === z) and (v(12) === h(x))) and (v(9) === g(v(12))))) <--> âˆƒ v(9) ; v(11) ; v(12) . ((v(11) === c) and (v(12) === h(a)) or (v(11) === z) and (v(12) === h(x))) and f(v(9), g(v(11))) and (v(9) === g(v(12)))) [eqv-tranz(101, 102)] ;

(104)(((v(11) === c) and (v(12) === h(a)) or (v(11) === z) and (v(12) === h(x))) and (âˆƒ v(9) . f(v(9), g(v(11))) and (v(9) === g(v(12)))) <--> âˆƒ v(9) . ((v(11) === c) and (v(12) === h(a)) or (v(11) === z) and (v(12) === h(x))) and f(v(9), g(v(11))) and (v(9) === g(v(12)))) [e-scope] ;

(105)((âˆƒ v(11) ; v(12) . ((v(11) === c) and (v(12) === h(a)) or (v(11) === z) and (v(12) === h(x))) and (âˆƒ v(9) . f(v(9), g(v(11))) and (v(9) === g(v(12))))) <--> âˆƒ v(11) ; v(12) . âˆƒ v(9) . ((v(11) === c) and (v(12) === h(a)) or (v(11) === z) and (v(12) === h(x))) and f(v(9), g(v(11))) and (v(9) === g(v(12)))) [e-context(104)] ;

(106)((âˆƒ v(11) ; v(12) . âˆƒ v(9) . ((v(11) === c) and (v(12) === h(a)) or (v(11) === z) and (v(12) === h(x))) and f(v(9), g(v(11))) and (v(9) === g(v(12)))) <--> âˆƒ v(9) ; v(11) ; v(12) . ((v(11) === c) and (v(12) === h(a)) or (v(11) === z) and (v(12) === h(x))) and f(v(9), g(v(11))) and (v(9) === g(v(12)))) [e-set] ;

(107)((âˆƒ v(11) ; v(12) . ((v(11) === c) and (v(12) === h(a)) or (v(11) === z) and (v(12) === h(x))) and (âˆƒ v(9) . f(v(9), g(v(11))) and (v(9) === g(v(12))))) <--> âˆƒ v(9) ; v(11) ; v(12) . ((v(11) === c) and (v(12) === h(a)) or (v(11) === z) and (v(12) === h(x))) and f(v(9), g(v(11))) and (v(9) === g(v(12)))) [eqv-tranz(106, 105)] ;

(108)(âˆƒ v(9) . (f(g(v(12)), g(v(11))) <--> f(v(9), g(v(11))) and (v(9) === g(v(12))))) [e-subst] ;

(109)((f(g(v(12)), g(v(11))) <--> âˆƒ v(9) . f(v(9), g(v(11))) and (v(9) === g(v(12)))) <--> âˆƒ v(9) . (f(g(v(12)), g(v(11))) <--> f(v(9), g(v(11))) and (v(9) === g(v(12))))) [e-scope] ;

(110)(f(g(v(12)), g(v(11))) <--> âˆƒ v(9) . f(v(9), g(v(11))) and (v(9) === g(v(12)))) [modus-ponens(108, 109)] ;

(111)((âˆƒ v(12) . ((v(11) === c) and (v(12) === h(a)) or (v(11) === z) and (v(12) === h(x))) and f(g(v(12)), g(v(11)))) <--> âˆƒ v(12) . ((v(11) === c) and (v(12) === h(a)) or (v(11) === z) and (v(12) === h(x))) and (âˆƒ v(9) . f(v(9), g(v(11))) and (v(9) === g(v(12))))) [e-context(110)] ;

(112)((âˆƒ v(11) . âˆƒ v(12) . ((v(11) === c) and (v(12) === h(a)) or (v(11) === z) and (v(12) === h(x))) and f(g(v(12)), g(v(11)))) <--> âˆƒ v(11) . âˆƒ v(12) . ((v(11) === c) and (v(12) === h(a)) or (v(11) === z) and (v(12) === h(x))) and (âˆƒ v(9) . f(v(9), g(v(11))) and (v(9) === g(v(12))))) [e-context(111)] ;

(113)((âˆƒ v(11) . âˆƒ v(12) . ((v(11) === c) and (v(12) === h(a)) or (v(11) === z) and (v(12) === h(x))) and (âˆƒ v(9) . f(v(9), g(v(11))) and (v(9) === g(v(12))))) <--> âˆƒ v(11) ; v(12) . ((v(11) === c) and (v(12) === h(a)) or (v(11) === z) and (v(12) === h(x))) and (âˆƒ v(9) . f(v(9), g(v(11))) and (v(9) === g(v(12))))) [e-set] ;

(114)((âˆƒ v(11) . âˆƒ v(12) . ((v(11) === c) and (v(12) === h(a)) or (v(11) === z) and (v(12) === h(x))) and f(g(v(12)), g(v(11)))) <--> âˆƒ v(11) ; v(12) . ((v(11) === c) and (v(12) === h(a)) or (v(11) === z) and (v(12) === h(x))) and f(g(v(12)), g(v(11)))) [e-set] ;

(115)((âˆƒ v(11) . âˆƒ v(12) . ((v(11) === c) and (v(12) === h(a)) or (v(11) === z) and (v(12) === h(x))) and f(g(v(12)), g(v(11)))) <--> âˆƒ v(11) ; v(12) . ((v(11) === c) and (v(12) === h(a)) or (v(11) === z) and (v(12) === h(x))) and (âˆƒ v(9) . f(v(9), g(v(11))) and (v(9) === g(v(12))))) [eqv-tranz(113, 112)] ;

(116)((âˆƒ v(11) ; v(12) . ((v(11) === c) and (v(12) === h(a)) or (v(11) === z) and (v(12) === h(x))) and f(g(v(12)), g(v(11)))) <--> âˆƒ v(11) ; v(12) . ((v(11) === c) and (v(12) === h(a)) or (v(11) === z) and (v(12) === h(x))) and (âˆƒ v(9) . f(v(9), g(v(11))) and (v(9) === g(v(12))))) [eqv-tranz(115, 114)] ;

(117)((âˆƒ v(9) ; v(11) . ((v(9) === g(h(a))) and (v(11) === c) or (v(9) === g(h(x))) and (v(11) === z)) and f(v(9), g(v(11)))) <--> âˆƒ v(9) ; v(11) ; v(12) . ((v(11) === c) and (v(12) === h(a)) or (v(11) === z) and (v(12) === h(x))) and f(v(9), g(v(11))) and (v(9) === g(v(12)))) [eqv-tranz(99, 103)] ;

(118)((âˆƒ v(9) ; v(11) . ((v(9) === g(h(a))) and (v(11) === c) or (v(9) === g(h(x))) and (v(11) === z)) and f(v(9), g(v(11)))) <--> âˆƒ v(11) ; v(12) . ((v(11) === c) and (v(12) === h(a)) or (v(11) === z) and (v(12) === h(x))) and (âˆƒ v(9) . f(v(9), g(v(11))) and (v(9) === g(v(12))))) [eqv-tranz(117, 107)] ;

(119)((âˆƒ v(9) ; v(11) . ((v(9) === g(h(a))) and (v(11) === c) or (v(9) === g(h(x))) and (v(11) === z)) and f(v(9), g(v(11)))) <--> âˆƒ v(11) ; v(12) . ((v(11) === c) and (v(12) === h(a)) or (v(11) === z) and (v(12) === h(x))) and f(g(v(12)), g(v(11)))) [eqv-tranz(116, 118)] ;

(120)(f(g(h(a)), g(c)) or f(g(h(x)), g(z)) <--> âˆƒ v(11) ; v(12) . ((v(11) === c) and (v(12) === h(a)) or (v(11) === z) and (v(12) === h(x))) and f(g(v(12)), g(v(11)))) [eqv-tranz(84, 119)] ;

(121)((v(12) === h(x)) <--> âˆƒ v(13) . (v(12) === h(v(13))) and (v(13) === x)) [e-gen] ;

(122)((v(11) === z) and (v(12) === h(x)) <--> (v(11) === z) and (âˆƒ v(13) . (v(12) === h(v(13))) and (v(13) === x))) [and-eqv-intro(121)] ;

(123)((v(11) === z) and (âˆƒ v(13) . (v(12) === h(v(13))) and (v(13) === x)) <--> âˆƒ v(13) . (v(11) === z) and (v(12) === h(v(13))) and (v(13) === x)) [e-scope] ;

(124)((v(11) === z) and (v(12) === h(x)) <--> âˆƒ v(13) . (v(11) === z) and (v(12) === h(v(13))) and (v(13) === x)) [eqv-tranz(122, 123)] ;

(125)((v(12) === h(a)) <--> âˆƒ v(13) . (v(12) === h(v(13))) and (v(13) === a)) [e-gen] ;

(126)((v(11) === c) and (v(12) === h(a)) <--> (v(11) === c) and (âˆƒ v(13) . (v(12) === h(v(13))) and (v(13) === a))) [and-eqv-intro(125)] ;

(127)((v(11) === c) and (âˆƒ v(13) . (v(12) === h(v(13))) and (v(13) === a)) <--> âˆƒ v(13) . (v(11) === c) and (v(12) === h(v(13))) and (v(13) === a)) [e-scope] ;

(128)((v(11) === c) and (v(12) === h(a)) <--> âˆƒ v(13) . (v(11) === c) and (v(12) === h(v(13))) and (v(13) === a)) [eqv-tranz(126, 127)] ;

(129)((v(11) === c) and (v(12) === h(a)) or (v(11) === z) and (v(12) === h(x)) <--> (âˆƒ v(13) . (v(11) === c) and (v(12) === h(v(13))) and (v(13) === a)) or (âˆƒ v(13) . (v(11) === z) and (v(12) === h(v(13))) and (v(13) === x))) [eqv-or(124, 128)] ;

(130)((âˆƒ v(13) . (v(11) === c) and (v(12) === h(v(13))) and (v(13) === a)) or (âˆƒ v(13) . (v(11) === z) and (v(12) === h(v(13))) and (v(13) === x)) <--> âˆƒ v(13) . (v(11) === c) and (v(12) === h(v(13))) and (v(13) === a) or (v(11) === z) and (v(12) === h(v(13))) and (v(13) === x)) [e-collapse] ;

(131)((v(11) === c) and (v(12) === h(a)) or (v(11) === z) and (v(12) === h(x)) <--> âˆƒ v(13) . (v(11) === c) and (v(12) === h(v(13))) and (v(13) === a) or (v(11) === z) and (v(12) === h(v(13))) and (v(13) === x)) [eqv-tranz(129, 130)] ;

(132)(((v(11) === c) and (v(13) === a) or (v(11) === z) and (v(13) === x)) and (v(12) === h(v(13))) <--> (v(11) === c) and (v(12) === h(v(13))) and (v(13) === a) or (v(11) === z) and (v(12) === h(v(13))) and (v(13) === x)) [and-or-distr] ;

(133)((âˆƒ v(13) . ((v(11) === c) and (v(13) === a) or (v(11) === z) and (v(13) === x)) and (v(12) === h(v(13)))) <--> âˆƒ v(13) . (v(11) === c) and (v(12) === h(v(13))) and (v(13) === a) or (v(11) === z) and (v(12) === h(v(13))) and (v(13) === x)) [e-context(132)] ;

(134)((v(11) === c) and (v(12) === h(a)) or (v(11) === z) and (v(12) === h(x)) <--> âˆƒ v(13) . ((v(11) === c) and (v(13) === a) or (v(11) === z) and (v(13) === x)) and (v(12) === h(v(13)))) [eqv-tranz(131, 133)] ;

(135)((âˆƒ v(11) ; v(12) . ((v(11) === c) and (v(12) === h(a)) or (v(11) === z) and (v(12) === h(x))) and f(g(v(12)), g(v(11)))) <--> âˆƒ v(11) ; v(12) . f(g(v(12)), g(v(11))) and (âˆƒ v(13) . ((v(11) === c) and (v(13) === a) or (v(11) === z) and (v(13) === x)) and (v(12) === h(v(13))))) [e-context(134)] ;

(136)(f(g(v(12)), g(v(11))) and (âˆƒ v(13) . ((v(11) === c) and (v(13) === a) or (v(11) === z) and (v(13) === x)) and (v(12) === h(v(13)))) <--> âˆƒ v(13) . ((v(11) === c) and (v(13) === a) or (v(11) === z) and (v(13) === x)) and f(g(v(12)), g(v(11))) and (v(12) === h(v(13)))) [e-scope] ;

(137)((âˆƒ v(11) ; v(12) . f(g(v(12)), g(v(11))) and (âˆƒ v(13) . ((v(11) === c) and (v(13) === a) or (v(11) === z) and (v(13) === x)) and (v(12) === h(v(13))))) <--> âˆƒ v(11) ; v(12) . âˆƒ v(13) . ((v(11) === c) and (v(13) === a) or (v(11) === z) and (v(13) === x)) and f(g(v(12)), g(v(11))) and (v(12) === h(v(13)))) [e-context(136)] ;

(138)((âˆƒ v(11) ; v(12) . âˆƒ v(13) . ((v(11) === c) and (v(13) === a) or (v(11) === z) and (v(13) === x)) and f(g(v(12)), g(v(11))) and (v(12) === h(v(13)))) <--> âˆƒ v(11) ; v(12) ; v(13) . ((v(11) === c) and (v(13) === a) or (v(11) === z) and (v(13) === x)) and f(g(v(12)), g(v(11))) and (v(12) === h(v(13)))) [e-set] ;

(139)((âˆƒ v(11) ; v(12) . f(g(v(12)), g(v(11))) and (âˆƒ v(13) . ((v(11) === c) and (v(13) === a) or (v(11) === z) and (v(13) === x)) and (v(12) === h(v(13))))) <--> âˆƒ v(11) ; v(12) ; v(13) . ((v(11) === c) and (v(13) === a) or (v(11) === z) and (v(13) === x)) and f(g(v(12)), g(v(11))) and (v(12) === h(v(13)))) [eqv-tranz(137, 138)] ;

(140)(((v(11) === c) and (v(13) === a) or (v(11) === z) and (v(13) === x)) and (âˆƒ v(12) . f(g(v(12)), g(v(11))) and (v(12) === h(v(13)))) <--> âˆƒ v(12) . ((v(11) === c) and (v(13) === a) or (v(11) === z) and (v(13) === x)) and f(g(v(12)), g(v(11))) and (v(12) === h(v(13)))) [e-scope] ;

(141)((âˆƒ v(11) ; v(13) . ((v(11) === c) and (v(13) === a) or (v(11) === z) and (v(13) === x)) and (âˆƒ v(12) . f(g(v(12)), g(v(11))) and (v(12) === h(v(13))))) <--> âˆƒ v(11) ; v(13) . âˆƒ v(12) . ((v(11) === c) and (v(13) === a) or (v(11) === z) and (v(13) === x)) and f(g(v(12)), g(v(11))) and (v(12) === h(v(13)))) [e-context(140)] ;

(142)((âˆƒ v(11) ; v(13) . âˆƒ v(12) . ((v(11) === c) and (v(13) === a) or (v(11) === z) and (v(13) === x)) and f(g(v(12)), g(v(11))) and (v(12) === h(v(13)))) <--> âˆƒ v(11) ; v(12) ; v(13) . ((v(11) === c) and (v(13) === a) or (v(11) === z) and (v(13) === x)) and f(g(v(12)), g(v(11))) and (v(12) === h(v(13)))) [e-set] ;

(143)((âˆƒ v(11) ; v(13) . ((v(11) === c) and (v(13) === a) or (v(11) === z) and (v(13) === x)) and (âˆƒ v(12) . f(g(v(12)), g(v(11))) and (v(12) === h(v(13))))) <--> âˆƒ v(11) ; v(12) ; v(13) . ((v(11) === c) and (v(13) === a) or (v(11) === z) and (v(13) === x)) and f(g(v(12)), g(v(11))) and (v(12) === h(v(13)))) [eqv-tranz(142, 141)] ;

(144)(âˆƒ v(12) . (f(g(h(v(13))), g(v(11))) <--> f(g(v(12)), g(v(11))) and (v(12) === h(v(13))))) [e-subst] ;

(145)((f(g(h(v(13))), g(v(11))) <--> âˆƒ v(12) . f(g(v(12)), g(v(11))) and (v(12) === h(v(13)))) <--> âˆƒ v(12) . (f(g(h(v(13))), g(v(11))) <--> f(g(v(12)), g(v(11))) and (v(12) === h(v(13))))) [e-scope] ;

(146)(f(g(h(v(13))), g(v(11))) <--> âˆƒ v(12) . f(g(v(12)), g(v(11))) and (v(12) === h(v(13)))) [modus-ponens(144, 145)] ;

(147)((âˆƒ v(13) . ((v(11) === c) and (v(13) === a) or (v(11) === z) and (v(13) === x)) and f(g(h(v(13))), g(v(11)))) <--> âˆƒ v(13) . ((v(11) === c) and (v(13) === a) or (v(11) === z) and (v(13) === x)) and (âˆƒ v(12) . f(g(v(12)), g(v(11))) and (v(12) === h(v(13))))) [e-context(146)] ;

(148)((âˆƒ v(11) . âˆƒ v(13) . ((v(11) === c) and (v(13) === a) or (v(11) === z) and (v(13) === x)) and f(g(h(v(13))), g(v(11)))) <--> âˆƒ v(11) . âˆƒ v(13) . ((v(11) === c) and (v(13) === a) or (v(11) === z) and (v(13) === x)) and (âˆƒ v(12) . f(g(v(12)), g(v(11))) and (v(12) === h(v(13))))) [e-context(147)] ;

(149)((âˆƒ v(11) . âˆƒ v(13) . ((v(11) === c) and (v(13) === a) or (v(11) === z) and (v(13) === x)) and (âˆƒ v(12) . f(g(v(12)), g(v(11))) and (v(12) === h(v(13))))) <--> âˆƒ v(11) ; v(13) . ((v(11) === c) and (v(13) === a) or (v(11) === z) and (v(13) === x)) and (âˆƒ v(12) . f(g(v(12)), g(v(11))) and (v(12) === h(v(13))))) [e-set] ;

(150)((âˆƒ v(11) . âˆƒ v(13) . ((v(11) === c) and (v(13) === a) or (v(11) === z) and (v(13) === x)) and f(g(h(v(13))), g(v(11)))) <--> âˆƒ v(11) ; v(13) . ((v(11) === c) and (v(13) === a) or (v(11) === z) and (v(13) === x)) and f(g(h(v(13))), g(v(11)))) [e-set] ;

(151)((âˆƒ v(11) . âˆƒ v(13) . ((v(11) === c) and (v(13) === a) or (v(11) === z) and (v(13) === x)) and f(g(h(v(13))), g(v(11)))) <--> âˆƒ v(11) ; v(13) . ((v(11) === c) and (v(13) === a) or (v(11) === z) and (v(13) === x)) and (âˆƒ v(12) . f(g(v(12)), g(v(11))) and (v(12) === h(v(13))))) [eqv-tranz(149, 148)] ;

(152)((âˆƒ v(11) ; v(13) . ((v(11) === c) and (v(13) === a) or (v(11) === z) and (v(13) === x)) and f(g(h(v(13))), g(v(11)))) <--> âˆƒ v(11) ; v(13) . ((v(11) === c) and (v(13) === a) or (v(11) === z) and (v(13) === x)) and (âˆƒ v(12) . f(g(v(12)), g(v(11))) and (v(12) === h(v(13))))) [eqv-tranz(151, 150)] ;

(153)((âˆƒ v(11) ; v(12) . ((v(11) === c) and (v(12) === h(a)) or (v(11) === z) and (v(12) === h(x))) and f(g(v(12)), g(v(11)))) <--> âˆƒ v(11) ; v(12) ; v(13) . ((v(11) === c) and (v(13) === a) or (v(11) === z) and (v(13) === x)) and f(g(v(12)), g(v(11))) and (v(12) === h(v(13)))) [eqv-tranz(135, 139)] ;

(154)((âˆƒ v(11) ; v(12) . ((v(11) === c) and (v(12) === h(a)) or (v(11) === z) and (v(12) === h(x))) and f(g(v(12)), g(v(11)))) <--> âˆƒ v(11) ; v(13) . ((v(11) === c) and (v(13) === a) or (v(11) === z) and (v(13) === x)) and (âˆƒ v(12) . f(g(v(12)), g(v(11))) and (v(12) === h(v(13))))) [eqv-tranz(153, 143)] ;

(155)((âˆƒ v(11) ; v(12) . ((v(11) === c) and (v(12) === h(a)) or (v(11) === z) and (v(12) === h(x))) and f(g(v(12)), g(v(11)))) <--> âˆƒ v(11) ; v(13) . ((v(11) === c) and (v(13) === a) or (v(11) === z) and (v(13) === x)) and f(g(h(v(13))), g(v(11)))) [eqv-tranz(152, 154)] ;

(156)(f(g(h(a)), g(c)) or f(g(h(x)), g(z)) <--> âˆƒ v(11) ; v(13) . ((v(11) === c) and (v(13) === a) or (v(11) === z) and (v(13) === x)) and f(g(h(v(13))), g(v(11)))) [eqv-tranz(120, 155)] ;
The proof generated for input: 11_multiple_levels.in has 156 lines and generation took 0.049 seconds.
