[1m[95mProof of:[94m (c(a, c(z, x)) or c(x, y) <--> âˆƒ v(9) ; v(10) . ((v(9) === a) and (v(10) === c(z, x)) or (v(9) === x) and (v(10) === y)) and c(v(9), v(10)))  [0m
(1)(âˆƒ v(6) . (c(x, y) <--> v(6) and (v(6) === c(x, y)))) [e-subst] ;

(2)((c(x, y) <--> âˆƒ v(6) . v(6) and (v(6) === c(x, y))) <--> âˆƒ v(6) . (c(x, y) <--> v(6) and (v(6) === c(x, y)))) [e-scope] ;

(3)(c(x, y) <--> âˆƒ v(6) . v(6) and (v(6) === c(x, y))) [modus-ponens(1, 2)] ;

(4)(âˆƒ v(6) . (c(a, c(z, x)) <--> v(6) and (v(6) === c(a, c(z, x))))) [e-subst] ;

(5)((c(a, c(z, x)) <--> âˆƒ v(6) . v(6) and (v(6) === c(a, c(z, x)))) <--> âˆƒ v(6) . (c(a, c(z, x)) <--> v(6) and (v(6) === c(a, c(z, x))))) [e-scope] ;

(6)(c(a, c(z, x)) <--> âˆƒ v(6) . v(6) and (v(6) === c(a, c(z, x)))) [modus-ponens(4, 5)] ;

(7)(c(a, c(z, x)) or c(x, y) <--> (âˆƒ v(6) . v(6) and (v(6) === c(a, c(z, x)))) or (âˆƒ v(6) . v(6) and (v(6) === c(x, y)))) [eqv-or(3, 6)] ;

(8)((âˆƒ v(6) . v(6) and (v(6) === c(a, c(z, x)))) or (âˆƒ v(6) . v(6) and (v(6) === c(x, y))) <--> âˆƒ v(6) . v(6) and (v(6) === c(a, c(z, x))) or v(6) and (v(6) === c(x, y))) [e-collapse] ;

(9)(v(6) and ((v(6) === c(a, c(z, x))) or (v(6) === c(x, y))) <--> v(6) and (v(6) === c(a, c(z, x))) or v(6) and (v(6) === c(x, y))) [and-or-distr] ;

(10)((âˆƒ v(6) . v(6) and ((v(6) === c(a, c(z, x))) or (v(6) === c(x, y)))) <--> âˆƒ v(6) . v(6) and (v(6) === c(a, c(z, x))) or v(6) and (v(6) === c(x, y))) [e-context(9)] ;

(11)(c(a, c(z, x)) or c(x, y) <--> âˆƒ v(6) . v(6) and (v(6) === c(a, c(z, x))) or v(6) and (v(6) === c(x, y))) [eqv-tranz(7, 8)] ;

(12)(c(a, c(z, x)) or c(x, y) <--> âˆƒ v(6) . v(6) and ((v(6) === c(a, c(z, x))) or (v(6) === c(x, y)))) [eqv-tranz(11, 10)] ;

(13)((v(6) === c(x, y)) <--> âˆƒ v(9) ; v(10) . (v(6) === c(v(9), v(10))) and (v(9) === x) and (v(10) === y)) [e-gen] ;

(14)((v(6) === c(x, y)) <--> âˆƒ v(9) ; v(10) . (v(6) === c(v(9), v(10))) and (v(9) === x) and (v(10) === y)) [and-eqv-intro(13)] ;

(15)((âˆƒ v(9) ; v(10) . (v(6) === c(v(9), v(10))) and (v(9) === x) and (v(10) === y)) <--> âˆƒ v(9) ; v(10) . (v(6) === c(v(9), v(10))) and (v(9) === x) and (v(10) === y)) [e-scope] ;

(16)((v(6) === c(x, y)) <--> âˆƒ v(9) ; v(10) . (v(6) === c(v(9), v(10))) and (v(9) === x) and (v(10) === y)) [eqv-tranz(14, 15)] ;

(17)((v(6) === c(a, c(z, x))) <--> âˆƒ v(9) ; v(10) . (v(6) === c(v(9), v(10))) and (v(9) === a) and (v(10) === c(z, x))) [e-gen] ;

(18)((v(6) === c(a, c(z, x))) <--> âˆƒ v(9) ; v(10) . (v(6) === c(v(9), v(10))) and (v(9) === a) and (v(10) === c(z, x))) [and-eqv-intro(17)] ;

(19)((âˆƒ v(9) ; v(10) . (v(6) === c(v(9), v(10))) and (v(9) === a) and (v(10) === c(z, x))) <--> âˆƒ v(9) ; v(10) . (v(6) === c(v(9), v(10))) and (v(9) === a) and (v(10) === c(z, x))) [e-scope] ;

(20)((v(6) === c(a, c(z, x))) <--> âˆƒ v(9) ; v(10) . (v(6) === c(v(9), v(10))) and (v(9) === a) and (v(10) === c(z, x))) [eqv-tranz(18, 19)] ;

(21)((v(6) === c(a, c(z, x))) or (v(6) === c(x, y)) <--> (âˆƒ v(9) ; v(10) . (v(6) === c(v(9), v(10))) and (v(9) === a) and (v(10) === c(z, x))) or (âˆƒ v(9) ; v(10) . (v(6) === c(v(9), v(10))) and (v(9) === x) and (v(10) === y))) [eqv-or(16, 20)] ;

(22)((âˆƒ v(9) ; v(10) . (v(6) === c(v(9), v(10))) and (v(9) === a) and (v(10) === c(z, x))) or (âˆƒ v(9) ; v(10) . (v(6) === c(v(9), v(10))) and (v(9) === x) and (v(10) === y)) <--> âˆƒ v(9) ; v(10) . (v(6) === c(v(9), v(10))) and (v(9) === a) and (v(10) === c(z, x)) or (v(6) === c(v(9), v(10))) and (v(9) === x) and (v(10) === y)) [e-collapse] ;

(23)((v(6) === c(a, c(z, x))) or (v(6) === c(x, y)) <--> âˆƒ v(9) ; v(10) . (v(6) === c(v(9), v(10))) and (v(9) === a) and (v(10) === c(z, x)) or (v(6) === c(v(9), v(10))) and (v(9) === x) and (v(10) === y)) [eqv-tranz(21, 22)] ;

(24)(((v(9) === a) and (v(10) === c(z, x)) or (v(9) === x) and (v(10) === y)) and (v(6) === c(v(9), v(10))) <--> (v(6) === c(v(9), v(10))) and (v(9) === a) and (v(10) === c(z, x)) or (v(6) === c(v(9), v(10))) and (v(9) === x) and (v(10) === y)) [and-or-distr] ;

(25)((âˆƒ v(9) ; v(10) . ((v(9) === a) and (v(10) === c(z, x)) or (v(9) === x) and (v(10) === y)) and (v(6) === c(v(9), v(10)))) <--> âˆƒ v(9) ; v(10) . (v(6) === c(v(9), v(10))) and (v(9) === a) and (v(10) === c(z, x)) or (v(6) === c(v(9), v(10))) and (v(9) === x) and (v(10) === y)) [e-context(24)] ;

(26)((v(6) === c(a, c(z, x))) or (v(6) === c(x, y)) <--> âˆƒ v(9) ; v(10) . ((v(9) === a) and (v(10) === c(z, x)) or (v(9) === x) and (v(10) === y)) and (v(6) === c(v(9), v(10)))) [eqv-tranz(23, 25)] ;

(27)((âˆƒ v(6) . v(6) and ((v(6) === c(a, c(z, x))) or (v(6) === c(x, y)))) <--> âˆƒ v(6) . v(6) and (âˆƒ v(9) ; v(10) . ((v(9) === a) and (v(10) === c(z, x)) or (v(9) === x) and (v(10) === y)) and (v(6) === c(v(9), v(10))))) [e-context(26)] ;

(28)(v(6) and (âˆƒ v(9) ; v(10) . ((v(9) === a) and (v(10) === c(z, x)) or (v(9) === x) and (v(10) === y)) and (v(6) === c(v(9), v(10)))) <--> âˆƒ v(9) ; v(10) . v(6) and ((v(9) === a) and (v(10) === c(z, x)) or (v(9) === x) and (v(10) === y)) and (v(6) === c(v(9), v(10)))) [e-scope] ;

(29)((âˆƒ v(6) . v(6) and (âˆƒ v(9) ; v(10) . ((v(9) === a) and (v(10) === c(z, x)) or (v(9) === x) and (v(10) === y)) and (v(6) === c(v(9), v(10))))) <--> âˆƒ v(6) . âˆƒ v(9) ; v(10) . v(6) and ((v(9) === a) and (v(10) === c(z, x)) or (v(9) === x) and (v(10) === y)) and (v(6) === c(v(9), v(10)))) [e-context(28)] ;

(30)((âˆƒ v(6) . âˆƒ v(9) ; v(10) . v(6) and ((v(9) === a) and (v(10) === c(z, x)) or (v(9) === x) and (v(10) === y)) and (v(6) === c(v(9), v(10)))) <--> âˆƒ v(6) ; v(9) ; v(10) . v(6) and ((v(9) === a) and (v(10) === c(z, x)) or (v(9) === x) and (v(10) === y)) and (v(6) === c(v(9), v(10)))) [e-set] ;

(31)((âˆƒ v(6) . v(6) and (âˆƒ v(9) ; v(10) . ((v(9) === a) and (v(10) === c(z, x)) or (v(9) === x) and (v(10) === y)) and (v(6) === c(v(9), v(10))))) <--> âˆƒ v(6) ; v(9) ; v(10) . v(6) and ((v(9) === a) and (v(10) === c(z, x)) or (v(9) === x) and (v(10) === y)) and (v(6) === c(v(9), v(10)))) [eqv-tranz(29, 30)] ;

(32)(((v(9) === a) and (v(10) === c(z, x)) or (v(9) === x) and (v(10) === y)) and (âˆƒ v(6) . v(6) and (v(6) === c(v(9), v(10)))) <--> âˆƒ v(6) . v(6) and ((v(9) === a) and (v(10) === c(z, x)) or (v(9) === x) and (v(10) === y)) and (v(6) === c(v(9), v(10)))) [e-scope] ;

(33)((âˆƒ v(9) ; v(10) . ((v(9) === a) and (v(10) === c(z, x)) or (v(9) === x) and (v(10) === y)) and (âˆƒ v(6) . v(6) and (v(6) === c(v(9), v(10))))) <--> âˆƒ v(9) ; v(10) . âˆƒ v(6) . v(6) and ((v(9) === a) and (v(10) === c(z, x)) or (v(9) === x) and (v(10) === y)) and (v(6) === c(v(9), v(10)))) [e-context(32)] ;

(34)((âˆƒ v(9) ; v(10) . âˆƒ v(6) . v(6) and ((v(9) === a) and (v(10) === c(z, x)) or (v(9) === x) and (v(10) === y)) and (v(6) === c(v(9), v(10)))) <--> âˆƒ v(6) ; v(9) ; v(10) . v(6) and ((v(9) === a) and (v(10) === c(z, x)) or (v(9) === x) and (v(10) === y)) and (v(6) === c(v(9), v(10)))) [e-set] ;

(35)((âˆƒ v(9) ; v(10) . ((v(9) === a) and (v(10) === c(z, x)) or (v(9) === x) and (v(10) === y)) and (âˆƒ v(6) . v(6) and (v(6) === c(v(9), v(10))))) <--> âˆƒ v(6) ; v(9) ; v(10) . v(6) and ((v(9) === a) and (v(10) === c(z, x)) or (v(9) === x) and (v(10) === y)) and (v(6) === c(v(9), v(10)))) [eqv-tranz(34, 33)] ;

(36)(âˆƒ v(6) . (c(v(9), v(10)) <--> v(6) and (v(6) === c(v(9), v(10))))) [e-subst] ;

(37)((c(v(9), v(10)) <--> âˆƒ v(6) . v(6) and (v(6) === c(v(9), v(10)))) <--> âˆƒ v(6) . (c(v(9), v(10)) <--> v(6) and (v(6) === c(v(9), v(10))))) [e-scope] ;

(38)(c(v(9), v(10)) <--> âˆƒ v(6) . v(6) and (v(6) === c(v(9), v(10)))) [modus-ponens(36, 37)] ;

(39)((âˆƒ v(9) ; v(10) . ((v(9) === a) and (v(10) === c(z, x)) or (v(9) === x) and (v(10) === y)) and c(v(9), v(10))) <--> âˆƒ v(9) ; v(10) . ((v(9) === a) and (v(10) === c(z, x)) or (v(9) === x) and (v(10) === y)) and (âˆƒ v(6) . v(6) and (v(6) === c(v(9), v(10))))) [e-context(38)] ;

(40)((âˆƒ .Vars . âˆƒ v(9) ; v(10) . ((v(9) === a) and (v(10) === c(z, x)) or (v(9) === x) and (v(10) === y)) and c(v(9), v(10))) <--> âˆƒ .Vars . âˆƒ v(9) ; v(10) . ((v(9) === a) and (v(10) === c(z, x)) or (v(9) === x) and (v(10) === y)) and (âˆƒ v(6) . v(6) and (v(6) === c(v(9), v(10))))) [e-context(39)] ;

(41)((âˆƒ .Vars . âˆƒ v(9) ; v(10) . ((v(9) === a) and (v(10) === c(z, x)) or (v(9) === x) and (v(10) === y)) and (âˆƒ v(6) . v(6) and (v(6) === c(v(9), v(10))))) <--> âˆƒ v(9) ; v(10) . ((v(9) === a) and (v(10) === c(z, x)) or (v(9) === x) and (v(10) === y)) and (âˆƒ v(6) . v(6) and (v(6) === c(v(9), v(10))))) [e-set] ;

(42)((âˆƒ .Vars . âˆƒ v(9) ; v(10) . ((v(9) === a) and (v(10) === c(z, x)) or (v(9) === x) and (v(10) === y)) and c(v(9), v(10))) <--> âˆƒ v(9) ; v(10) . ((v(9) === a) and (v(10) === c(z, x)) or (v(9) === x) and (v(10) === y)) and c(v(9), v(10))) [e-set] ;

(43)((âˆƒ .Vars . âˆƒ v(9) ; v(10) . ((v(9) === a) and (v(10) === c(z, x)) or (v(9) === x) and (v(10) === y)) and c(v(9), v(10))) <--> âˆƒ v(9) ; v(10) . ((v(9) === a) and (v(10) === c(z, x)) or (v(9) === x) and (v(10) === y)) and (âˆƒ v(6) . v(6) and (v(6) === c(v(9), v(10))))) [eqv-tranz(41, 40)] ;

(44)((âˆƒ v(9) ; v(10) . ((v(9) === a) and (v(10) === c(z, x)) or (v(9) === x) and (v(10) === y)) and c(v(9), v(10))) <--> âˆƒ v(9) ; v(10) . ((v(9) === a) and (v(10) === c(z, x)) or (v(9) === x) and (v(10) === y)) and (âˆƒ v(6) . v(6) and (v(6) === c(v(9), v(10))))) [eqv-tranz(43, 42)] ;

(45)((âˆƒ v(6) . v(6) and ((v(6) === c(a, c(z, x))) or (v(6) === c(x, y)))) <--> âˆƒ v(6) ; v(9) ; v(10) . v(6) and ((v(9) === a) and (v(10) === c(z, x)) or (v(9) === x) and (v(10) === y)) and (v(6) === c(v(9), v(10)))) [eqv-tranz(27, 31)] ;

(46)((âˆƒ v(6) . v(6) and ((v(6) === c(a, c(z, x))) or (v(6) === c(x, y)))) <--> âˆƒ v(9) ; v(10) . ((v(9) === a) and (v(10) === c(z, x)) or (v(9) === x) and (v(10) === y)) and (âˆƒ v(6) . v(6) and (v(6) === c(v(9), v(10))))) [eqv-tranz(45, 35)] ;

(47)((âˆƒ v(6) . v(6) and ((v(6) === c(a, c(z, x))) or (v(6) === c(x, y)))) <--> âˆƒ v(9) ; v(10) . ((v(9) === a) and (v(10) === c(z, x)) or (v(9) === x) and (v(10) === y)) and c(v(9), v(10))) [eqv-tranz(44, 46)] ;

(48)(c(a, c(z, x)) or c(x, y) <--> âˆƒ v(9) ; v(10) . ((v(9) === a) and (v(10) === c(z, x)) or (v(9) === x) and (v(10) === y)) and c(v(9), v(10))) [eqv-tranz(12, 47)] ;
The proof generated for input: 5_misc.in has 48 lines and generation took 0.042 seconds.
