[1m[95mProof of:[94m (g(x, g(u, t)) or g(x, g(z, x)) <--> âˆƒ v(7) ; v(9) ; v(10) . ((v(7) === x) and (v(9) === u) and (v(10) === t) or (v(7) === x) and (v(9) === z) and (v(10) === x)) and g(v(7), g(v(9), v(10))))  [0m
(1)(âˆƒ v(4) . (g(x, g(z, x)) <--> v(4) and (v(4) === g(x, g(z, x))))) [e-subst] ;

(2)((g(x, g(z, x)) <--> âˆƒ v(4) . v(4) and (v(4) === g(x, g(z, x)))) <--> âˆƒ v(4) . (g(x, g(z, x)) <--> v(4) and (v(4) === g(x, g(z, x))))) [e-scope] ;

(3)(g(x, g(z, x)) <--> âˆƒ v(4) . v(4) and (v(4) === g(x, g(z, x)))) [modus-ponens(1, 2)] ;

(4)(âˆƒ v(4) . (g(x, g(u, t)) <--> v(4) and (v(4) === g(x, g(u, t))))) [e-subst] ;

(5)((g(x, g(u, t)) <--> âˆƒ v(4) . v(4) and (v(4) === g(x, g(u, t)))) <--> âˆƒ v(4) . (g(x, g(u, t)) <--> v(4) and (v(4) === g(x, g(u, t))))) [e-scope] ;

(6)(g(x, g(u, t)) <--> âˆƒ v(4) . v(4) and (v(4) === g(x, g(u, t)))) [modus-ponens(4, 5)] ;

(7)(g(x, g(u, t)) or g(x, g(z, x)) <--> (âˆƒ v(4) . v(4) and (v(4) === g(x, g(u, t)))) or (âˆƒ v(4) . v(4) and (v(4) === g(x, g(z, x))))) [eqv-or(3, 6)] ;

(8)((âˆƒ v(4) . v(4) and (v(4) === g(x, g(u, t)))) or (âˆƒ v(4) . v(4) and (v(4) === g(x, g(z, x)))) <--> âˆƒ v(4) . v(4) and (v(4) === g(x, g(u, t))) or v(4) and (v(4) === g(x, g(z, x)))) [e-collapse] ;

(9)(v(4) and ((v(4) === g(x, g(u, t))) or (v(4) === g(x, g(z, x)))) <--> v(4) and (v(4) === g(x, g(u, t))) or v(4) and (v(4) === g(x, g(z, x)))) [and-or-distr] ;

(10)((âˆƒ v(4) . v(4) and ((v(4) === g(x, g(u, t))) or (v(4) === g(x, g(z, x))))) <--> âˆƒ v(4) . v(4) and (v(4) === g(x, g(u, t))) or v(4) and (v(4) === g(x, g(z, x)))) [e-context(9)] ;

(11)(g(x, g(u, t)) or g(x, g(z, x)) <--> âˆƒ v(4) . v(4) and (v(4) === g(x, g(u, t))) or v(4) and (v(4) === g(x, g(z, x)))) [eqv-tranz(7, 8)] ;

(12)(g(x, g(u, t)) or g(x, g(z, x)) <--> âˆƒ v(4) . v(4) and ((v(4) === g(x, g(u, t))) or (v(4) === g(x, g(z, x))))) [eqv-tranz(11, 10)] ;

(13)((v(4) === g(x, g(z, x))) <--> âˆƒ v(7) ; v(8) . (v(4) === g(v(7), v(8))) and (v(7) === x) and (v(8) === g(z, x))) [e-gen] ;

(14)((v(4) === g(x, g(z, x))) <--> âˆƒ v(7) ; v(8) . (v(4) === g(v(7), v(8))) and (v(7) === x) and (v(8) === g(z, x))) [and-eqv-intro(13)] ;

(15)((âˆƒ v(7) ; v(8) . (v(4) === g(v(7), v(8))) and (v(7) === x) and (v(8) === g(z, x))) <--> âˆƒ v(7) ; v(8) . (v(4) === g(v(7), v(8))) and (v(7) === x) and (v(8) === g(z, x))) [e-scope] ;

(16)((v(4) === g(x, g(z, x))) <--> âˆƒ v(7) ; v(8) . (v(4) === g(v(7), v(8))) and (v(7) === x) and (v(8) === g(z, x))) [eqv-tranz(14, 15)] ;

(17)((v(4) === g(x, g(u, t))) <--> âˆƒ v(7) ; v(8) . (v(4) === g(v(7), v(8))) and (v(7) === x) and (v(8) === g(u, t))) [e-gen] ;

(18)((v(4) === g(x, g(u, t))) <--> âˆƒ v(7) ; v(8) . (v(4) === g(v(7), v(8))) and (v(7) === x) and (v(8) === g(u, t))) [and-eqv-intro(17)] ;

(19)((âˆƒ v(7) ; v(8) . (v(4) === g(v(7), v(8))) and (v(7) === x) and (v(8) === g(u, t))) <--> âˆƒ v(7) ; v(8) . (v(4) === g(v(7), v(8))) and (v(7) === x) and (v(8) === g(u, t))) [e-scope] ;

(20)((v(4) === g(x, g(u, t))) <--> âˆƒ v(7) ; v(8) . (v(4) === g(v(7), v(8))) and (v(7) === x) and (v(8) === g(u, t))) [eqv-tranz(18, 19)] ;

(21)((v(4) === g(x, g(u, t))) or (v(4) === g(x, g(z, x))) <--> (âˆƒ v(7) ; v(8) . (v(4) === g(v(7), v(8))) and (v(7) === x) and (v(8) === g(u, t))) or (âˆƒ v(7) ; v(8) . (v(4) === g(v(7), v(8))) and (v(7) === x) and (v(8) === g(z, x)))) [eqv-or(16, 20)] ;

(22)((âˆƒ v(7) ; v(8) . (v(4) === g(v(7), v(8))) and (v(7) === x) and (v(8) === g(u, t))) or (âˆƒ v(7) ; v(8) . (v(4) === g(v(7), v(8))) and (v(7) === x) and (v(8) === g(z, x))) <--> âˆƒ v(7) ; v(8) . (v(4) === g(v(7), v(8))) and (v(7) === x) and (v(8) === g(u, t)) or (v(4) === g(v(7), v(8))) and (v(7) === x) and (v(8) === g(z, x))) [e-collapse] ;

(23)((v(4) === g(x, g(u, t))) or (v(4) === g(x, g(z, x))) <--> âˆƒ v(7) ; v(8) . (v(4) === g(v(7), v(8))) and (v(7) === x) and (v(8) === g(u, t)) or (v(4) === g(v(7), v(8))) and (v(7) === x) and (v(8) === g(z, x))) [eqv-tranz(21, 22)] ;

(24)(((v(7) === x) and (v(8) === g(u, t)) or (v(7) === x) and (v(8) === g(z, x))) and (v(4) === g(v(7), v(8))) <--> (v(4) === g(v(7), v(8))) and (v(7) === x) and (v(8) === g(u, t)) or (v(4) === g(v(7), v(8))) and (v(7) === x) and (v(8) === g(z, x))) [and-or-distr] ;

(25)((âˆƒ v(7) ; v(8) . ((v(7) === x) and (v(8) === g(u, t)) or (v(7) === x) and (v(8) === g(z, x))) and (v(4) === g(v(7), v(8)))) <--> âˆƒ v(7) ; v(8) . (v(4) === g(v(7), v(8))) and (v(7) === x) and (v(8) === g(u, t)) or (v(4) === g(v(7), v(8))) and (v(7) === x) and (v(8) === g(z, x))) [e-context(24)] ;

(26)((v(4) === g(x, g(u, t))) or (v(4) === g(x, g(z, x))) <--> âˆƒ v(7) ; v(8) . ((v(7) === x) and (v(8) === g(u, t)) or (v(7) === x) and (v(8) === g(z, x))) and (v(4) === g(v(7), v(8)))) [eqv-tranz(23, 25)] ;

(27)((âˆƒ v(4) . v(4) and ((v(4) === g(x, g(u, t))) or (v(4) === g(x, g(z, x))))) <--> âˆƒ v(4) . v(4) and (âˆƒ v(7) ; v(8) . ((v(7) === x) and (v(8) === g(u, t)) or (v(7) === x) and (v(8) === g(z, x))) and (v(4) === g(v(7), v(8))))) [e-context(26)] ;

(28)(v(4) and (âˆƒ v(7) ; v(8) . ((v(7) === x) and (v(8) === g(u, t)) or (v(7) === x) and (v(8) === g(z, x))) and (v(4) === g(v(7), v(8)))) <--> âˆƒ v(7) ; v(8) . v(4) and ((v(7) === x) and (v(8) === g(u, t)) or (v(7) === x) and (v(8) === g(z, x))) and (v(4) === g(v(7), v(8)))) [e-scope] ;

(29)((âˆƒ v(4) . v(4) and (âˆƒ v(7) ; v(8) . ((v(7) === x) and (v(8) === g(u, t)) or (v(7) === x) and (v(8) === g(z, x))) and (v(4) === g(v(7), v(8))))) <--> âˆƒ v(4) . âˆƒ v(7) ; v(8) . v(4) and ((v(7) === x) and (v(8) === g(u, t)) or (v(7) === x) and (v(8) === g(z, x))) and (v(4) === g(v(7), v(8)))) [e-context(28)] ;

(30)((âˆƒ v(4) . âˆƒ v(7) ; v(8) . v(4) and ((v(7) === x) and (v(8) === g(u, t)) or (v(7) === x) and (v(8) === g(z, x))) and (v(4) === g(v(7), v(8)))) <--> âˆƒ v(4) ; v(7) ; v(8) . v(4) and ((v(7) === x) and (v(8) === g(u, t)) or (v(7) === x) and (v(8) === g(z, x))) and (v(4) === g(v(7), v(8)))) [e-set] ;

(31)((âˆƒ v(4) . v(4) and (âˆƒ v(7) ; v(8) . ((v(7) === x) and (v(8) === g(u, t)) or (v(7) === x) and (v(8) === g(z, x))) and (v(4) === g(v(7), v(8))))) <--> âˆƒ v(4) ; v(7) ; v(8) . v(4) and ((v(7) === x) and (v(8) === g(u, t)) or (v(7) === x) and (v(8) === g(z, x))) and (v(4) === g(v(7), v(8)))) [eqv-tranz(29, 30)] ;

(32)(((v(7) === x) and (v(8) === g(u, t)) or (v(7) === x) and (v(8) === g(z, x))) and (âˆƒ v(4) . v(4) and (v(4) === g(v(7), v(8)))) <--> âˆƒ v(4) . v(4) and ((v(7) === x) and (v(8) === g(u, t)) or (v(7) === x) and (v(8) === g(z, x))) and (v(4) === g(v(7), v(8)))) [e-scope] ;

(33)((âˆƒ v(7) ; v(8) . ((v(7) === x) and (v(8) === g(u, t)) or (v(7) === x) and (v(8) === g(z, x))) and (âˆƒ v(4) . v(4) and (v(4) === g(v(7), v(8))))) <--> âˆƒ v(7) ; v(8) . âˆƒ v(4) . v(4) and ((v(7) === x) and (v(8) === g(u, t)) or (v(7) === x) and (v(8) === g(z, x))) and (v(4) === g(v(7), v(8)))) [e-context(32)] ;

(34)((âˆƒ v(7) ; v(8) . âˆƒ v(4) . v(4) and ((v(7) === x) and (v(8) === g(u, t)) or (v(7) === x) and (v(8) === g(z, x))) and (v(4) === g(v(7), v(8)))) <--> âˆƒ v(4) ; v(7) ; v(8) . v(4) and ((v(7) === x) and (v(8) === g(u, t)) or (v(7) === x) and (v(8) === g(z, x))) and (v(4) === g(v(7), v(8)))) [e-set] ;

(35)((âˆƒ v(7) ; v(8) . ((v(7) === x) and (v(8) === g(u, t)) or (v(7) === x) and (v(8) === g(z, x))) and (âˆƒ v(4) . v(4) and (v(4) === g(v(7), v(8))))) <--> âˆƒ v(4) ; v(7) ; v(8) . v(4) and ((v(7) === x) and (v(8) === g(u, t)) or (v(7) === x) and (v(8) === g(z, x))) and (v(4) === g(v(7), v(8)))) [eqv-tranz(34, 33)] ;

(36)(âˆƒ v(4) . (g(v(7), v(8)) <--> v(4) and (v(4) === g(v(7), v(8))))) [e-subst] ;

(37)((g(v(7), v(8)) <--> âˆƒ v(4) . v(4) and (v(4) === g(v(7), v(8)))) <--> âˆƒ v(4) . (g(v(7), v(8)) <--> v(4) and (v(4) === g(v(7), v(8))))) [e-scope] ;

(38)(g(v(7), v(8)) <--> âˆƒ v(4) . v(4) and (v(4) === g(v(7), v(8)))) [modus-ponens(36, 37)] ;

(39)((âˆƒ v(7) ; v(8) . ((v(7) === x) and (v(8) === g(u, t)) or (v(7) === x) and (v(8) === g(z, x))) and g(v(7), v(8))) <--> âˆƒ v(7) ; v(8) . ((v(7) === x) and (v(8) === g(u, t)) or (v(7) === x) and (v(8) === g(z, x))) and (âˆƒ v(4) . v(4) and (v(4) === g(v(7), v(8))))) [e-context(38)] ;

(40)((âˆƒ .Vars . âˆƒ v(7) ; v(8) . ((v(7) === x) and (v(8) === g(u, t)) or (v(7) === x) and (v(8) === g(z, x))) and g(v(7), v(8))) <--> âˆƒ .Vars . âˆƒ v(7) ; v(8) . ((v(7) === x) and (v(8) === g(u, t)) or (v(7) === x) and (v(8) === g(z, x))) and (âˆƒ v(4) . v(4) and (v(4) === g(v(7), v(8))))) [e-context(39)] ;

(41)((âˆƒ .Vars . âˆƒ v(7) ; v(8) . ((v(7) === x) and (v(8) === g(u, t)) or (v(7) === x) and (v(8) === g(z, x))) and (âˆƒ v(4) . v(4) and (v(4) === g(v(7), v(8))))) <--> âˆƒ v(7) ; v(8) . ((v(7) === x) and (v(8) === g(u, t)) or (v(7) === x) and (v(8) === g(z, x))) and (âˆƒ v(4) . v(4) and (v(4) === g(v(7), v(8))))) [e-set] ;

(42)((âˆƒ .Vars . âˆƒ v(7) ; v(8) . ((v(7) === x) and (v(8) === g(u, t)) or (v(7) === x) and (v(8) === g(z, x))) and g(v(7), v(8))) <--> âˆƒ v(7) ; v(8) . ((v(7) === x) and (v(8) === g(u, t)) or (v(7) === x) and (v(8) === g(z, x))) and g(v(7), v(8))) [e-set] ;

(43)((âˆƒ .Vars . âˆƒ v(7) ; v(8) . ((v(7) === x) and (v(8) === g(u, t)) or (v(7) === x) and (v(8) === g(z, x))) and g(v(7), v(8))) <--> âˆƒ v(7) ; v(8) . ((v(7) === x) and (v(8) === g(u, t)) or (v(7) === x) and (v(8) === g(z, x))) and (âˆƒ v(4) . v(4) and (v(4) === g(v(7), v(8))))) [eqv-tranz(41, 40)] ;

(44)((âˆƒ v(7) ; v(8) . ((v(7) === x) and (v(8) === g(u, t)) or (v(7) === x) and (v(8) === g(z, x))) and g(v(7), v(8))) <--> âˆƒ v(7) ; v(8) . ((v(7) === x) and (v(8) === g(u, t)) or (v(7) === x) and (v(8) === g(z, x))) and (âˆƒ v(4) . v(4) and (v(4) === g(v(7), v(8))))) [eqv-tranz(43, 42)] ;

(45)((âˆƒ v(4) . v(4) and ((v(4) === g(x, g(u, t))) or (v(4) === g(x, g(z, x))))) <--> âˆƒ v(4) ; v(7) ; v(8) . v(4) and ((v(7) === x) and (v(8) === g(u, t)) or (v(7) === x) and (v(8) === g(z, x))) and (v(4) === g(v(7), v(8)))) [eqv-tranz(27, 31)] ;

(46)((âˆƒ v(4) . v(4) and ((v(4) === g(x, g(u, t))) or (v(4) === g(x, g(z, x))))) <--> âˆƒ v(7) ; v(8) . ((v(7) === x) and (v(8) === g(u, t)) or (v(7) === x) and (v(8) === g(z, x))) and (âˆƒ v(4) . v(4) and (v(4) === g(v(7), v(8))))) [eqv-tranz(45, 35)] ;

(47)((âˆƒ v(4) . v(4) and ((v(4) === g(x, g(u, t))) or (v(4) === g(x, g(z, x))))) <--> âˆƒ v(7) ; v(8) . ((v(7) === x) and (v(8) === g(u, t)) or (v(7) === x) and (v(8) === g(z, x))) and g(v(7), v(8))) [eqv-tranz(44, 46)] ;

(48)(g(x, g(u, t)) or g(x, g(z, x)) <--> âˆƒ v(7) ; v(8) . ((v(7) === x) and (v(8) === g(u, t)) or (v(7) === x) and (v(8) === g(z, x))) and g(v(7), v(8))) [eqv-tranz(12, 47)] ;

(49)((v(8) === g(z, x)) <--> âˆƒ v(9) ; v(10) . (v(8) === g(v(9), v(10))) and (v(9) === z) and (v(10) === x)) [e-gen] ;

(50)((v(7) === x) and (v(8) === g(z, x)) <--> (v(7) === x) and (âˆƒ v(9) ; v(10) . (v(8) === g(v(9), v(10))) and (v(9) === z) and (v(10) === x))) [and-eqv-intro(49)] ;

(51)((v(7) === x) and (âˆƒ v(9) ; v(10) . (v(8) === g(v(9), v(10))) and (v(9) === z) and (v(10) === x)) <--> âˆƒ v(9) ; v(10) . (v(7) === x) and (v(8) === g(v(9), v(10))) and (v(9) === z) and (v(10) === x)) [e-scope] ;

(52)((v(7) === x) and (v(8) === g(z, x)) <--> âˆƒ v(9) ; v(10) . (v(7) === x) and (v(8) === g(v(9), v(10))) and (v(9) === z) and (v(10) === x)) [eqv-tranz(50, 51)] ;

(53)((v(8) === g(u, t)) <--> âˆƒ v(9) ; v(10) . (v(8) === g(v(9), v(10))) and (v(9) === u) and (v(10) === t)) [e-gen] ;

(54)((v(7) === x) and (v(8) === g(u, t)) <--> (v(7) === x) and (âˆƒ v(9) ; v(10) . (v(8) === g(v(9), v(10))) and (v(9) === u) and (v(10) === t))) [and-eqv-intro(53)] ;

(55)((v(7) === x) and (âˆƒ v(9) ; v(10) . (v(8) === g(v(9), v(10))) and (v(9) === u) and (v(10) === t)) <--> âˆƒ v(9) ; v(10) . (v(7) === x) and (v(8) === g(v(9), v(10))) and (v(9) === u) and (v(10) === t)) [e-scope] ;

(56)((v(7) === x) and (v(8) === g(u, t)) <--> âˆƒ v(9) ; v(10) . (v(7) === x) and (v(8) === g(v(9), v(10))) and (v(9) === u) and (v(10) === t)) [eqv-tranz(54, 55)] ;

(57)((v(7) === x) and (v(8) === g(u, t)) or (v(7) === x) and (v(8) === g(z, x)) <--> (âˆƒ v(9) ; v(10) . (v(7) === x) and (v(8) === g(v(9), v(10))) and (v(9) === u) and (v(10) === t)) or (âˆƒ v(9) ; v(10) . (v(7) === x) and (v(8) === g(v(9), v(10))) and (v(9) === z) and (v(10) === x))) [eqv-or(52, 56)] ;

(58)((âˆƒ v(9) ; v(10) . (v(7) === x) and (v(8) === g(v(9), v(10))) and (v(9) === u) and (v(10) === t)) or (âˆƒ v(9) ; v(10) . (v(7) === x) and (v(8) === g(v(9), v(10))) and (v(9) === z) and (v(10) === x)) <--> âˆƒ v(9) ; v(10) . (v(7) === x) and (v(8) === g(v(9), v(10))) and (v(9) === u) and (v(10) === t) or (v(7) === x) and (v(8) === g(v(9), v(10))) and (v(9) === z) and (v(10) === x)) [e-collapse] ;

(59)((v(7) === x) and (v(8) === g(u, t)) or (v(7) === x) and (v(8) === g(z, x)) <--> âˆƒ v(9) ; v(10) . (v(7) === x) and (v(8) === g(v(9), v(10))) and (v(9) === u) and (v(10) === t) or (v(7) === x) and (v(8) === g(v(9), v(10))) and (v(9) === z) and (v(10) === x)) [eqv-tranz(57, 58)] ;

(60)(((v(7) === x) and (v(9) === u) and (v(10) === t) or (v(7) === x) and (v(9) === z) and (v(10) === x)) and (v(8) === g(v(9), v(10))) <--> (v(7) === x) and (v(8) === g(v(9), v(10))) and (v(9) === u) and (v(10) === t) or (v(7) === x) and (v(8) === g(v(9), v(10))) and (v(9) === z) and (v(10) === x)) [and-or-distr] ;

(61)((âˆƒ v(9) ; v(10) . ((v(7) === x) and (v(9) === u) and (v(10) === t) or (v(7) === x) and (v(9) === z) and (v(10) === x)) and (v(8) === g(v(9), v(10)))) <--> âˆƒ v(9) ; v(10) . (v(7) === x) and (v(8) === g(v(9), v(10))) and (v(9) === u) and (v(10) === t) or (v(7) === x) and (v(8) === g(v(9), v(10))) and (v(9) === z) and (v(10) === x)) [e-context(60)] ;

(62)((v(7) === x) and (v(8) === g(u, t)) or (v(7) === x) and (v(8) === g(z, x)) <--> âˆƒ v(9) ; v(10) . ((v(7) === x) and (v(9) === u) and (v(10) === t) or (v(7) === x) and (v(9) === z) and (v(10) === x)) and (v(8) === g(v(9), v(10)))) [eqv-tranz(59, 61)] ;

(63)((âˆƒ v(7) ; v(8) . ((v(7) === x) and (v(8) === g(u, t)) or (v(7) === x) and (v(8) === g(z, x))) and g(v(7), v(8))) <--> âˆƒ v(7) ; v(8) . g(v(7), v(8)) and (âˆƒ v(9) ; v(10) . ((v(7) === x) and (v(9) === u) and (v(10) === t) or (v(7) === x) and (v(9) === z) and (v(10) === x)) and (v(8) === g(v(9), v(10))))) [e-context(62)] ;

(64)(g(v(7), v(8)) and (âˆƒ v(9) ; v(10) . ((v(7) === x) and (v(9) === u) and (v(10) === t) or (v(7) === x) and (v(9) === z) and (v(10) === x)) and (v(8) === g(v(9), v(10)))) <--> âˆƒ v(9) ; v(10) . ((v(7) === x) and (v(9) === u) and (v(10) === t) or (v(7) === x) and (v(9) === z) and (v(10) === x)) and g(v(7), v(8)) and (v(8) === g(v(9), v(10)))) [e-scope] ;

(65)((âˆƒ v(7) ; v(8) . g(v(7), v(8)) and (âˆƒ v(9) ; v(10) . ((v(7) === x) and (v(9) === u) and (v(10) === t) or (v(7) === x) and (v(9) === z) and (v(10) === x)) and (v(8) === g(v(9), v(10))))) <--> âˆƒ v(7) ; v(8) . âˆƒ v(9) ; v(10) . ((v(7) === x) and (v(9) === u) and (v(10) === t) or (v(7) === x) and (v(9) === z) and (v(10) === x)) and g(v(7), v(8)) and (v(8) === g(v(9), v(10)))) [e-context(64)] ;

(66)((âˆƒ v(7) ; v(8) . âˆƒ v(9) ; v(10) . ((v(7) === x) and (v(9) === u) and (v(10) === t) or (v(7) === x) and (v(9) === z) and (v(10) === x)) and g(v(7), v(8)) and (v(8) === g(v(9), v(10)))) <--> âˆƒ v(7) ; v(8) ; v(9) ; v(10) . ((v(7) === x) and (v(9) === u) and (v(10) === t) or (v(7) === x) and (v(9) === z) and (v(10) === x)) and g(v(7), v(8)) and (v(8) === g(v(9), v(10)))) [e-set] ;

(67)((âˆƒ v(7) ; v(8) . g(v(7), v(8)) and (âˆƒ v(9) ; v(10) . ((v(7) === x) and (v(9) === u) and (v(10) === t) or (v(7) === x) and (v(9) === z) and (v(10) === x)) and (v(8) === g(v(9), v(10))))) <--> âˆƒ v(7) ; v(8) ; v(9) ; v(10) . ((v(7) === x) and (v(9) === u) and (v(10) === t) or (v(7) === x) and (v(9) === z) and (v(10) === x)) and g(v(7), v(8)) and (v(8) === g(v(9), v(10)))) [eqv-tranz(65, 66)] ;

(68)(((v(7) === x) and (v(9) === u) and (v(10) === t) or (v(7) === x) and (v(9) === z) and (v(10) === x)) and (âˆƒ v(8) . g(v(7), v(8)) and (v(8) === g(v(9), v(10)))) <--> âˆƒ v(8) . ((v(7) === x) and (v(9) === u) and (v(10) === t) or (v(7) === x) and (v(9) === z) and (v(10) === x)) and g(v(7), v(8)) and (v(8) === g(v(9), v(10)))) [e-scope] ;

(69)((âˆƒ v(7) ; v(9) ; v(10) . ((v(7) === x) and (v(9) === u) and (v(10) === t) or (v(7) === x) and (v(9) === z) and (v(10) === x)) and (âˆƒ v(8) . g(v(7), v(8)) and (v(8) === g(v(9), v(10))))) <--> âˆƒ v(7) ; v(9) ; v(10) . âˆƒ v(8) . ((v(7) === x) and (v(9) === u) and (v(10) === t) or (v(7) === x) and (v(9) === z) and (v(10) === x)) and g(v(7), v(8)) and (v(8) === g(v(9), v(10)))) [e-context(68)] ;

(70)((âˆƒ v(7) ; v(9) ; v(10) . âˆƒ v(8) . ((v(7) === x) and (v(9) === u) and (v(10) === t) or (v(7) === x) and (v(9) === z) and (v(10) === x)) and g(v(7), v(8)) and (v(8) === g(v(9), v(10)))) <--> âˆƒ v(7) ; v(8) ; v(9) ; v(10) . ((v(7) === x) and (v(9) === u) and (v(10) === t) or (v(7) === x) and (v(9) === z) and (v(10) === x)) and g(v(7), v(8)) and (v(8) === g(v(9), v(10)))) [e-set] ;

(71)((âˆƒ v(7) ; v(9) ; v(10) . ((v(7) === x) and (v(9) === u) and (v(10) === t) or (v(7) === x) and (v(9) === z) and (v(10) === x)) and (âˆƒ v(8) . g(v(7), v(8)) and (v(8) === g(v(9), v(10))))) <--> âˆƒ v(7) ; v(8) ; v(9) ; v(10) . ((v(7) === x) and (v(9) === u) and (v(10) === t) or (v(7) === x) and (v(9) === z) and (v(10) === x)) and g(v(7), v(8)) and (v(8) === g(v(9), v(10)))) [eqv-tranz(70, 69)] ;

(72)(âˆƒ v(8) . (g(v(7), g(v(9), v(10))) <--> g(v(7), v(8)) and (v(8) === g(v(9), v(10))))) [e-subst] ;

(73)((g(v(7), g(v(9), v(10))) <--> âˆƒ v(8) . g(v(7), v(8)) and (v(8) === g(v(9), v(10)))) <--> âˆƒ v(8) . (g(v(7), g(v(9), v(10))) <--> g(v(7), v(8)) and (v(8) === g(v(9), v(10))))) [e-scope] ;

(74)(g(v(7), g(v(9), v(10))) <--> âˆƒ v(8) . g(v(7), v(8)) and (v(8) === g(v(9), v(10)))) [modus-ponens(72, 73)] ;

(75)((âˆƒ v(9) ; v(10) . ((v(7) === x) and (v(9) === u) and (v(10) === t) or (v(7) === x) and (v(9) === z) and (v(10) === x)) and g(v(7), g(v(9), v(10)))) <--> âˆƒ v(9) ; v(10) . ((v(7) === x) and (v(9) === u) and (v(10) === t) or (v(7) === x) and (v(9) === z) and (v(10) === x)) and (âˆƒ v(8) . g(v(7), v(8)) and (v(8) === g(v(9), v(10))))) [e-context(74)] ;

(76)((âˆƒ v(7) . âˆƒ v(9) ; v(10) . ((v(7) === x) and (v(9) === u) and (v(10) === t) or (v(7) === x) and (v(9) === z) and (v(10) === x)) and g(v(7), g(v(9), v(10)))) <--> âˆƒ v(7) . âˆƒ v(9) ; v(10) . ((v(7) === x) and (v(9) === u) and (v(10) === t) or (v(7) === x) and (v(9) === z) and (v(10) === x)) and (âˆƒ v(8) . g(v(7), v(8)) and (v(8) === g(v(9), v(10))))) [e-context(75)] ;

(77)((âˆƒ v(7) . âˆƒ v(9) ; v(10) . ((v(7) === x) and (v(9) === u) and (v(10) === t) or (v(7) === x) and (v(9) === z) and (v(10) === x)) and (âˆƒ v(8) . g(v(7), v(8)) and (v(8) === g(v(9), v(10))))) <--> âˆƒ v(7) ; v(9) ; v(10) . ((v(7) === x) and (v(9) === u) and (v(10) === t) or (v(7) === x) and (v(9) === z) and (v(10) === x)) and (âˆƒ v(8) . g(v(7), v(8)) and (v(8) === g(v(9), v(10))))) [e-set] ;

(78)((âˆƒ v(7) . âˆƒ v(9) ; v(10) . ((v(7) === x) and (v(9) === u) and (v(10) === t) or (v(7) === x) and (v(9) === z) and (v(10) === x)) and g(v(7), g(v(9), v(10)))) <--> âˆƒ v(7) ; v(9) ; v(10) . ((v(7) === x) and (v(9) === u) and (v(10) === t) or (v(7) === x) and (v(9) === z) and (v(10) === x)) and g(v(7), g(v(9), v(10)))) [e-set] ;

(79)((âˆƒ v(7) . âˆƒ v(9) ; v(10) . ((v(7) === x) and (v(9) === u) and (v(10) === t) or (v(7) === x) and (v(9) === z) and (v(10) === x)) and g(v(7), g(v(9), v(10)))) <--> âˆƒ v(7) ; v(9) ; v(10) . ((v(7) === x) and (v(9) === u) and (v(10) === t) or (v(7) === x) and (v(9) === z) and (v(10) === x)) and (âˆƒ v(8) . g(v(7), v(8)) and (v(8) === g(v(9), v(10))))) [eqv-tranz(77, 76)] ;

(80)((âˆƒ v(7) ; v(9) ; v(10) . ((v(7) === x) and (v(9) === u) and (v(10) === t) or (v(7) === x) and (v(9) === z) and (v(10) === x)) and g(v(7), g(v(9), v(10)))) <--> âˆƒ v(7) ; v(9) ; v(10) . ((v(7) === x) and (v(9) === u) and (v(10) === t) or (v(7) === x) and (v(9) === z) and (v(10) === x)) and (âˆƒ v(8) . g(v(7), v(8)) and (v(8) === g(v(9), v(10))))) [eqv-tranz(79, 78)] ;

(81)((âˆƒ v(7) ; v(8) . ((v(7) === x) and (v(8) === g(u, t)) or (v(7) === x) and (v(8) === g(z, x))) and g(v(7), v(8))) <--> âˆƒ v(7) ; v(8) ; v(9) ; v(10) . ((v(7) === x) and (v(9) === u) and (v(10) === t) or (v(7) === x) and (v(9) === z) and (v(10) === x)) and g(v(7), v(8)) and (v(8) === g(v(9), v(10)))) [eqv-tranz(63, 67)] ;

(82)((âˆƒ v(7) ; v(8) . ((v(7) === x) and (v(8) === g(u, t)) or (v(7) === x) and (v(8) === g(z, x))) and g(v(7), v(8))) <--> âˆƒ v(7) ; v(9) ; v(10) . ((v(7) === x) and (v(9) === u) and (v(10) === t) or (v(7) === x) and (v(9) === z) and (v(10) === x)) and (âˆƒ v(8) . g(v(7), v(8)) and (v(8) === g(v(9), v(10))))) [eqv-tranz(81, 71)] ;

(83)((âˆƒ v(7) ; v(8) . ((v(7) === x) and (v(8) === g(u, t)) or (v(7) === x) and (v(8) === g(z, x))) and g(v(7), v(8))) <--> âˆƒ v(7) ; v(9) ; v(10) . ((v(7) === x) and (v(9) === u) and (v(10) === t) or (v(7) === x) and (v(9) === z) and (v(10) === x)) and g(v(7), g(v(9), v(10)))) [eqv-tranz(80, 82)] ;

(84)(g(x, g(u, t)) or g(x, g(z, x)) <--> âˆƒ v(7) ; v(9) ; v(10) . ((v(7) === x) and (v(9) === u) and (v(10) === t) or (v(7) === x) and (v(9) === z) and (v(10) === x)) and g(v(7), g(v(9), v(10)))) [eqv-tranz(48, 83)] ;
The proof generated for input: 6_same_symbol_dec.in has 84 lines and generation took 0.045 seconds.
