Found Maude version: 3.0beta1

[1m[95mProof of:[94m (cons(x2, cons(succ(x2), l2)) or cons(succ(x1), cons(zero, l1)) <--> âˆƒ v(11) ; v(13) ; v(14) . ((v(11) === x2) and (v(13) === succ(x2)) and (v(14) === l2) or (v(11) === succ(x1)) and (v(13) === zero) and (v(14) === l1)) and cons(v(11), cons(v(13), v(14))))  [0m
(1)(âˆƒ v(8) . (cons(succ(x1), cons(zero, l1)) <--> v(8) and (v(8) === cons(succ(x1), cons(zero, l1))))) [e-subst] ;

(2)((cons(succ(x1), cons(zero, l1)) <--> âˆƒ v(8) . v(8) and (v(8) === cons(succ(x1), cons(zero, l1)))) <--> âˆƒ v(8) . (cons(succ(x1), cons(zero, l1)) <--> v(8) and (v(8) === cons(succ(x1), cons(zero, l1))))) [e-scope] ;

(3)(cons(succ(x1), cons(zero, l1)) <--> âˆƒ v(8) . v(8) and (v(8) === cons(succ(x1), cons(zero, l1)))) [modus-ponens(1, 2)] ;

(4)(âˆƒ v(8) . (cons(x2, cons(succ(x2), l2)) <--> v(8) and (v(8) === cons(x2, cons(succ(x2), l2))))) [e-subst] ;

(5)((cons(x2, cons(succ(x2), l2)) <--> âˆƒ v(8) . v(8) and (v(8) === cons(x2, cons(succ(x2), l2)))) <--> âˆƒ v(8) . (cons(x2, cons(succ(x2), l2)) <--> v(8) and (v(8) === cons(x2, cons(succ(x2), l2))))) [e-scope] ;

(6)(cons(x2, cons(succ(x2), l2)) <--> âˆƒ v(8) . v(8) and (v(8) === cons(x2, cons(succ(x2), l2)))) [modus-ponens(4, 5)] ;

(7)(cons(x2, cons(succ(x2), l2)) or cons(succ(x1), cons(zero, l1)) <--> (âˆƒ v(8) . v(8) and (v(8) === cons(x2, cons(succ(x2), l2)))) or (âˆƒ v(8) . v(8) and (v(8) === cons(succ(x1), cons(zero, l1))))) [eqv-or(3, 6)] ;

(8)((âˆƒ v(8) . v(8) and (v(8) === cons(x2, cons(succ(x2), l2)))) or (âˆƒ v(8) . v(8) and (v(8) === cons(succ(x1), cons(zero, l1)))) <--> âˆƒ v(8) . v(8) and (v(8) === cons(x2, cons(succ(x2), l2))) or v(8) and (v(8) === cons(succ(x1), cons(zero, l1)))) [e-collapse] ;

(9)(v(8) and ((v(8) === cons(x2, cons(succ(x2), l2))) or (v(8) === cons(succ(x1), cons(zero, l1)))) <--> v(8) and (v(8) === cons(x2, cons(succ(x2), l2))) or v(8) and (v(8) === cons(succ(x1), cons(zero, l1)))) [and-or-distr] ;

(10)((âˆƒ v(8) . v(8) and ((v(8) === cons(x2, cons(succ(x2), l2))) or (v(8) === cons(succ(x1), cons(zero, l1))))) <--> âˆƒ v(8) . v(8) and (v(8) === cons(x2, cons(succ(x2), l2))) or v(8) and (v(8) === cons(succ(x1), cons(zero, l1)))) [e-intro(9)] ;

(11)(cons(x2, cons(succ(x2), l2)) or cons(succ(x1), cons(zero, l1)) <--> âˆƒ v(8) . v(8) and (v(8) === cons(x2, cons(succ(x2), l2))) or v(8) and (v(8) === cons(succ(x1), cons(zero, l1)))) [eqv-tranz(7, 8)] ;

(12)(cons(x2, cons(succ(x2), l2)) or cons(succ(x1), cons(zero, l1)) <--> âˆƒ v(8) . v(8) and ((v(8) === cons(x2, cons(succ(x2), l2))) or (v(8) === cons(succ(x1), cons(zero, l1))))) [eqv-tranz(11, 10)] ;

(13)((v(8) === cons(succ(x1), cons(zero, l1))) <--> âˆƒ v(11) ; v(12) . (v(8) === cons(v(11), v(12))) and (v(11) === succ(x1)) and (v(12) === cons(zero, l1))) [e-gen] ;

(14)((v(8) === cons(succ(x1), cons(zero, l1))) <--> âˆƒ v(11) ; v(12) . (v(8) === cons(v(11), v(12))) and (v(11) === succ(x1)) and (v(12) === cons(zero, l1))) [and-eqv-intro(13)] ;

(15)((âˆƒ v(11) ; v(12) . (v(8) === cons(v(11), v(12))) and (v(11) === succ(x1)) and (v(12) === cons(zero, l1))) <--> âˆƒ v(11) ; v(12) . (v(8) === cons(v(11), v(12))) and (v(11) === succ(x1)) and (v(12) === cons(zero, l1))) [e-scope] ;

(16)((v(8) === cons(succ(x1), cons(zero, l1))) <--> âˆƒ v(11) ; v(12) . (v(8) === cons(v(11), v(12))) and (v(11) === succ(x1)) and (v(12) === cons(zero, l1))) [eqv-tranz(14, 15)] ;

(17)((v(8) === cons(x2, cons(succ(x2), l2))) <--> âˆƒ v(11) ; v(12) . (v(8) === cons(v(11), v(12))) and (v(11) === x2) and (v(12) === cons(succ(x2), l2))) [e-gen] ;

(18)((v(8) === cons(x2, cons(succ(x2), l2))) <--> âˆƒ v(11) ; v(12) . (v(8) === cons(v(11), v(12))) and (v(11) === x2) and (v(12) === cons(succ(x2), l2))) [and-eqv-intro(17)] ;

(19)((âˆƒ v(11) ; v(12) . (v(8) === cons(v(11), v(12))) and (v(11) === x2) and (v(12) === cons(succ(x2), l2))) <--> âˆƒ v(11) ; v(12) . (v(8) === cons(v(11), v(12))) and (v(11) === x2) and (v(12) === cons(succ(x2), l2))) [e-scope] ;

(20)((v(8) === cons(x2, cons(succ(x2), l2))) <--> âˆƒ v(11) ; v(12) . (v(8) === cons(v(11), v(12))) and (v(11) === x2) and (v(12) === cons(succ(x2), l2))) [eqv-tranz(18, 19)] ;

(21)((v(8) === cons(x2, cons(succ(x2), l2))) or (v(8) === cons(succ(x1), cons(zero, l1))) <--> (âˆƒ v(11) ; v(12) . (v(8) === cons(v(11), v(12))) and (v(11) === x2) and (v(12) === cons(succ(x2), l2))) or (âˆƒ v(11) ; v(12) . (v(8) === cons(v(11), v(12))) and (v(11) === succ(x1)) and (v(12) === cons(zero, l1)))) [eqv-or(16, 20)] ;

(22)((âˆƒ v(11) ; v(12) . (v(8) === cons(v(11), v(12))) and (v(11) === x2) and (v(12) === cons(succ(x2), l2))) or (âˆƒ v(11) ; v(12) . (v(8) === cons(v(11), v(12))) and (v(11) === succ(x1)) and (v(12) === cons(zero, l1))) <--> âˆƒ v(11) ; v(12) . (v(8) === cons(v(11), v(12))) and (v(11) === x2) and (v(12) === cons(succ(x2), l2)) or (v(8) === cons(v(11), v(12))) and (v(11) === succ(x1)) and (v(12) === cons(zero, l1))) [e-collapse] ;

(23)((v(8) === cons(x2, cons(succ(x2), l2))) or (v(8) === cons(succ(x1), cons(zero, l1))) <--> âˆƒ v(11) ; v(12) . (v(8) === cons(v(11), v(12))) and (v(11) === x2) and (v(12) === cons(succ(x2), l2)) or (v(8) === cons(v(11), v(12))) and (v(11) === succ(x1)) and (v(12) === cons(zero, l1))) [eqv-tranz(21, 22)] ;

(24)(((v(11) === x2) and (v(12) === cons(succ(x2), l2)) or (v(11) === succ(x1)) and (v(12) === cons(zero, l1))) and (v(8) === cons(v(11), v(12))) <--> (v(8) === cons(v(11), v(12))) and (v(11) === x2) and (v(12) === cons(succ(x2), l2)) or (v(8) === cons(v(11), v(12))) and (v(11) === succ(x1)) and (v(12) === cons(zero, l1))) [and-or-distr] ;

(25)((âˆƒ v(11) ; v(12) . ((v(11) === x2) and (v(12) === cons(succ(x2), l2)) or (v(11) === succ(x1)) and (v(12) === cons(zero, l1))) and (v(8) === cons(v(11), v(12)))) <--> âˆƒ v(11) ; v(12) . (v(8) === cons(v(11), v(12))) and (v(11) === x2) and (v(12) === cons(succ(x2), l2)) or (v(8) === cons(v(11), v(12))) and (v(11) === succ(x1)) and (v(12) === cons(zero, l1))) [e-intro(24)] ;

(26)((v(8) === cons(x2, cons(succ(x2), l2))) or (v(8) === cons(succ(x1), cons(zero, l1))) <--> âˆƒ v(11) ; v(12) . ((v(11) === x2) and (v(12) === cons(succ(x2), l2)) or (v(11) === succ(x1)) and (v(12) === cons(zero, l1))) and (v(8) === cons(v(11), v(12)))) [eqv-tranz(23, 25)] ;

(27)((âˆƒ v(8) . v(8) and ((v(8) === cons(x2, cons(succ(x2), l2))) or (v(8) === cons(succ(x1), cons(zero, l1))))) <--> âˆƒ v(8) . v(8) and (âˆƒ v(11) ; v(12) . ((v(11) === x2) and (v(12) === cons(succ(x2), l2)) or (v(11) === succ(x1)) and (v(12) === cons(zero, l1))) and (v(8) === cons(v(11), v(12))))) [e-context(26)] ;

(28)(v(8) and (âˆƒ v(11) ; v(12) . ((v(11) === x2) and (v(12) === cons(succ(x2), l2)) or (v(11) === succ(x1)) and (v(12) === cons(zero, l1))) and (v(8) === cons(v(11), v(12)))) <--> âˆƒ v(11) ; v(12) . v(8) and ((v(11) === x2) and (v(12) === cons(succ(x2), l2)) or (v(11) === succ(x1)) and (v(12) === cons(zero, l1))) and (v(8) === cons(v(11), v(12)))) [e-scope] ;

(29)((âˆƒ v(8) . v(8) and (âˆƒ v(11) ; v(12) . ((v(11) === x2) and (v(12) === cons(succ(x2), l2)) or (v(11) === succ(x1)) and (v(12) === cons(zero, l1))) and (v(8) === cons(v(11), v(12))))) <--> âˆƒ v(8) . âˆƒ v(11) ; v(12) . v(8) and ((v(11) === x2) and (v(12) === cons(succ(x2), l2)) or (v(11) === succ(x1)) and (v(12) === cons(zero, l1))) and (v(8) === cons(v(11), v(12)))) [e-intro(28)] ;

(30)((âˆƒ v(8) . âˆƒ v(11) ; v(12) . v(8) and ((v(11) === x2) and (v(12) === cons(succ(x2), l2)) or (v(11) === succ(x1)) and (v(12) === cons(zero, l1))) and (v(8) === cons(v(11), v(12)))) <--> âˆƒ v(8) ; v(11) ; v(12) . v(8) and ((v(11) === x2) and (v(12) === cons(succ(x2), l2)) or (v(11) === succ(x1)) and (v(12) === cons(zero, l1))) and (v(8) === cons(v(11), v(12)))) [e-set] ;

(31)((âˆƒ v(8) . v(8) and (âˆƒ v(11) ; v(12) . ((v(11) === x2) and (v(12) === cons(succ(x2), l2)) or (v(11) === succ(x1)) and (v(12) === cons(zero, l1))) and (v(8) === cons(v(11), v(12))))) <--> âˆƒ v(8) ; v(11) ; v(12) . v(8) and ((v(11) === x2) and (v(12) === cons(succ(x2), l2)) or (v(11) === succ(x1)) and (v(12) === cons(zero, l1))) and (v(8) === cons(v(11), v(12)))) [eqv-tranz(29, 30)] ;

(32)(((v(11) === x2) and (v(12) === cons(succ(x2), l2)) or (v(11) === succ(x1)) and (v(12) === cons(zero, l1))) and (âˆƒ v(8) . v(8) and (v(8) === cons(v(11), v(12)))) <--> âˆƒ v(8) . v(8) and ((v(11) === x2) and (v(12) === cons(succ(x2), l2)) or (v(11) === succ(x1)) and (v(12) === cons(zero, l1))) and (v(8) === cons(v(11), v(12)))) [e-scope] ;

(33)((âˆƒ v(11) ; v(12) . ((v(11) === x2) and (v(12) === cons(succ(x2), l2)) or (v(11) === succ(x1)) and (v(12) === cons(zero, l1))) and (âˆƒ v(8) . v(8) and (v(8) === cons(v(11), v(12))))) <--> âˆƒ v(11) ; v(12) . âˆƒ v(8) . v(8) and ((v(11) === x2) and (v(12) === cons(succ(x2), l2)) or (v(11) === succ(x1)) and (v(12) === cons(zero, l1))) and (v(8) === cons(v(11), v(12)))) [e-intro(32)] ;

(34)((âˆƒ v(11) ; v(12) . âˆƒ v(8) . v(8) and ((v(11) === x2) and (v(12) === cons(succ(x2), l2)) or (v(11) === succ(x1)) and (v(12) === cons(zero, l1))) and (v(8) === cons(v(11), v(12)))) <--> âˆƒ v(8) ; v(11) ; v(12) . v(8) and ((v(11) === x2) and (v(12) === cons(succ(x2), l2)) or (v(11) === succ(x1)) and (v(12) === cons(zero, l1))) and (v(8) === cons(v(11), v(12)))) [e-set] ;

(35)((âˆƒ v(11) ; v(12) . ((v(11) === x2) and (v(12) === cons(succ(x2), l2)) or (v(11) === succ(x1)) and (v(12) === cons(zero, l1))) and (âˆƒ v(8) . v(8) and (v(8) === cons(v(11), v(12))))) <--> âˆƒ v(8) ; v(11) ; v(12) . v(8) and ((v(11) === x2) and (v(12) === cons(succ(x2), l2)) or (v(11) === succ(x1)) and (v(12) === cons(zero, l1))) and (v(8) === cons(v(11), v(12)))) [eqv-tranz(34, 33)] ;

(36)(âˆƒ v(8) . (cons(v(11), v(12)) <--> v(8) and (v(8) === cons(v(11), v(12))))) [e-subst] ;

(37)((cons(v(11), v(12)) <--> âˆƒ v(8) . v(8) and (v(8) === cons(v(11), v(12)))) <--> âˆƒ v(8) . (cons(v(11), v(12)) <--> v(8) and (v(8) === cons(v(11), v(12))))) [e-scope] ;

(38)(cons(v(11), v(12)) <--> âˆƒ v(8) . v(8) and (v(8) === cons(v(11), v(12)))) [modus-ponens(36, 37)] ;

(39)((âˆƒ v(11) ; v(12) . ((v(11) === x2) and (v(12) === cons(succ(x2), l2)) or (v(11) === succ(x1)) and (v(12) === cons(zero, l1))) and cons(v(11), v(12))) <--> âˆƒ v(11) ; v(12) . ((v(11) === x2) and (v(12) === cons(succ(x2), l2)) or (v(11) === succ(x1)) and (v(12) === cons(zero, l1))) and (âˆƒ v(8) . v(8) and (v(8) === cons(v(11), v(12))))) [e-context(38)] ;

(40)((âˆƒ .Vars . âˆƒ v(11) ; v(12) . ((v(11) === x2) and (v(12) === cons(succ(x2), l2)) or (v(11) === succ(x1)) and (v(12) === cons(zero, l1))) and cons(v(11), v(12))) <--> âˆƒ .Vars . âˆƒ v(11) ; v(12) . ((v(11) === x2) and (v(12) === cons(succ(x2), l2)) or (v(11) === succ(x1)) and (v(12) === cons(zero, l1))) and (âˆƒ v(8) . v(8) and (v(8) === cons(v(11), v(12))))) [e-intro(39)] ;

(41)((âˆƒ .Vars . âˆƒ v(11) ; v(12) . ((v(11) === x2) and (v(12) === cons(succ(x2), l2)) or (v(11) === succ(x1)) and (v(12) === cons(zero, l1))) and (âˆƒ v(8) . v(8) and (v(8) === cons(v(11), v(12))))) <--> âˆƒ v(11) ; v(12) . ((v(11) === x2) and (v(12) === cons(succ(x2), l2)) or (v(11) === succ(x1)) and (v(12) === cons(zero, l1))) and (âˆƒ v(8) . v(8) and (v(8) === cons(v(11), v(12))))) [e-set] ;

(42)((âˆƒ .Vars . âˆƒ v(11) ; v(12) . ((v(11) === x2) and (v(12) === cons(succ(x2), l2)) or (v(11) === succ(x1)) and (v(12) === cons(zero, l1))) and cons(v(11), v(12))) <--> âˆƒ v(11) ; v(12) . ((v(11) === x2) and (v(12) === cons(succ(x2), l2)) or (v(11) === succ(x1)) and (v(12) === cons(zero, l1))) and cons(v(11), v(12))) [e-set] ;

(43)((âˆƒ .Vars . âˆƒ v(11) ; v(12) . ((v(11) === x2) and (v(12) === cons(succ(x2), l2)) or (v(11) === succ(x1)) and (v(12) === cons(zero, l1))) and cons(v(11), v(12))) <--> âˆƒ v(11) ; v(12) . ((v(11) === x2) and (v(12) === cons(succ(x2), l2)) or (v(11) === succ(x1)) and (v(12) === cons(zero, l1))) and (âˆƒ v(8) . v(8) and (v(8) === cons(v(11), v(12))))) [eqv-tranz(41, 40)] ;

(44)((âˆƒ v(11) ; v(12) . ((v(11) === x2) and (v(12) === cons(succ(x2), l2)) or (v(11) === succ(x1)) and (v(12) === cons(zero, l1))) and cons(v(11), v(12))) <--> âˆƒ v(11) ; v(12) . ((v(11) === x2) and (v(12) === cons(succ(x2), l2)) or (v(11) === succ(x1)) and (v(12) === cons(zero, l1))) and (âˆƒ v(8) . v(8) and (v(8) === cons(v(11), v(12))))) [eqv-tranz(43, 42)] ;

(45)((âˆƒ v(8) . v(8) and ((v(8) === cons(x2, cons(succ(x2), l2))) or (v(8) === cons(succ(x1), cons(zero, l1))))) <--> âˆƒ v(8) ; v(11) ; v(12) . v(8) and ((v(11) === x2) and (v(12) === cons(succ(x2), l2)) or (v(11) === succ(x1)) and (v(12) === cons(zero, l1))) and (v(8) === cons(v(11), v(12)))) [eqv-tranz(27, 31)] ;

(46)((âˆƒ v(8) . v(8) and ((v(8) === cons(x2, cons(succ(x2), l2))) or (v(8) === cons(succ(x1), cons(zero, l1))))) <--> âˆƒ v(11) ; v(12) . ((v(11) === x2) and (v(12) === cons(succ(x2), l2)) or (v(11) === succ(x1)) and (v(12) === cons(zero, l1))) and (âˆƒ v(8) . v(8) and (v(8) === cons(v(11), v(12))))) [eqv-tranz(45, 35)] ;

(47)((âˆƒ v(8) . v(8) and ((v(8) === cons(x2, cons(succ(x2), l2))) or (v(8) === cons(succ(x1), cons(zero, l1))))) <--> âˆƒ v(11) ; v(12) . ((v(11) === x2) and (v(12) === cons(succ(x2), l2)) or (v(11) === succ(x1)) and (v(12) === cons(zero, l1))) and cons(v(11), v(12))) [eqv-tranz(44, 46)] ;

(48)(cons(x2, cons(succ(x2), l2)) or cons(succ(x1), cons(zero, l1)) <--> âˆƒ v(11) ; v(12) . ((v(11) === x2) and (v(12) === cons(succ(x2), l2)) or (v(11) === succ(x1)) and (v(12) === cons(zero, l1))) and cons(v(11), v(12))) [eqv-tranz(12, 47)] ;

(49)((v(12) === cons(zero, l1)) <--> âˆƒ v(13) ; v(14) . (v(12) === cons(v(13), v(14))) and (v(13) === zero) and (v(14) === l1)) [e-gen] ;

(50)((v(11) === succ(x1)) and (v(12) === cons(zero, l1)) <--> (v(11) === succ(x1)) and (âˆƒ v(13) ; v(14) . (v(12) === cons(v(13), v(14))) and (v(13) === zero) and (v(14) === l1))) [and-eqv-intro(49)] ;

(51)((v(11) === succ(x1)) and (âˆƒ v(13) ; v(14) . (v(12) === cons(v(13), v(14))) and (v(13) === zero) and (v(14) === l1)) <--> âˆƒ v(13) ; v(14) . (v(11) === succ(x1)) and (v(12) === cons(v(13), v(14))) and (v(13) === zero) and (v(14) === l1)) [e-scope] ;

(52)((v(11) === succ(x1)) and (v(12) === cons(zero, l1)) <--> âˆƒ v(13) ; v(14) . (v(11) === succ(x1)) and (v(12) === cons(v(13), v(14))) and (v(13) === zero) and (v(14) === l1)) [eqv-tranz(50, 51)] ;

(53)((v(12) === cons(succ(x2), l2)) <--> âˆƒ v(13) ; v(14) . (v(12) === cons(v(13), v(14))) and (v(13) === succ(x2)) and (v(14) === l2)) [e-gen] ;

(54)((v(11) === x2) and (v(12) === cons(succ(x2), l2)) <--> (v(11) === x2) and (âˆƒ v(13) ; v(14) . (v(12) === cons(v(13), v(14))) and (v(13) === succ(x2)) and (v(14) === l2))) [and-eqv-intro(53)] ;

(55)((v(11) === x2) and (âˆƒ v(13) ; v(14) . (v(12) === cons(v(13), v(14))) and (v(13) === succ(x2)) and (v(14) === l2)) <--> âˆƒ v(13) ; v(14) . (v(11) === x2) and (v(12) === cons(v(13), v(14))) and (v(13) === succ(x2)) and (v(14) === l2)) [e-scope] ;

(56)((v(11) === x2) and (v(12) === cons(succ(x2), l2)) <--> âˆƒ v(13) ; v(14) . (v(11) === x2) and (v(12) === cons(v(13), v(14))) and (v(13) === succ(x2)) and (v(14) === l2)) [eqv-tranz(54, 55)] ;

(57)((v(11) === x2) and (v(12) === cons(succ(x2), l2)) or (v(11) === succ(x1)) and (v(12) === cons(zero, l1)) <--> (âˆƒ v(13) ; v(14) . (v(11) === x2) and (v(12) === cons(v(13), v(14))) and (v(13) === succ(x2)) and (v(14) === l2)) or (âˆƒ v(13) ; v(14) . (v(11) === succ(x1)) and (v(12) === cons(v(13), v(14))) and (v(13) === zero) and (v(14) === l1))) [eqv-or(52, 56)] ;

(58)((âˆƒ v(13) ; v(14) . (v(11) === x2) and (v(12) === cons(v(13), v(14))) and (v(13) === succ(x2)) and (v(14) === l2)) or (âˆƒ v(13) ; v(14) . (v(11) === succ(x1)) and (v(12) === cons(v(13), v(14))) and (v(13) === zero) and (v(14) === l1)) <--> âˆƒ v(13) ; v(14) . (v(11) === x2) and (v(12) === cons(v(13), v(14))) and (v(13) === succ(x2)) and (v(14) === l2) or (v(11) === succ(x1)) and (v(12) === cons(v(13), v(14))) and (v(13) === zero) and (v(14) === l1)) [e-collapse] ;

(59)((v(11) === x2) and (v(12) === cons(succ(x2), l2)) or (v(11) === succ(x1)) and (v(12) === cons(zero, l1)) <--> âˆƒ v(13) ; v(14) . (v(11) === x2) and (v(12) === cons(v(13), v(14))) and (v(13) === succ(x2)) and (v(14) === l2) or (v(11) === succ(x1)) and (v(12) === cons(v(13), v(14))) and (v(13) === zero) and (v(14) === l1)) [eqv-tranz(57, 58)] ;

(60)(((v(11) === x2) and (v(13) === succ(x2)) and (v(14) === l2) or (v(11) === succ(x1)) and (v(13) === zero) and (v(14) === l1)) and (v(12) === cons(v(13), v(14))) <--> (v(11) === x2) and (v(12) === cons(v(13), v(14))) and (v(13) === succ(x2)) and (v(14) === l2) or (v(11) === succ(x1)) and (v(12) === cons(v(13), v(14))) and (v(13) === zero) and (v(14) === l1)) [and-or-distr] ;

(61)((âˆƒ v(13) ; v(14) . ((v(11) === x2) and (v(13) === succ(x2)) and (v(14) === l2) or (v(11) === succ(x1)) and (v(13) === zero) and (v(14) === l1)) and (v(12) === cons(v(13), v(14)))) <--> âˆƒ v(13) ; v(14) . (v(11) === x2) and (v(12) === cons(v(13), v(14))) and (v(13) === succ(x2)) and (v(14) === l2) or (v(11) === succ(x1)) and (v(12) === cons(v(13), v(14))) and (v(13) === zero) and (v(14) === l1)) [e-intro(60)] ;

(62)((v(11) === x2) and (v(12) === cons(succ(x2), l2)) or (v(11) === succ(x1)) and (v(12) === cons(zero, l1)) <--> âˆƒ v(13) ; v(14) . ((v(11) === x2) and (v(13) === succ(x2)) and (v(14) === l2) or (v(11) === succ(x1)) and (v(13) === zero) and (v(14) === l1)) and (v(12) === cons(v(13), v(14)))) [eqv-tranz(59, 61)] ;

(63)((âˆƒ v(11) ; v(12) . ((v(11) === x2) and (v(12) === cons(succ(x2), l2)) or (v(11) === succ(x1)) and (v(12) === cons(zero, l1))) and cons(v(11), v(12))) <--> âˆƒ v(11) ; v(12) . cons(v(11), v(12)) and (âˆƒ v(13) ; v(14) . ((v(11) === x2) and (v(13) === succ(x2)) and (v(14) === l2) or (v(11) === succ(x1)) and (v(13) === zero) and (v(14) === l1)) and (v(12) === cons(v(13), v(14))))) [e-context(62)] ;

(64)(cons(v(11), v(12)) and (âˆƒ v(13) ; v(14) . ((v(11) === x2) and (v(13) === succ(x2)) and (v(14) === l2) or (v(11) === succ(x1)) and (v(13) === zero) and (v(14) === l1)) and (v(12) === cons(v(13), v(14)))) <--> âˆƒ v(13) ; v(14) . ((v(11) === x2) and (v(13) === succ(x2)) and (v(14) === l2) or (v(11) === succ(x1)) and (v(13) === zero) and (v(14) === l1)) and cons(v(11), v(12)) and (v(12) === cons(v(13), v(14)))) [e-scope] ;

(65)((âˆƒ v(11) ; v(12) . cons(v(11), v(12)) and (âˆƒ v(13) ; v(14) . ((v(11) === x2) and (v(13) === succ(x2)) and (v(14) === l2) or (v(11) === succ(x1)) and (v(13) === zero) and (v(14) === l1)) and (v(12) === cons(v(13), v(14))))) <--> âˆƒ v(11) ; v(12) . âˆƒ v(13) ; v(14) . ((v(11) === x2) and (v(13) === succ(x2)) and (v(14) === l2) or (v(11) === succ(x1)) and (v(13) === zero) and (v(14) === l1)) and cons(v(11), v(12)) and (v(12) === cons(v(13), v(14)))) [e-intro(64)] ;

(66)((âˆƒ v(11) ; v(12) . âˆƒ v(13) ; v(14) . ((v(11) === x2) and (v(13) === succ(x2)) and (v(14) === l2) or (v(11) === succ(x1)) and (v(13) === zero) and (v(14) === l1)) and cons(v(11), v(12)) and (v(12) === cons(v(13), v(14)))) <--> âˆƒ v(11) ; v(12) ; v(13) ; v(14) . ((v(11) === x2) and (v(13) === succ(x2)) and (v(14) === l2) or (v(11) === succ(x1)) and (v(13) === zero) and (v(14) === l1)) and cons(v(11), v(12)) and (v(12) === cons(v(13), v(14)))) [e-set] ;

(67)((âˆƒ v(11) ; v(12) . cons(v(11), v(12)) and (âˆƒ v(13) ; v(14) . ((v(11) === x2) and (v(13) === succ(x2)) and (v(14) === l2) or (v(11) === succ(x1)) and (v(13) === zero) and (v(14) === l1)) and (v(12) === cons(v(13), v(14))))) <--> âˆƒ v(11) ; v(12) ; v(13) ; v(14) . ((v(11) === x2) and (v(13) === succ(x2)) and (v(14) === l2) or (v(11) === succ(x1)) and (v(13) === zero) and (v(14) === l1)) and cons(v(11), v(12)) and (v(12) === cons(v(13), v(14)))) [eqv-tranz(65, 66)] ;

(68)(((v(11) === x2) and (v(13) === succ(x2)) and (v(14) === l2) or (v(11) === succ(x1)) and (v(13) === zero) and (v(14) === l1)) and (âˆƒ v(12) . cons(v(11), v(12)) and (v(12) === cons(v(13), v(14)))) <--> âˆƒ v(12) . ((v(11) === x2) and (v(13) === succ(x2)) and (v(14) === l2) or (v(11) === succ(x1)) and (v(13) === zero) and (v(14) === l1)) and cons(v(11), v(12)) and (v(12) === cons(v(13), v(14)))) [e-scope] ;

(69)((âˆƒ v(11) ; v(13) ; v(14) . ((v(11) === x2) and (v(13) === succ(x2)) and (v(14) === l2) or (v(11) === succ(x1)) and (v(13) === zero) and (v(14) === l1)) and (âˆƒ v(12) . cons(v(11), v(12)) and (v(12) === cons(v(13), v(14))))) <--> âˆƒ v(11) ; v(13) ; v(14) . âˆƒ v(12) . ((v(11) === x2) and (v(13) === succ(x2)) and (v(14) === l2) or (v(11) === succ(x1)) and (v(13) === zero) and (v(14) === l1)) and cons(v(11), v(12)) and (v(12) === cons(v(13), v(14)))) [e-intro(68)] ;

(70)((âˆƒ v(11) ; v(13) ; v(14) . âˆƒ v(12) . ((v(11) === x2) and (v(13) === succ(x2)) and (v(14) === l2) or (v(11) === succ(x1)) and (v(13) === zero) and (v(14) === l1)) and cons(v(11), v(12)) and (v(12) === cons(v(13), v(14)))) <--> âˆƒ v(11) ; v(12) ; v(13) ; v(14) . ((v(11) === x2) and (v(13) === succ(x2)) and (v(14) === l2) or (v(11) === succ(x1)) and (v(13) === zero) and (v(14) === l1)) and cons(v(11), v(12)) and (v(12) === cons(v(13), v(14)))) [e-set] ;

(71)((âˆƒ v(11) ; v(13) ; v(14) . ((v(11) === x2) and (v(13) === succ(x2)) and (v(14) === l2) or (v(11) === succ(x1)) and (v(13) === zero) and (v(14) === l1)) and (âˆƒ v(12) . cons(v(11), v(12)) and (v(12) === cons(v(13), v(14))))) <--> âˆƒ v(11) ; v(12) ; v(13) ; v(14) . ((v(11) === x2) and (v(13) === succ(x2)) and (v(14) === l2) or (v(11) === succ(x1)) and (v(13) === zero) and (v(14) === l1)) and cons(v(11), v(12)) and (v(12) === cons(v(13), v(14)))) [eqv-tranz(70, 69)] ;

(72)(âˆƒ v(12) . (cons(v(11), cons(v(13), v(14))) <--> cons(v(11), v(12)) and (v(12) === cons(v(13), v(14))))) [e-subst] ;

(73)((cons(v(11), cons(v(13), v(14))) <--> âˆƒ v(12) . cons(v(11), v(12)) and (v(12) === cons(v(13), v(14)))) <--> âˆƒ v(12) . (cons(v(11), cons(v(13), v(14))) <--> cons(v(11), v(12)) and (v(12) === cons(v(13), v(14))))) [e-scope] ;

(74)(cons(v(11), cons(v(13), v(14))) <--> âˆƒ v(12) . cons(v(11), v(12)) and (v(12) === cons(v(13), v(14)))) [modus-ponens(72, 73)] ;

(75)((âˆƒ v(13) ; v(14) . ((v(11) === x2) and (v(13) === succ(x2)) and (v(14) === l2) or (v(11) === succ(x1)) and (v(13) === zero) and (v(14) === l1)) and cons(v(11), cons(v(13), v(14)))) <--> âˆƒ v(13) ; v(14) . ((v(11) === x2) and (v(13) === succ(x2)) and (v(14) === l2) or (v(11) === succ(x1)) and (v(13) === zero) and (v(14) === l1)) and (âˆƒ v(12) . cons(v(11), v(12)) and (v(12) === cons(v(13), v(14))))) [e-context(74)] ;

(76)((âˆƒ v(11) . âˆƒ v(13) ; v(14) . ((v(11) === x2) and (v(13) === succ(x2)) and (v(14) === l2) or (v(11) === succ(x1)) and (v(13) === zero) and (v(14) === l1)) and cons(v(11), cons(v(13), v(14)))) <--> âˆƒ v(11) . âˆƒ v(13) ; v(14) . ((v(11) === x2) and (v(13) === succ(x2)) and (v(14) === l2) or (v(11) === succ(x1)) and (v(13) === zero) and (v(14) === l1)) and (âˆƒ v(12) . cons(v(11), v(12)) and (v(12) === cons(v(13), v(14))))) [e-intro(75)] ;

(77)((âˆƒ v(11) . âˆƒ v(13) ; v(14) . ((v(11) === x2) and (v(13) === succ(x2)) and (v(14) === l2) or (v(11) === succ(x1)) and (v(13) === zero) and (v(14) === l1)) and (âˆƒ v(12) . cons(v(11), v(12)) and (v(12) === cons(v(13), v(14))))) <--> âˆƒ v(11) ; v(13) ; v(14) . ((v(11) === x2) and (v(13) === succ(x2)) and (v(14) === l2) or (v(11) === succ(x1)) and (v(13) === zero) and (v(14) === l1)) and (âˆƒ v(12) . cons(v(11), v(12)) and (v(12) === cons(v(13), v(14))))) [e-set] ;

(78)((âˆƒ v(11) . âˆƒ v(13) ; v(14) . ((v(11) === x2) and (v(13) === succ(x2)) and (v(14) === l2) or (v(11) === succ(x1)) and (v(13) === zero) and (v(14) === l1)) and cons(v(11), cons(v(13), v(14)))) <--> âˆƒ v(11) ; v(13) ; v(14) . ((v(11) === x2) and (v(13) === succ(x2)) and (v(14) === l2) or (v(11) === succ(x1)) and (v(13) === zero) and (v(14) === l1)) and cons(v(11), cons(v(13), v(14)))) [e-set] ;

(79)((âˆƒ v(11) . âˆƒ v(13) ; v(14) . ((v(11) === x2) and (v(13) === succ(x2)) and (v(14) === l2) or (v(11) === succ(x1)) and (v(13) === zero) and (v(14) === l1)) and cons(v(11), cons(v(13), v(14)))) <--> âˆƒ v(11) ; v(13) ; v(14) . ((v(11) === x2) and (v(13) === succ(x2)) and (v(14) === l2) or (v(11) === succ(x1)) and (v(13) === zero) and (v(14) === l1)) and (âˆƒ v(12) . cons(v(11), v(12)) and (v(12) === cons(v(13), v(14))))) [eqv-tranz(77, 76)] ;

(80)((âˆƒ v(11) ; v(13) ; v(14) . ((v(11) === x2) and (v(13) === succ(x2)) and (v(14) === l2) or (v(11) === succ(x1)) and (v(13) === zero) and (v(14) === l1)) and cons(v(11), cons(v(13), v(14)))) <--> âˆƒ v(11) ; v(13) ; v(14) . ((v(11) === x2) and (v(13) === succ(x2)) and (v(14) === l2) or (v(11) === succ(x1)) and (v(13) === zero) and (v(14) === l1)) and (âˆƒ v(12) . cons(v(11), v(12)) and (v(12) === cons(v(13), v(14))))) [eqv-tranz(79, 78)] ;

(81)((âˆƒ v(11) ; v(12) . ((v(11) === x2) and (v(12) === cons(succ(x2), l2)) or (v(11) === succ(x1)) and (v(12) === cons(zero, l1))) and cons(v(11), v(12))) <--> âˆƒ v(11) ; v(12) ; v(13) ; v(14) . ((v(11) === x2) and (v(13) === succ(x2)) and (v(14) === l2) or (v(11) === succ(x1)) and (v(13) === zero) and (v(14) === l1)) and cons(v(11), v(12)) and (v(12) === cons(v(13), v(14)))) [eqv-tranz(63, 67)] ;

(82)((âˆƒ v(11) ; v(12) . ((v(11) === x2) and (v(12) === cons(succ(x2), l2)) or (v(11) === succ(x1)) and (v(12) === cons(zero, l1))) and cons(v(11), v(12))) <--> âˆƒ v(11) ; v(13) ; v(14) . ((v(11) === x2) and (v(13) === succ(x2)) and (v(14) === l2) or (v(11) === succ(x1)) and (v(13) === zero) and (v(14) === l1)) and (âˆƒ v(12) . cons(v(11), v(12)) and (v(12) === cons(v(13), v(14))))) [eqv-tranz(81, 71)] ;

(83)((âˆƒ v(11) ; v(12) . ((v(11) === x2) and (v(12) === cons(succ(x2), l2)) or (v(11) === succ(x1)) and (v(12) === cons(zero, l1))) and cons(v(11), v(12))) <--> âˆƒ v(11) ; v(13) ; v(14) . ((v(11) === x2) and (v(13) === succ(x2)) and (v(14) === l2) or (v(11) === succ(x1)) and (v(13) === zero) and (v(14) === l1)) and cons(v(11), cons(v(13), v(14)))) [eqv-tranz(80, 82)] ;

(84)(cons(x2, cons(succ(x2), l2)) or cons(succ(x1), cons(zero, l1)) <--> âˆƒ v(11) ; v(13) ; v(14) . ((v(11) === x2) and (v(13) === succ(x2)) and (v(14) === l2) or (v(11) === succ(x1)) and (v(13) === zero) and (v(14) === l1)) and cons(v(11), cons(v(13), v(14)))) [eqv-tranz(48, 83)] ;
[94mChecked: [0m [1m[92m true
[0m
