Found Maude version: 3.0beta1

[1m[95mProof of:[94m (f(g(z), h(c, y)) or f(h(a, x), g(b)) <--> âˆƒ v(13) ; v(14) . ((v(13) === g(z)) and (v(14) === h(c, y)) or (v(13) === h(a, x)) and (v(14) === g(b))) and f(v(13), v(14)))  [0m
(1)(âˆƒ v(10) . (f(h(a, x), g(b)) <--> v(10) and (v(10) === f(h(a, x), g(b))))) [e-subst] ;

(2)((f(h(a, x), g(b)) <--> âˆƒ v(10) . v(10) and (v(10) === f(h(a, x), g(b)))) <--> âˆƒ v(10) . (f(h(a, x), g(b)) <--> v(10) and (v(10) === f(h(a, x), g(b))))) [e-scope] ;

(3)(f(h(a, x), g(b)) <--> âˆƒ v(10) . v(10) and (v(10) === f(h(a, x), g(b)))) [modus-ponens(1, 2)] ;

(4)(âˆƒ v(10) . (f(g(z), h(c, y)) <--> v(10) and (v(10) === f(g(z), h(c, y))))) [e-subst] ;

(5)((f(g(z), h(c, y)) <--> âˆƒ v(10) . v(10) and (v(10) === f(g(z), h(c, y)))) <--> âˆƒ v(10) . (f(g(z), h(c, y)) <--> v(10) and (v(10) === f(g(z), h(c, y))))) [e-scope] ;

(6)(f(g(z), h(c, y)) <--> âˆƒ v(10) . v(10) and (v(10) === f(g(z), h(c, y)))) [modus-ponens(4, 5)] ;

(7)(f(g(z), h(c, y)) or f(h(a, x), g(b)) <--> (âˆƒ v(10) . v(10) and (v(10) === f(g(z), h(c, y)))) or (âˆƒ v(10) . v(10) and (v(10) === f(h(a, x), g(b))))) [eqv-or(3, 6)] ;

(8)((âˆƒ v(10) . v(10) and (v(10) === f(g(z), h(c, y)))) or (âˆƒ v(10) . v(10) and (v(10) === f(h(a, x), g(b)))) <--> âˆƒ v(10) . v(10) and (v(10) === f(g(z), h(c, y))) or v(10) and (v(10) === f(h(a, x), g(b)))) [e-collapse] ;

(9)(v(10) and ((v(10) === f(g(z), h(c, y))) or (v(10) === f(h(a, x), g(b)))) <--> v(10) and (v(10) === f(g(z), h(c, y))) or v(10) and (v(10) === f(h(a, x), g(b)))) [and-or-distr] ;

(10)((âˆƒ v(10) . v(10) and ((v(10) === f(g(z), h(c, y))) or (v(10) === f(h(a, x), g(b))))) <--> âˆƒ v(10) . v(10) and (v(10) === f(g(z), h(c, y))) or v(10) and (v(10) === f(h(a, x), g(b)))) [e-intro(9)] ;

(11)(f(g(z), h(c, y)) or f(h(a, x), g(b)) <--> âˆƒ v(10) . v(10) and (v(10) === f(g(z), h(c, y))) or v(10) and (v(10) === f(h(a, x), g(b)))) [eqv-tranz(7, 8)] ;

(12)(f(g(z), h(c, y)) or f(h(a, x), g(b)) <--> âˆƒ v(10) . v(10) and ((v(10) === f(g(z), h(c, y))) or (v(10) === f(h(a, x), g(b))))) [eqv-tranz(11, 10)] ;

(13)((v(10) === f(h(a, x), g(b))) <--> âˆƒ v(13) ; v(14) . (v(10) === f(v(13), v(14))) and (v(13) === h(a, x)) and (v(14) === g(b))) [e-gen] ;

(14)((v(10) === f(h(a, x), g(b))) <--> âˆƒ v(13) ; v(14) . (v(10) === f(v(13), v(14))) and (v(13) === h(a, x)) and (v(14) === g(b))) [and-eqv-intro(13)] ;

(15)((âˆƒ v(13) ; v(14) . (v(10) === f(v(13), v(14))) and (v(13) === h(a, x)) and (v(14) === g(b))) <--> âˆƒ v(13) ; v(14) . (v(10) === f(v(13), v(14))) and (v(13) === h(a, x)) and (v(14) === g(b))) [e-scope] ;

(16)((v(10) === f(h(a, x), g(b))) <--> âˆƒ v(13) ; v(14) . (v(10) === f(v(13), v(14))) and (v(13) === h(a, x)) and (v(14) === g(b))) [eqv-tranz(14, 15)] ;

(17)((v(10) === f(g(z), h(c, y))) <--> âˆƒ v(13) ; v(14) . (v(10) === f(v(13), v(14))) and (v(13) === g(z)) and (v(14) === h(c, y))) [e-gen] ;

(18)((v(10) === f(g(z), h(c, y))) <--> âˆƒ v(13) ; v(14) . (v(10) === f(v(13), v(14))) and (v(13) === g(z)) and (v(14) === h(c, y))) [and-eqv-intro(17)] ;

(19)((âˆƒ v(13) ; v(14) . (v(10) === f(v(13), v(14))) and (v(13) === g(z)) and (v(14) === h(c, y))) <--> âˆƒ v(13) ; v(14) . (v(10) === f(v(13), v(14))) and (v(13) === g(z)) and (v(14) === h(c, y))) [e-scope] ;

(20)((v(10) === f(g(z), h(c, y))) <--> âˆƒ v(13) ; v(14) . (v(10) === f(v(13), v(14))) and (v(13) === g(z)) and (v(14) === h(c, y))) [eqv-tranz(18, 19)] ;

(21)((v(10) === f(g(z), h(c, y))) or (v(10) === f(h(a, x), g(b))) <--> (âˆƒ v(13) ; v(14) . (v(10) === f(v(13), v(14))) and (v(13) === g(z)) and (v(14) === h(c, y))) or (âˆƒ v(13) ; v(14) . (v(10) === f(v(13), v(14))) and (v(13) === h(a, x)) and (v(14) === g(b)))) [eqv-or(16, 20)] ;

(22)((âˆƒ v(13) ; v(14) . (v(10) === f(v(13), v(14))) and (v(13) === g(z)) and (v(14) === h(c, y))) or (âˆƒ v(13) ; v(14) . (v(10) === f(v(13), v(14))) and (v(13) === h(a, x)) and (v(14) === g(b))) <--> âˆƒ v(13) ; v(14) . (v(10) === f(v(13), v(14))) and (v(13) === g(z)) and (v(14) === h(c, y)) or (v(10) === f(v(13), v(14))) and (v(13) === h(a, x)) and (v(14) === g(b))) [e-collapse] ;

(23)((v(10) === f(g(z), h(c, y))) or (v(10) === f(h(a, x), g(b))) <--> âˆƒ v(13) ; v(14) . (v(10) === f(v(13), v(14))) and (v(13) === g(z)) and (v(14) === h(c, y)) or (v(10) === f(v(13), v(14))) and (v(13) === h(a, x)) and (v(14) === g(b))) [eqv-tranz(21, 22)] ;

(24)(((v(13) === g(z)) and (v(14) === h(c, y)) or (v(13) === h(a, x)) and (v(14) === g(b))) and (v(10) === f(v(13), v(14))) <--> (v(10) === f(v(13), v(14))) and (v(13) === g(z)) and (v(14) === h(c, y)) or (v(10) === f(v(13), v(14))) and (v(13) === h(a, x)) and (v(14) === g(b))) [and-or-distr] ;

(25)((âˆƒ v(13) ; v(14) . ((v(13) === g(z)) and (v(14) === h(c, y)) or (v(13) === h(a, x)) and (v(14) === g(b))) and (v(10) === f(v(13), v(14)))) <--> âˆƒ v(13) ; v(14) . (v(10) === f(v(13), v(14))) and (v(13) === g(z)) and (v(14) === h(c, y)) or (v(10) === f(v(13), v(14))) and (v(13) === h(a, x)) and (v(14) === g(b))) [e-intro(24)] ;

(26)((v(10) === f(g(z), h(c, y))) or (v(10) === f(h(a, x), g(b))) <--> âˆƒ v(13) ; v(14) . ((v(13) === g(z)) and (v(14) === h(c, y)) or (v(13) === h(a, x)) and (v(14) === g(b))) and (v(10) === f(v(13), v(14)))) [eqv-tranz(23, 25)] ;

(27)((âˆƒ v(10) . v(10) and ((v(10) === f(g(z), h(c, y))) or (v(10) === f(h(a, x), g(b))))) <--> âˆƒ v(10) . v(10) and (âˆƒ v(13) ; v(14) . ((v(13) === g(z)) and (v(14) === h(c, y)) or (v(13) === h(a, x)) and (v(14) === g(b))) and (v(10) === f(v(13), v(14))))) [e-context(26)] ;

(28)(v(10) and (âˆƒ v(13) ; v(14) . ((v(13) === g(z)) and (v(14) === h(c, y)) or (v(13) === h(a, x)) and (v(14) === g(b))) and (v(10) === f(v(13), v(14)))) <--> âˆƒ v(13) ; v(14) . v(10) and ((v(13) === g(z)) and (v(14) === h(c, y)) or (v(13) === h(a, x)) and (v(14) === g(b))) and (v(10) === f(v(13), v(14)))) [e-scope] ;

(29)((âˆƒ v(10) . v(10) and (âˆƒ v(13) ; v(14) . ((v(13) === g(z)) and (v(14) === h(c, y)) or (v(13) === h(a, x)) and (v(14) === g(b))) and (v(10) === f(v(13), v(14))))) <--> âˆƒ v(10) . âˆƒ v(13) ; v(14) . v(10) and ((v(13) === g(z)) and (v(14) === h(c, y)) or (v(13) === h(a, x)) and (v(14) === g(b))) and (v(10) === f(v(13), v(14)))) [e-intro(28)] ;

(30)((âˆƒ v(10) . âˆƒ v(13) ; v(14) . v(10) and ((v(13) === g(z)) and (v(14) === h(c, y)) or (v(13) === h(a, x)) and (v(14) === g(b))) and (v(10) === f(v(13), v(14)))) <--> âˆƒ v(10) ; v(13) ; v(14) . v(10) and ((v(13) === g(z)) and (v(14) === h(c, y)) or (v(13) === h(a, x)) and (v(14) === g(b))) and (v(10) === f(v(13), v(14)))) [e-set] ;

(31)((âˆƒ v(10) . v(10) and (âˆƒ v(13) ; v(14) . ((v(13) === g(z)) and (v(14) === h(c, y)) or (v(13) === h(a, x)) and (v(14) === g(b))) and (v(10) === f(v(13), v(14))))) <--> âˆƒ v(10) ; v(13) ; v(14) . v(10) and ((v(13) === g(z)) and (v(14) === h(c, y)) or (v(13) === h(a, x)) and (v(14) === g(b))) and (v(10) === f(v(13), v(14)))) [eqv-tranz(29, 30)] ;

(32)(((v(13) === g(z)) and (v(14) === h(c, y)) or (v(13) === h(a, x)) and (v(14) === g(b))) and (âˆƒ v(10) . v(10) and (v(10) === f(v(13), v(14)))) <--> âˆƒ v(10) . v(10) and ((v(13) === g(z)) and (v(14) === h(c, y)) or (v(13) === h(a, x)) and (v(14) === g(b))) and (v(10) === f(v(13), v(14)))) [e-scope] ;

(33)((âˆƒ v(13) ; v(14) . ((v(13) === g(z)) and (v(14) === h(c, y)) or (v(13) === h(a, x)) and (v(14) === g(b))) and (âˆƒ v(10) . v(10) and (v(10) === f(v(13), v(14))))) <--> âˆƒ v(13) ; v(14) . âˆƒ v(10) . v(10) and ((v(13) === g(z)) and (v(14) === h(c, y)) or (v(13) === h(a, x)) and (v(14) === g(b))) and (v(10) === f(v(13), v(14)))) [e-intro(32)] ;

(34)((âˆƒ v(13) ; v(14) . âˆƒ v(10) . v(10) and ((v(13) === g(z)) and (v(14) === h(c, y)) or (v(13) === h(a, x)) and (v(14) === g(b))) and (v(10) === f(v(13), v(14)))) <--> âˆƒ v(10) ; v(13) ; v(14) . v(10) and ((v(13) === g(z)) and (v(14) === h(c, y)) or (v(13) === h(a, x)) and (v(14) === g(b))) and (v(10) === f(v(13), v(14)))) [e-set] ;

(35)((âˆƒ v(13) ; v(14) . ((v(13) === g(z)) and (v(14) === h(c, y)) or (v(13) === h(a, x)) and (v(14) === g(b))) and (âˆƒ v(10) . v(10) and (v(10) === f(v(13), v(14))))) <--> âˆƒ v(10) ; v(13) ; v(14) . v(10) and ((v(13) === g(z)) and (v(14) === h(c, y)) or (v(13) === h(a, x)) and (v(14) === g(b))) and (v(10) === f(v(13), v(14)))) [eqv-tranz(34, 33)] ;

(36)(âˆƒ v(10) . (f(v(13), v(14)) <--> v(10) and (v(10) === f(v(13), v(14))))) [e-subst] ;

(37)((f(v(13), v(14)) <--> âˆƒ v(10) . v(10) and (v(10) === f(v(13), v(14)))) <--> âˆƒ v(10) . (f(v(13), v(14)) <--> v(10) and (v(10) === f(v(13), v(14))))) [e-scope] ;

(38)(f(v(13), v(14)) <--> âˆƒ v(10) . v(10) and (v(10) === f(v(13), v(14)))) [modus-ponens(36, 37)] ;

(39)((âˆƒ v(13) ; v(14) . ((v(13) === g(z)) and (v(14) === h(c, y)) or (v(13) === h(a, x)) and (v(14) === g(b))) and f(v(13), v(14))) <--> âˆƒ v(13) ; v(14) . ((v(13) === g(z)) and (v(14) === h(c, y)) or (v(13) === h(a, x)) and (v(14) === g(b))) and (âˆƒ v(10) . v(10) and (v(10) === f(v(13), v(14))))) [e-context(38)] ;

(40)((âˆƒ .Vars . âˆƒ v(13) ; v(14) . ((v(13) === g(z)) and (v(14) === h(c, y)) or (v(13) === h(a, x)) and (v(14) === g(b))) and f(v(13), v(14))) <--> âˆƒ .Vars . âˆƒ v(13) ; v(14) . ((v(13) === g(z)) and (v(14) === h(c, y)) or (v(13) === h(a, x)) and (v(14) === g(b))) and (âˆƒ v(10) . v(10) and (v(10) === f(v(13), v(14))))) [e-intro(39)] ;

(41)((âˆƒ .Vars . âˆƒ v(13) ; v(14) . ((v(13) === g(z)) and (v(14) === h(c, y)) or (v(13) === h(a, x)) and (v(14) === g(b))) and (âˆƒ v(10) . v(10) and (v(10) === f(v(13), v(14))))) <--> âˆƒ v(13) ; v(14) . ((v(13) === g(z)) and (v(14) === h(c, y)) or (v(13) === h(a, x)) and (v(14) === g(b))) and (âˆƒ v(10) . v(10) and (v(10) === f(v(13), v(14))))) [e-set] ;

(42)((âˆƒ .Vars . âˆƒ v(13) ; v(14) . ((v(13) === g(z)) and (v(14) === h(c, y)) or (v(13) === h(a, x)) and (v(14) === g(b))) and f(v(13), v(14))) <--> âˆƒ v(13) ; v(14) . ((v(13) === g(z)) and (v(14) === h(c, y)) or (v(13) === h(a, x)) and (v(14) === g(b))) and f(v(13), v(14))) [e-set] ;

(43)((âˆƒ .Vars . âˆƒ v(13) ; v(14) . ((v(13) === g(z)) and (v(14) === h(c, y)) or (v(13) === h(a, x)) and (v(14) === g(b))) and f(v(13), v(14))) <--> âˆƒ v(13) ; v(14) . ((v(13) === g(z)) and (v(14) === h(c, y)) or (v(13) === h(a, x)) and (v(14) === g(b))) and (âˆƒ v(10) . v(10) and (v(10) === f(v(13), v(14))))) [eqv-tranz(41, 40)] ;

(44)((âˆƒ v(13) ; v(14) . ((v(13) === g(z)) and (v(14) === h(c, y)) or (v(13) === h(a, x)) and (v(14) === g(b))) and f(v(13), v(14))) <--> âˆƒ v(13) ; v(14) . ((v(13) === g(z)) and (v(14) === h(c, y)) or (v(13) === h(a, x)) and (v(14) === g(b))) and (âˆƒ v(10) . v(10) and (v(10) === f(v(13), v(14))))) [eqv-tranz(43, 42)] ;

(45)((âˆƒ v(10) . v(10) and ((v(10) === f(g(z), h(c, y))) or (v(10) === f(h(a, x), g(b))))) <--> âˆƒ v(10) ; v(13) ; v(14) . v(10) and ((v(13) === g(z)) and (v(14) === h(c, y)) or (v(13) === h(a, x)) and (v(14) === g(b))) and (v(10) === f(v(13), v(14)))) [eqv-tranz(27, 31)] ;

(46)((âˆƒ v(10) . v(10) and ((v(10) === f(g(z), h(c, y))) or (v(10) === f(h(a, x), g(b))))) <--> âˆƒ v(13) ; v(14) . ((v(13) === g(z)) and (v(14) === h(c, y)) or (v(13) === h(a, x)) and (v(14) === g(b))) and (âˆƒ v(10) . v(10) and (v(10) === f(v(13), v(14))))) [eqv-tranz(45, 35)] ;

(47)((âˆƒ v(10) . v(10) and ((v(10) === f(g(z), h(c, y))) or (v(10) === f(h(a, x), g(b))))) <--> âˆƒ v(13) ; v(14) . ((v(13) === g(z)) and (v(14) === h(c, y)) or (v(13) === h(a, x)) and (v(14) === g(b))) and f(v(13), v(14))) [eqv-tranz(44, 46)] ;

(48)(f(g(z), h(c, y)) or f(h(a, x), g(b)) <--> âˆƒ v(13) ; v(14) . ((v(13) === g(z)) and (v(14) === h(c, y)) or (v(13) === h(a, x)) and (v(14) === g(b))) and f(v(13), v(14))) [eqv-tranz(12, 47)] ;
[94mChecked: [0m [1m[92m true
[0m
