[1m[95mProof of:[94m (f(g(h(a)), g(c)) and f(g(h(x)), g(z)) --> f(g(h(x)), g(z)) and (x === a) and (z === c))  [0m
(1)((f(g(h(x)), g(z)) === f(g(h(a)), g(c))) --> (f(g(h(x)), g(z)) === f(g(h(a)), g(c)))) [tauto-imp-refl] ;

(2)((f(g(h(x)), g(z)) === f(g(h(a)), g(c))) --> (g(z) === g(c)) and (g(h(x)) === g(h(a)))) [axiom-no-confusion-II] ;

(3)((f(g(h(x)), g(z)) === f(g(h(a)), g(c))) --> (g(z) === g(c)) and (g(h(x)) === g(h(a)))) [tauto-imp-tranz,1,2] ;

(4)((g(z) === g(c)) --> (z === c)) [axiom-no-confusion-II] ;

(5)((g(z) === g(c)) and (g(h(x)) === g(h(a))) --> (z === c) and (g(h(x)) === g(h(a)))) [tauto-context,4] ;

(6)((f(g(h(x)), g(z)) === f(g(h(a)), g(c))) --> (z === c) and (g(h(x)) === g(h(a)))) [tauto-imp-tranz,3,5] ;

(7)((g(h(x)) === g(h(a))) --> (h(x) === h(a))) [axiom-no-confusion-II] ;

(8)((z === c) and (g(h(x)) === g(h(a))) --> (z === c) and (h(x) === h(a))) [tauto-context,7] ;

(9)((f(g(h(x)), g(z)) === f(g(h(a)), g(c))) --> (z === c) and (h(x) === h(a))) [tauto-imp-tranz,6,8] ;

(10)((h(x) === h(a)) --> (x === a)) [axiom-no-confusion-II] ;

(11)((z === c) and (h(x) === h(a)) --> (x === a) and (z === c)) [tauto-context,10] ;

(12)((f(g(h(x)), g(z)) === f(g(h(a)), g(c))) --> (x === a) and (z === c)) [tauto-imp-tranz,9,11] ;

(13)(f(g(h(x)), g(z)) and (f(g(h(x)), g(z)) === f(g(h(a)), g(c))) --> f(g(h(x)), g(z)) and (x === a) and (z === c)) [tauto-context,12] ;

(14)(f(g(h(a)), g(c)) and f(g(h(x)), g(z)) --> f(g(h(x)), g(z)) and (f(g(h(x)), g(z)) === f(g(h(a)), g(c)))) [axiom-term-eq-intro] ;

(15)(f(g(h(a)), g(c)) and f(g(h(x)), g(z)) --> f(g(h(x)), g(z)) and (x === a) and (z === c)) [tauto-imp-tranz,14,13] ;
[1m[95mProof of:[94m (f(g(h(x)), g(z)) and (x === a) and (z === c) --> f(g(h(a)), g(c)) and f(g(h(x)), g(z)))  [0m
(1)((x === a) and (z === c) --> (x === a) and (z === c)) [tauto-imp-refl] ;

(2)((x === a) --> (h(x) === h(a))) [axiom-functional] ;

(3)((x === a) and (z === c) --> (z === c) and (h(x) === h(a))) [tauto-context,2] ;

(4)((x === a) and (z === c) --> (z === c) and (h(x) === h(a))) [tauto-imp-tranz,1,3] ;

(5)((h(x) === h(a)) --> (g(h(x)) === g(h(a)))) [axiom-functional] ;

(6)((z === c) and (h(x) === h(a)) --> (z === c) and (g(h(x)) === g(h(a)))) [tauto-context,5] ;

(7)((x === a) and (z === c) --> (z === c) and (g(h(x)) === g(h(a)))) [tauto-imp-tranz,4,6] ;

(8)((z === c) --> (g(z) === g(c))) [axiom-functional] ;

(9)((z === c) and (g(h(x)) === g(h(a))) --> (g(z) === g(c)) and (g(h(x)) === g(h(a)))) [tauto-context,8] ;

(10)((x === a) and (z === c) --> (g(z) === g(c)) and (g(h(x)) === g(h(a)))) [tauto-imp-tranz,7,9] ;

(11)((g(z) === g(c)) and (g(h(x)) === g(h(a))) --> (f(g(h(x)), g(z)) === f(g(h(a)), g(c)))) [axiom-functional] ;

(12)((x === a) and (z === c) --> (f(g(h(x)), g(z)) === f(g(h(a)), g(c)))) [tauto-imp-tranz,10,11] ;

(13)(f(g(h(x)), g(z)) and (x === a) and (z === c) --> f(g(h(x)), g(z)) and (f(g(h(x)), g(z)) === f(g(h(a)), g(c)))) [tauto-context,12] ;

(14)(f(g(h(x)), g(z)) and (f(g(h(x)), g(z)) === f(g(h(a)), g(c))) --> f(g(h(a)), g(c)) and f(g(h(x)), g(z))) [axiom-term-eq-elim] ;

(15)(f(g(h(x)), g(z)) and (x === a) and (z === c) --> f(g(h(a)), g(c)) and f(g(h(x)), g(z))) [tauto-imp-tranz,13,14] ;
The proof generated for input: 11_multiple_levels.in has 30 lines and took 0.041 seconds.
