[1m[95mProof of:[94m (cons(x2, cons(succ(x2), l2)) and cons(succ(x1), cons(zero, l1)) --> ff and cons(succ(x1), cons(zero, l1)))  [0m
(1)((cons(succ(x1), cons(zero, l1)) === cons(x2, cons(succ(x2), l2))) --> (cons(succ(x1), cons(zero, l1)) === cons(x2, cons(succ(x2), l2)))) [tauto-imp-refl] ;

(2)((cons(succ(x1), cons(zero, l1)) === cons(x2, cons(succ(x2), l2))) --> (succ(x1) === x2) and (cons(zero, l1) === cons(succ(x2), l2))) [axiom-no-confusion-II] ;

(3)((cons(succ(x1), cons(zero, l1)) === cons(x2, cons(succ(x2), l2))) --> (succ(x1) === x2) and (cons(zero, l1) === cons(succ(x2), l2))) [tauto-imp-tranz,1,2] ;

(4)((cons(zero, l1) === cons(succ(x2), l2)) --> (zero === succ(x2)) and (l1 === l2)) [axiom-no-confusion-II] ;

(5)((succ(x1) === x2) and (cons(zero, l1) === cons(succ(x2), l2)) --> (zero === succ(x2)) and (l1 === l2) and (succ(x1) === x2)) [tauto-context,4] ;

(6)((cons(succ(x1), cons(zero, l1)) === cons(x2, cons(succ(x2), l2))) --> (zero === succ(x2)) and (l1 === l2) and (succ(x1) === x2)) [tauto-imp-tranz,3,5] ;

(7)((succ(x1) === x2) --> (x2 === succ(x1))) [equality-symmetry] ;

(8)((zero === succ(x2)) and (l1 === l2) and (succ(x1) === x2) --> (zero === succ(x2)) and (x2 === succ(x1)) and (l1 === l2)) [tauto-context,7] ;

(9)((cons(succ(x1), cons(zero, l1)) === cons(x2, cons(succ(x2), l2))) --> (zero === succ(x2)) and (x2 === succ(x1)) and (l1 === l2)) [tauto-imp-tranz,6,8] ;

(10)((zero === succ(x2)) and (x2 === succ(x1)) and (l1 === l2) --> (zero === succ(succ(x1))) and (l1 === l2)) [equality-elimination] ;

(11)((zero === succ(x2)) and (x2 === succ(x1)) and (x2 === succ(x1)) and (l1 === l2) --> (zero === succ(succ(x1))) and (x2 === succ(x1)) and (l1 === l2)) [tauto-context,10] ;

(12)((x2 === succ(x1)) --> (x2 === succ(x1)) and (x2 === succ(x1))) [tauto-and-expand] ;

(13)((zero === succ(x2)) and (x2 === succ(x1)) and (l1 === l2) --> (zero === succ(x2)) and (x2 === succ(x1)) and (x2 === succ(x1)) and (l1 === l2)) [tauto-context,12] ;

(14)((zero === succ(x2)) and (x2 === succ(x1)) and (l1 === l2) --> (zero === succ(succ(x1))) and (x2 === succ(x1)) and (l1 === l2)) [tauto-imp-tranz,13,11] ;

(15)((cons(succ(x1), cons(zero, l1)) === cons(x2, cons(succ(x2), l2))) --> (zero === succ(succ(x1))) and (x2 === succ(x1)) and (l1 === l2)) [tauto-imp-tranz,9,14] ;

(16)((zero === succ(succ(x1))) --> ff) [axiom-no-confusion-I] ;

(17)((zero === succ(succ(x1))) and (x2 === succ(x1)) and (l1 === l2) --> ff and (x2 === succ(x1)) and (l1 === l2)) [tauto-context,16] ;

(18)(ff and (x2 === succ(x1)) and (l1 === l2) --> ff) [tauto-and-bot] ;

(19)((zero === succ(succ(x1))) and (x2 === succ(x1)) and (l1 === l2) --> ff) [tauto-imp-tranz,17,18] ;

(20)((cons(succ(x1), cons(zero, l1)) === cons(x2, cons(succ(x2), l2))) --> ff) [tauto-imp-tranz,15,19] ;

(21)(cons(succ(x1), cons(zero, l1)) and (cons(succ(x1), cons(zero, l1)) === cons(x2, cons(succ(x2), l2))) --> ff and cons(succ(x1), cons(zero, l1))) [tauto-context,20] ;

(22)(cons(x2, cons(succ(x2), l2)) and cons(succ(x1), cons(zero, l1)) --> cons(succ(x1), cons(zero, l1)) and (cons(succ(x1), cons(zero, l1)) === cons(x2, cons(succ(x2), l2)))) [axiom-term-eq-intro] ;

(23)(cons(x2, cons(succ(x2), l2)) and cons(succ(x1), cons(zero, l1)) --> ff and cons(succ(x1), cons(zero, l1))) [tauto-imp-tranz,22,21] ;
[1m[95mProof of:[94m (ff and cons(succ(x1), cons(zero, l1)) --> cons(x2, cons(succ(x2), l2)) and cons(succ(x1), cons(zero, l1)))  [0m
(1)(ff --> ff) [tauto-imp-refl] ;

(2)(ff --> (zero === succ(succ(x1))) and (x2 === succ(x1)) and (l1 === l2)) [tauto-bot-elim] ;

(3)(ff --> (zero === succ(succ(x1))) and (x2 === succ(x1)) and (l1 === l2)) [tauto-imp-tranz,1,2] ;

(4)((zero === succ(succ(x1))) and (l1 === l2) --> (zero === succ(x2)) and (x2 === succ(x1)) and (l1 === l2)) [equality-introduction1] ;

(5)((zero === succ(succ(x1))) and (x2 === succ(x1)) and (l1 === l2) --> (zero === succ(x2)) and (x2 === succ(x1)) and (x2 === succ(x1)) and (l1 === l2)) [tauto-context,4] ;

(6)((x2 === succ(x1)) and (x2 === succ(x1)) --> (x2 === succ(x1))) [tauto-and-simpl] ;

(7)((zero === succ(x2)) and (x2 === succ(x1)) and (x2 === succ(x1)) and (l1 === l2) --> (zero === succ(x2)) and (x2 === succ(x1)) and (l1 === l2)) [tauto-context,6] ;

(8)((zero === succ(succ(x1))) and (x2 === succ(x1)) and (l1 === l2) --> (zero === succ(x2)) and (x2 === succ(x1)) and (l1 === l2)) [tauto-imp-tranz,5,7] ;

(9)(ff --> (zero === succ(x2)) and (x2 === succ(x1)) and (l1 === l2)) [tauto-imp-tranz,3,8] ;

(10)((x2 === succ(x1)) --> (succ(x1) === x2)) [equality-symmetry] ;

(11)((zero === succ(x2)) and (x2 === succ(x1)) and (l1 === l2) --> (zero === succ(x2)) and (l1 === l2) and (succ(x1) === x2)) [tauto-context,10] ;

(12)(ff --> (zero === succ(x2)) and (l1 === l2) and (succ(x1) === x2)) [tauto-imp-tranz,9,11] ;

(13)((zero === succ(x2)) and (l1 === l2) --> (cons(zero, l1) === cons(succ(x2), l2))) [axiom-functional] ;

(14)((zero === succ(x2)) and (l1 === l2) and (succ(x1) === x2) --> (succ(x1) === x2) and (cons(zero, l1) === cons(succ(x2), l2))) [tauto-context,13] ;

(15)(ff --> (succ(x1) === x2) and (cons(zero, l1) === cons(succ(x2), l2))) [tauto-imp-tranz,12,14] ;

(16)((succ(x1) === x2) and (cons(zero, l1) === cons(succ(x2), l2)) --> (cons(succ(x1), cons(zero, l1)) === cons(x2, cons(succ(x2), l2)))) [axiom-functional] ;

(17)(ff --> (cons(succ(x1), cons(zero, l1)) === cons(x2, cons(succ(x2), l2)))) [tauto-imp-tranz,15,16] ;

(18)(ff and cons(succ(x1), cons(zero, l1)) --> cons(succ(x1), cons(zero, l1)) and (cons(succ(x1), cons(zero, l1)) === cons(x2, cons(succ(x2), l2)))) [tauto-context,17] ;

(19)(cons(succ(x1), cons(zero, l1)) and (cons(succ(x1), cons(zero, l1)) === cons(x2, cons(succ(x2), l2))) --> cons(x2, cons(succ(x2), l2)) and cons(succ(x1), cons(zero, l1))) [axiom-term-eq-elim] ;

(20)(ff and cons(succ(x1), cons(zero, l1)) --> cons(x2, cons(succ(x2), l2)) and cons(succ(x1), cons(zero, l1))) [tauto-imp-tranz,18,19] ;
The proof generated for input: 13_paper_cons_succ.in has 43 lines and took 0.042 seconds.
