[1m[95mProof of:[94m (f(a, z) and f(x, a) --> f(x, a) and (x === a) and (z === a))  [0m
(1)((f(x, a) === f(a, z)) --> (f(x, a) === f(a, z))) [tauto-imp-refl] ;

(2)((f(x, a) === f(a, z)) --> (a === z) and (x === a)) [axiom-no-confusion-II] ;

(3)((f(x, a) === f(a, z)) --> (a === z) and (x === a)) [tauto-imp-tranz,1,2] ;

(4)((a === z) --> (z === a)) [equality-symmetry] ;

(5)((a === z) and (x === a) --> (x === a) and (z === a)) [tauto-context,4] ;

(6)((f(x, a) === f(a, z)) --> (x === a) and (z === a)) [tauto-imp-tranz,3,5] ;

(7)(f(x, a) and (f(x, a) === f(a, z)) --> f(x, a) and (x === a) and (z === a)) [tauto-context,6] ;

(8)(f(a, z) and f(x, a) --> f(x, a) and (f(x, a) === f(a, z))) [axiom-term-eq-intro] ;

(9)(f(a, z) and f(x, a) --> f(x, a) and (x === a) and (z === a)) [tauto-imp-tranz,8,7] ;
[1m[95mProof of:[94m (f(x, a) and (x === a) and (z === a) --> f(a, z) and f(x, a))  [0m
(1)((x === a) and (z === a) --> (x === a) and (z === a)) [tauto-imp-refl] ;

(2)((z === a) --> (a === z)) [equality-symmetry] ;

(3)((x === a) and (z === a) --> (a === z) and (x === a)) [tauto-context,2] ;

(4)((x === a) and (z === a) --> (a === z) and (x === a)) [tauto-imp-tranz,1,3] ;

(5)((a === z) and (x === a) --> (f(x, a) === f(a, z))) [axiom-functional] ;

(6)((x === a) and (z === a) --> (f(x, a) === f(a, z))) [tauto-imp-tranz,4,5] ;

(7)(f(x, a) and (x === a) and (z === a) --> f(x, a) and (f(x, a) === f(a, z))) [tauto-context,6] ;

(8)(f(x, a) and (f(x, a) === f(a, z)) --> f(a, z) and f(x, a)) [axiom-term-eq-elim] ;

(9)(f(x, a) and (x === a) and (z === a) --> f(a, z) and f(x, a)) [tauto-imp-tranz,7,8] ;
The proof generated for input: 7_dec_simpl.in has 18 lines and took 0.04 seconds.
